CMD iwbcurv.py --mole C:\Users\dap21\gccom-mole-experiments-2026\mole\src\octave --beat 9999 --Lx 6000 --nx 256 --nz 101 --ratio 0.6 --nper 20 --spp 120 --lsl 0.20 --taus 49.87 --win 133 1000 --alpha 1e-6 --forcegrid

=== iwbcurv  omega/N=0.6  256x101  20 periods  Lx=6.0 km  D0=1000 m  k=2  FULLY CURVILINEAR ===
  theory: nonhydrostatic 36.87 deg (Eq.30)   hydrostatic 30.96 deg (Eq.31)
  window: [133, 1000] m  (bounce = 1333 m)
  [00:00] generating grid (TFI, position-dependent beta) ...
  [00:14] jacobian  : ALL +   |J| 175.9 .. 405
  [00:14] grid angle: 61.7 - 118.3 deg  (90 = orthogonal)
  [00:14] xi-line wander top-to-bottom: 147.7 m  -> FULLY CURVILINEAR
  [00:14] r_x       : max 0.709  median 0.000  OK (<1)
  [00:14] resolution: dx=23.5 m  dz=10.0 m  aspect 0.425
  [00:14] lepticity : h_e=551 m  lambda=dx/h_e=0.0427  Gamma~0.0018  OK (<<1)
  [00:14] beam      : slope 0.7500, bounce 1.33 km, 4.5 bounces across the domain
  [00:15] MOLE jacobian2D on the transposed grid: ALL +
  [00:18] bottom/top BC: w = (z_xi/x_xi) u   |slope| max 0.3176
  [00:18] C: 510 bed rows, 1530 nnz; agrees with bc_residual loop to 2.22e-16
  [00:18] D*G on the bed ghost rows: max|entry| 0.00e+00 (empty, as expected)
  [00:18] constraint row equilibration: x7.97e-02 .. 8.68e-02 (cancels out of the solution; check with --bedeq unit)
  [00:18] L: n=26214 nnz=474062 (18.1/row) bedmode=constraint, factorising ...
  [00:18] splu 0.4s
  [00:18] static projection test: div 2.39e-12 OK   bed 4.80e-12 OK
  [00:18] dt=12.47 s  (2400 steps, 120/period)  T=1496.0 s
  [00:18] sponge: Lsl=1200 m (0.20 Lx)  taus=49.9 s  taus/T=0.0333  dt/taus=0.25 OK
    [00:18 elapsed] time loop: 2400 steps
    [00:23] consistency: div 4.29e-17  bed 6.94e-16   BOTH OK
    [00:23] t/T=  4.0  max|u|=7.655e-03  max|w|=3.607e-03
    [00:29] consistency: div 4.28e-17  bed 7.71e-16   BOTH OK
    [00:29] t/T=  8.0  max|u|=7.879e-03  max|w|=3.363e-03
    [00:34] consistency: div 4.25e-17  bed 6.87e-16   BOTH OK
    [00:34] t/T= 12.0  max|u|=7.557e-03  max|w|=3.354e-03
    [00:39] consistency: div 4.25e-17  bed 6.94e-16   BOTH OK
    [00:39] t/T= 16.0  max|u|=7.347e-03  max|w|=3.334e-03
    [00:45] consistency: div 4.28e-17  bed 7.58e-16   BOTH OK
    [00:45] t/T= 20.0  max|u|=7.362e-03  max|w|=3.337e-03

  fit over |x| in [133,1000] m, 88 points, rms residual 4.9 m
  field: max/mean 12.5  (>>5 means a coherent beam; ~5 means reflections dominate)
  BEAM ANGLE  measured 38.82   nonhydrostatic 36.87   hydrostatic 30.96   error +1.95 deg (+5.3%)

  total wall time 00:45

