CMD iwbcurv.py --mole C:\Users\dap21\gccom-mole-experiments-2026\mole\src\octave --beat 9999 --Lx 6000 --nx 384 --nz 151 --ratio 0.6 --nper 20 --spp 120 --lsl 0.20 --taus 49.87 --win 133 1000 --alpha 1e-6 --forcegrid

=== iwbcurv  omega/N=0.6  384x151  20 periods  Lx=6.0 km  D0=1000 m  k=2  FULLY CURVILINEAR ===
  theory: nonhydrostatic 36.87 deg (Eq.30)   hydrostatic 30.96 deg (Eq.31)
  window: [133, 1000] m  (bounce = 1333 m)
  [00:00] generating grid (TFI, position-dependent beta) ...
  [00:28] jacobian  : ALL +   |J| 78.04 .. 180.3
  [00:28] grid angle: 61.7 - 118.3 deg  (90 = orthogonal)
  [00:28] xi-line wander top-to-bottom: 147.7 m  -> FULLY CURVILINEAR
  [00:28] r_x       : max 0.755  median 0.000  OK (<1)
  [00:28] resolution: dx=15.7 m  dz=6.7 m  aspect 0.426
  [00:28] lepticity : h_e=551 m  lambda=dx/h_e=0.0284  Gamma~0.0008  OK (<<1)
  [00:28] beam      : slope 0.7500, bounce 1.33 km, 4.5 bounces across the domain
  [00:28] MOLE jacobian2D on the transposed grid: ALL +
  [00:31] bottom/top BC: w = (z_xi/x_xi) u   |slope| max 0.3509
  [00:31] C: 766 bed rows, 2298 nnz; agrees with bc_residual loop to 2.22e-16
  [00:31] D*G on the bed ghost rows: max|entry| 0.00e+00 (empty, as expected)
  [00:31] constraint row equilibration: x1.18e-01 .. 1.30e-01 (cancels out of the solution; check with --bedeq unit)
  [00:31] L: n=58520 nnz=1087629 (18.6/row) bedmode=constraint, factorising ...
  [00:32] splu 1.3s
  [00:33] static projection test: div 1.84e-12 OK   bed 3.39e-12 OK
  [00:33] dt=12.47 s  (2400 steps, 120/period)  T=1496.0 s
  [00:33] sponge: Lsl=1200 m (0.20 Lx)  taus=49.9 s  taus/T=0.0333  dt/taus=0.25 OK
    [00:33 elapsed] time loop: 2400 steps
    [00:47] consistency: div 9.26e-17  bed 6.86e-16   BOTH OK
    [00:47] t/T=  4.0  max|u|=1.100e-02  max|w|=3.621e-03
    [01:04] consistency: div 9.12e-17  bed 8.13e-16   BOTH OK
    [01:04] t/T=  8.0  max|u|=8.821e-03  max|w|=3.864e-03
    [01:24] consistency: div 9.15e-17  bed 8.49e-16   BOTH OK
    [01:24] t/T= 12.0  max|u|=8.986e-03  max|w|=3.724e-03
    [01:45] consistency: div 9.16e-17  bed 8.86e-16   BOTH OK
    [01:45] t/T= 16.0  max|u|=8.796e-03  max|w|=3.692e-03
    [02:07] consistency: div 9.10e-17  bed 9.96e-16   BOTH OK
    [02:07] t/T= 20.0  max|u|=8.729e-03  max|w|=3.743e-03

  fit over |x| in [133,1000] m, 134 points, rms residual 2.3 m
  field: max/mean 16.3  (>>5 means a coherent beam; ~5 means reflections dominate)
  BEAM ANGLE  measured 37.47   nonhydrostatic 36.87   hydrostatic 30.96   error +0.60 deg (+1.6%)

  total wall time 02:07

