CMD iwbcurv.py --mole C:\Users\dap21\gccom-mole-experiments-2026\mole\src\octave --beat 9999 --Lx 6000 --nx 512 --nz 201 --ratio 0.6 --nper 20 --spp 120 --lsl 0.20 --taus 49.87 --win 133 1000 --alpha 1e-6 --forcegrid

=== iwbcurv  omega/N=0.6  512x201  20 periods  Lx=6.0 km  D0=1000 m  k=2  FULLY CURVILINEAR ===
  theory: nonhydrostatic 36.87 deg (Eq.30)   hydrostatic 30.96 deg (Eq.31)
  window: [133, 1000] m  (bounce = 1333 m)
  [00:00] generating grid (TFI, position-dependent beta) ...
  [01:28] jacobian  : ALL +   |J| 43.86 .. 101.5
  [01:28] grid angle: 61.7 - 118.3 deg  (90 = orthogonal)
  [01:28] xi-line wander top-to-bottom: 147.7 m  -> FULLY CURVILINEAR
  [01:28] r_x       : max 0.776  median 0.000  OK (<1)
  [01:28] resolution: dx=11.7 m  dz=5.0 m  aspect 0.426
  [01:28] lepticity : h_e=551 m  lambda=dx/h_e=0.0213  Gamma~0.0005  OK (<<1)
  [01:28] beam      : slope 0.7500, bounce 1.33 km, 4.5 bounces across the domain
  [01:29] MOLE jacobian2D on the transposed grid: ALL +
  [01:37] bottom/top BC: w = (z_xi/x_xi) u   |slope| max 0.3795
  [01:37] C: 1022 bed rows, 3066 nnz; agrees with bc_residual loop to 2.22e-16
  [01:37] D*G on the bed ghost rows: max|entry| 0.00e+00 (empty, as expected)
  [01:37] constraint row equilibration: x1.57e-01 .. 1.73e-01 (cancels out of the solution; check with --bedeq unit)
  [01:37] L: n=103626 nnz=1901276 (18.3/row) bedmode=constraint, factorising ...
  [01:44] splu 6.6s
  [01:44] static projection test: div 6.42e-12 OK   bed 2.01e-11 OK
  [01:44] dt=12.47 s  (2400 steps, 120/period)  T=1496.0 s
  [01:44] sponge: Lsl=1200 m (0.20 Lx)  taus=49.9 s  taus/T=0.0333  dt/taus=0.25 OK
    [01:44 elapsed] time loop: 2400 steps
    [02:27] consistency: div 1.80e-16  bed 9.41e-16   BOTH OK
    [02:27] t/T=  4.0  max|u|=1.217e-02  max|w|=4.019e-03
    [03:11] consistency: div 1.80e-16  bed 9.65e-16   BOTH OK
    [03:11] t/T=  8.0  max|u|=1.035e-02  max|w|=4.206e-03
    [03:54] consistency: div 1.79e-16  bed 1.00e-15   BOTH OK
    [03:54] t/T= 12.0  max|u|=9.957e-03  max|w|=4.240e-03
    [04:37] consistency: div 1.79e-16  bed 1.07e-15   BOTH OK
    [04:37] t/T= 16.0  max|u|=1.084e-02  max|w|=3.813e-03
    [05:21] consistency: div 1.79e-16  bed 1.39e-15   BOTH OK
    [05:21] t/T= 20.0  max|u|=1.015e-02  max|w|=3.812e-03

  fit over |x| in [133,1000] m, 180 points, rms residual 3.0 m
  field: max/mean 18.4  (>>5 means a coherent beam; ~5 means reflections dominate)
  BEAM ANGLE  measured 36.89   nonhydrostatic 36.87   hydrostatic 30.96   error +0.02 deg (+0.0%)

  total wall time 05:21

