CMD iwbcurv.py --mole C:\Users\dap21\gccom-mole-experiments-2026\mole\src\octave --beat 9999 --Lx 6000 --nx 640 --nz 251 --ratio 0.6 --nper 20 --spp 120 --lsl 0.20 --taus 49.87 --win 133 1000 --alpha 1e-4 --forcegrid

=== iwbcurv  omega/N=0.6  640x251  20 periods  Lx=6.0 km  D0=1000 m  k=2  FULLY CURVILINEAR ===
  theory: nonhydrostatic 36.87 deg (Eq.30)   hydrostatic 30.96 deg (Eq.31)
  window: [133, 1000] m  (bounce = 1333 m)
  [00:00] generating grid (TFI, position-dependent beta) ...
  [02:30] jacobian  : ALL +   |J| 28.06 .. 64.98
  [02:30] grid angle: 61.7 - 118.3 deg  (90 = orthogonal)
  [02:30] xi-line wander top-to-bottom: 147.7 m  -> FULLY CURVILINEAR
  [02:30] r_x       : max 0.780  median 0.000  OK (<1)
  [02:30] resolution: dx=9.4 m  dz=4.0 m  aspect 0.426
  [02:30] lepticity : h_e=551 m  lambda=dx/h_e=0.0170  Gamma~0.0003  OK (<<1)
  [02:30] beam      : slope 0.7500, bounce 1.33 km, 4.5 bounces across the domain
  [02:32] MOLE jacobian2D on the transposed grid: ALL +
  [02:41] bottom/top BC: w = (z_xi/x_xi) u   |slope| max 0.3894
  [02:41] C: 1278 bed rows, 3834 nnz; agrees with bc_residual loop to 5.55e-17
  [02:41] D*G on the bed ghost rows: max|entry| 0.00e+00 (empty, as expected)
  [02:41] constraint row equilibration: x1.96e-01 .. 2.16e-01 (cancels out of the solution; check with --bedeq unit)
  [02:41] L: n=161532 nnz=2951702 (18.3/row) bedmode=constraint, factorising ...
  [02:53] splu 11.2s
  [02:53] static projection test: div 6.09e-15 OK   bed 1.58e-14 OK
  [02:53] dt=12.47 s  (2400 steps, 120/period)  T=1496.0 s
  [02:53] sponge: Lsl=1200 m (0.20 Lx)  taus=49.9 s  taus/T=0.0333  dt/taus=0.25 OK
    [02:53 elapsed] time loop: 2400 steps
    [04:10] consistency: div 3.01e-16  bed 2.02e-15   BOTH OK
    [04:10] t/T=  4.0  max|u|=1.126e-02  max|w|=4.606e-03
    [05:27] consistency: div 2.99e-16  bed 1.23e-15   BOTH OK
    [05:27] t/T=  8.0  max|u|=1.417e-02  max|w|=4.660e-03
    [06:44] consistency: div 2.98e-16  bed 1.45e-15   BOTH OK
    [06:44] t/T= 12.0  max|u|=1.238e-02  max|w|=4.021e-03
    [07:45] consistency: div 2.99e-16  bed 1.89e-15   BOTH OK
    [07:45] t/T= 16.0  max|u|=1.203e-02  max|w|=4.315e-03
    [08:36] consistency: div 2.98e-16  bed 2.22e-15   BOTH OK
    [08:36] t/T= 20.0  max|u|=1.119e-02  max|w|=4.365e-03

  fit over |x| in [133,1000] m, 226 points, rms residual 2.6 m
  field: max/mean 19.2  (>>5 means a coherent beam; ~5 means reflections dominate)
  BEAM ANGLE  measured 36.65   nonhydrostatic 36.87   hydrostatic 30.96   error -0.22 deg (-0.6%)

  total wall time 08:36

