CMD iwbcurv.py --mole C:\Users\dap21\gccom-mole-experiments-2026\mole\src\octave --beat 9999 --Lx 6000 --nx 384 --nz 151 --ratio 0.8 --nper 20 --spp 120 --lsl 0.20 --taus 37.40 --win 75 562 --alpha 1e-4 --forcegrid

=== iwbcurv  omega/N=0.8  384x151  20 periods  Lx=6.0 km  D0=1000 m  k=2  FULLY CURVILINEAR ===
  theory: nonhydrostatic 53.13 deg (Eq.30)   hydrostatic 38.66 deg (Eq.31)
  window: [75, 562] m  (bounce = 750 m)
  [00:00] generating grid (TFI, position-dependent beta) ...
  [00:29] jacobian  : ALL +   |J| 78.04 .. 180.3
  [00:29] grid angle: 61.7 - 118.3 deg  (90 = orthogonal)
  [00:29] xi-line wander top-to-bottom: 147.7 m  -> FULLY CURVILINEAR
  [00:29] r_x       : max 0.755  median 0.000  OK (<1)
  [00:29] resolution: dx=15.7 m  dz=6.7 m  aspect 0.426
  [00:29] lepticity : h_e=551 m  lambda=dx/h_e=0.0284  Gamma~0.0008  OK (<<1)
  [00:29] beam      : slope 1.3333, bounce 0.75 km, 8.0 bounces across the domain
  [00:29] MOLE jacobian2D on the transposed grid: ALL +
  [00:32] bottom/top BC: w = (z_xi/x_xi) u   |slope| max 0.3509
  [00:32] C: 766 bed rows, 2298 nnz; agrees with bc_residual loop to 2.22e-16
  [00:32] D*G on the bed ghost rows: max|entry| 0.00e+00 (empty, as expected)
  [00:32] constraint row equilibration: x1.18e-01 .. 1.30e-01 (cancels out of the solution; check with --bedeq unit)
  [00:32] L: n=58520 nnz=1087629 (18.6/row) bedmode=constraint, factorising ...
  [00:34] splu 1.4s
  [00:34] static projection test: div 1.87e-14 OK   bed 2.76e-14 OK
  [00:34] dt=9.35 s  (2400 steps, 120/period)  T=1122.0 s
  [00:34] sponge: Lsl=1200 m (0.20 Lx)  taus=37.4 s  taus/T=0.0333  dt/taus=0.25 OK
    [00:34 elapsed] time loop: 2400 steps
    [00:48] consistency: div 9.04e-17  bed 1.33e-15   BOTH OK
    [00:48] t/T=  4.0  max|u|=7.382e-03  max|w|=3.268e-03
    [01:03] consistency: div 9.04e-17  bed 1.51e-15   BOTH OK
    [01:03] t/T=  8.0  max|u|=6.714e-03  max|w|=3.099e-03
    [01:18] consistency: div 9.04e-17  bed 1.25e-15   BOTH OK
    [01:18] t/T= 12.0  max|u|=6.775e-03  max|w|=3.049e-03
    [01:33] consistency: div 8.97e-17  bed 1.31e-15   BOTH OK
    [01:33] t/T= 16.0  max|u|=6.592e-03  max|w|=3.124e-03
    [01:49] consistency: div 8.99e-17  bed 1.59e-15   BOTH OK
    [01:49] t/T= 20.0  max|u|=6.290e-03  max|w|=3.047e-03

  fit over |x| in [75,562] m, 78 points, rms residual 3.8 m
  field: max/mean 12.8  (>>5 means a coherent beam; ~5 means reflections dominate)
  BEAM ANGLE  measured 53.14   nonhydrostatic 53.13   hydrostatic 38.66   error +0.01 deg (+0.0%)

  total wall time 01:49

