CMD iwbcurv.py --mole C:\Users\dap21\gccom-mole-experiments-2026\mole\src\octave --beat 9999 --Lx 6000 --nx 384 --nz 151 --ratio 0.8 --nper 20 --spp 120 --lsl 0.20 --taus 37.40 --win 75 562 --alpha 1e-6 --forcegrid

=== iwbcurv  omega/N=0.8  384x151  20 periods  Lx=6.0 km  D0=1000 m  k=2  FULLY CURVILINEAR ===
  theory: nonhydrostatic 53.13 deg (Eq.30)   hydrostatic 38.66 deg (Eq.31)
  window: [75, 562] m  (bounce = 750 m)
  [00:00] generating grid (TFI, position-dependent beta) ...
  [00:27] jacobian  : ALL +   |J| 78.04 .. 180.3
  [00:27] grid angle: 61.7 - 118.3 deg  (90 = orthogonal)
  [00:27] xi-line wander top-to-bottom: 147.7 m  -> FULLY CURVILINEAR
  [00:27] r_x       : max 0.755  median 0.000  OK (<1)
  [00:27] resolution: dx=15.7 m  dz=6.7 m  aspect 0.426
  [00:27] lepticity : h_e=551 m  lambda=dx/h_e=0.0284  Gamma~0.0008  OK (<<1)
  [00:27] beam      : slope 1.3333, bounce 0.75 km, 8.0 bounces across the domain
  [00:27] MOLE jacobian2D on the transposed grid: ALL +
  [00:31] bottom/top BC: w = (z_xi/x_xi) u   |slope| max 0.3509
  [00:31] C: 766 bed rows, 2298 nnz; agrees with bc_residual loop to 2.22e-16
  [00:31] D*G on the bed ghost rows: max|entry| 0.00e+00 (empty, as expected)
  [00:31] constraint row equilibration: x1.18e-01 .. 1.30e-01 (cancels out of the solution; check with --bedeq unit)
  [00:31] L: n=58520 nnz=1087629 (18.6/row) bedmode=constraint, factorising ...
  [00:32] splu 1.6s
  [00:32] static projection test: div 1.84e-12 OK   bed 3.39e-12 OK
  [00:32] dt=9.35 s  (2400 steps, 120/period)  T=1122.0 s
  [00:32] sponge: Lsl=1200 m (0.20 Lx)  taus=37.4 s  taus/T=0.0333  dt/taus=0.25 OK
    [00:32 elapsed] time loop: 2400 steps
    [00:48] consistency: div 9.25e-17  bed 1.11e-15   BOTH OK
    [00:48] t/T=  4.0  max|u|=7.054e-03  max|w|=3.333e-03
    [01:03] consistency: div 9.25e-17  bed 8.84e-16   BOTH OK
    [01:03] t/T=  8.0  max|u|=6.357e-03  max|w|=3.172e-03
    [01:19] consistency: div 9.23e-17  bed 1.31e-15   BOTH OK
    [01:19] t/T= 12.0  max|u|=6.334e-03  max|w|=3.089e-03
    [01:34] consistency: div 9.21e-17  bed 1.31e-15   BOTH OK
    [01:34] t/T= 16.0  max|u|=6.195e-03  max|w|=3.199e-03
    [01:48] consistency: div 9.21e-17  bed 1.35e-15   BOTH OK
    [01:48] t/T= 20.0  max|u|=5.931e-03  max|w|=3.122e-03

  fit over |x| in [75,562] m, 78 points, rms residual 4.4 m
  field: max/mean 12.9  (>>5 means a coherent beam; ~5 means reflections dominate)
  BEAM ANGLE  measured 53.14   nonhydrostatic 53.13   hydrostatic 38.66   error +0.01 deg (+0.0%)

  total wall time 01:48

