CMD iwbcurv.py --mole C:\Users\dap21\gccom-mole-experiments-2026\mole\src\octave --beat 9999 --Lx 6000 --nx 512 --nz 201 --ratio 0.8 --nper 20 --spp 120 --lsl 0.20 --taus 37.40 --win 75 562 --alpha 1e-4 --forcegrid

=== iwbcurv  omega/N=0.8  512x201  20 periods  Lx=6.0 km  D0=1000 m  k=2  FULLY CURVILINEAR ===
  theory: nonhydrostatic 53.13 deg (Eq.30)   hydrostatic 38.66 deg (Eq.31)
  window: [75, 562] m  (bounce = 750 m)
  [00:00] generating grid (TFI, position-dependent beta) ...
  [00:43] jacobian  : ALL +   |J| 43.86 .. 101.5
  [00:43] grid angle: 61.7 - 118.3 deg  (90 = orthogonal)
  [00:43] xi-line wander top-to-bottom: 147.7 m  -> FULLY CURVILINEAR
  [00:43] r_x       : max 0.776  median 0.000  OK (<1)
  [00:43] resolution: dx=11.7 m  dz=5.0 m  aspect 0.426
  [00:43] lepticity : h_e=551 m  lambda=dx/h_e=0.0213  Gamma~0.0005  OK (<<1)
  [00:43] beam      : slope 1.3333, bounce 0.75 km, 8.0 bounces across the domain
  [00:44] MOLE jacobian2D on the transposed grid: ALL +
  [00:47] bottom/top BC: w = (z_xi/x_xi) u   |slope| max 0.3795
  [00:47] C: 1022 bed rows, 3066 nnz; agrees with bc_residual loop to 2.22e-16
  [00:47] D*G on the bed ghost rows: max|entry| 0.00e+00 (empty, as expected)
  [00:47] constraint row equilibration: x1.57e-01 .. 1.73e-01 (cancels out of the solution; check with --bedeq unit)
  [00:47] L: n=103626 nnz=1901276 (18.3/row) bedmode=constraint, factorising ...
  [00:50] splu 3.3s
  [00:50] static projection test: div 6.27e-14 OK   bed 1.92e-13 OK
  [00:50] dt=9.35 s  (2400 steps, 120/period)  T=1122.0 s
  [00:50] sponge: Lsl=1200 m (0.20 Lx)  taus=37.4 s  taus/T=0.0333  dt/taus=0.25 OK
    [00:50 elapsed] time loop: 2400 steps
    [01:18] consistency: div 1.73e-16  bed 1.50e-15   BOTH OK
    [01:18] t/T=  4.0  max|u|=9.245e-03  max|w|=3.351e-03
    [01:46] consistency: div 1.74e-16  bed 1.83e-15   BOTH OK
    [01:46] t/T=  8.0  max|u|=7.548e-03  max|w|=3.242e-03
    [02:14] consistency: div 1.73e-16  bed 1.44e-15   BOTH OK
    [02:14] t/T= 12.0  max|u|=8.138e-03  max|w|=3.453e-03
    [02:40] consistency: div 1.73e-16  bed 1.64e-15   BOTH OK
    [02:40] t/T= 16.0  max|u|=7.257e-03  max|w|=3.328e-03
    [03:06] consistency: div 1.72e-16  bed 1.71e-15   BOTH OK
    [03:06] t/T= 20.0  max|u|=7.151e-03  max|w|=3.360e-03

  fit over |x| in [75,562] m, 104 points, rms residual 4.3 m
  field: max/mean 13.7  (>>5 means a coherent beam; ~5 means reflections dominate)
  BEAM ANGLE  measured 52.44   nonhydrostatic 53.13   hydrostatic 38.66   error -0.69 deg (-1.3%)

  total wall time 03:06

