CMD iwbcurv.py --mole C:\Users\dap21\gccom-mole-experiments-2026\mole\src\octave --beat 9999 --Lx 6000 --nx 640 --nz 251 --ratio 0.8 --nper 20 --spp 120 --lsl 0.20 --taus 37.40 --win 75 562 --alpha 1e-6 --forcegrid

=== iwbcurv  omega/N=0.8  640x251  20 periods  Lx=6.0 km  D0=1000 m  k=2  FULLY CURVILINEAR ===
  theory: nonhydrostatic 53.13 deg (Eq.30)   hydrostatic 38.66 deg (Eq.31)
  window: [75, 562] m  (bounce = 750 m)
  [00:00] generating grid (TFI, position-dependent beta) ...
  [01:11] jacobian  : ALL +   |J| 28.06 .. 64.98
  [01:11] grid angle: 61.7 - 118.3 deg  (90 = orthogonal)
  [01:11] xi-line wander top-to-bottom: 147.7 m  -> FULLY CURVILINEAR
  [01:11] r_x       : max 0.780  median 0.000  OK (<1)
  [01:11] resolution: dx=9.4 m  dz=4.0 m  aspect 0.426
  [01:11] lepticity : h_e=551 m  lambda=dx/h_e=0.0170  Gamma~0.0003  OK (<<1)
  [01:11] beam      : slope 1.3333, bounce 0.75 km, 8.0 bounces across the domain
  [01:11] MOLE jacobian2D on the transposed grid: ALL +
  [01:15] bottom/top BC: w = (z_xi/x_xi) u   |slope| max 0.3894
  [01:15] C: 1278 bed rows, 3834 nnz; agrees with bc_residual loop to 5.55e-17
  [01:15] D*G on the bed ghost rows: max|entry| 0.00e+00 (empty, as expected)
  [01:15] constraint row equilibration: x1.96e-01 .. 2.16e-01 (cancels out of the solution; check with --bedeq unit)
  [01:15] L: n=161532 nnz=2951702 (18.3/row) bedmode=constraint, factorising ...
  [01:20] splu 5.3s
  [01:21] static projection test: div 2.77e-13 OK   bed 1.51e-12 OK
  [01:21] dt=9.35 s  (2400 steps, 120/period)  T=1122.0 s
  [01:21] sponge: Lsl=1200 m (0.20 Lx)  taus=37.4 s  taus/T=0.0333  dt/taus=0.25 OK
    [01:21 elapsed] time loop: 2400 steps
    [02:06] consistency: div 3.12e-16  bed 1.90e-15   BOTH OK
    [02:06] t/T=  4.0  max|u|=9.795e-03  max|w|=3.321e-03
    [02:53] consistency: div 3.12e-16  bed 1.87e-15   BOTH OK
    [02:53] t/T=  8.0  max|u|=8.477e-03  max|w|=3.616e-03
    [03:39] consistency: div 3.11e-16  bed 2.00e-15   BOTH OK
    [03:39] t/T= 12.0  max|u|=7.496e-03  max|w|=3.716e-03
    [04:26] consistency: div 3.10e-16  bed 2.25e-15   BOTH OK
    [04:26] t/T= 16.0  max|u|=7.577e-03  max|w|=3.855e-03
    [05:01] consistency: div 3.11e-16  bed 2.39e-15   BOTH OK
    [05:01] t/T= 20.0  max|u|=7.391e-03  max|w|=3.912e-03

  fit over |x| in [75,562] m, 130 points, rms residual 3.9 m
  field: max/mean 14.2  (>>5 means a coherent beam; ~5 means reflections dominate)
  BEAM ANGLE  measured 52.08   nonhydrostatic 53.13   hydrostatic 38.66   error -1.05 deg (-2.0%)

  total wall time 05:01

