
=== iwbcurv  omega/N=0.2  192x151  20 periods  Lx=3.0 km  D0=1000 m  k=2  FULLY CURVILINEAR ===
  theory: nonhydrostatic 11.54 deg (Eq.30)   hydrostatic 11.31 deg (Eq.31)
  window: [200, 500] m  (bounce = 4899 m)
  [00:00] generating grid (TFI, position-dependent beta) ...
  [00:12] jacobian  : ALL +   |J| 73.12 .. 179.7
  [00:12] grid angle: 64.3 - 115.7 deg  (90 = orthogonal)
  [00:12] xi-line wander top-to-bottom: 73.8 m  -> FULLY CURVILINEAR
  [00:12] r_x       : max 0.757  median 0.000  OK (<1)
  [00:12] resolution: dx=15.7 m  dz=6.7 m  aspect 0.424
  [00:12] lepticity : h_e=551 m  lambda=dx/h_e=0.0285  Gamma~0.0008  OK (<<1)
  [00:12] beam      : slope 0.2041, bounce 4.90 km, 0.6 bounces across the domain
  [00:13] MOLE jacobian2D on the transposed grid: ALL +
  [00:15] bottom/top BC: w = (z_xi/x_xi) u   |slope| max 0.3510
  [00:15] C: 382 bed rows, 1146 nnz; agrees with bc_residual loop to 0.00e+00
  [00:15] D*G on the bed ghost rows: max|entry| 0.00e+00 (empty, as expected)
  [00:15] constraint row equilibration: x1.20e-01 .. 1.32e-01 (cancels out of the solution; check with --bedeq unit)
  [00:15] L: n=29336 nnz=551304 (18.8/row) bedmode=constraint, factorising ...
  [00:15] splu 0.4s
  [00:15] static projection test: div 8.33e-15 OK   bed 1.68e-14 OK
  [00:15] dt=12.00 s  (7480 steps, 374/period)  T=4488.0 s
  [00:15] sponge: Lsl=900 m (0.30 Lx)  taus=30.0 s  taus/T=0.0067  dt/taus=0.40 OK
    [00:15 elapsed] time loop: 7480 steps
    [00:28] consistency: div 1.34e-17  bed 2.87e-17   BOTH OK
    [00:28] t/T=  4.0  max|u|=1.513e-02  max|w|=5.507e-03
    [00:41] consistency: div 1.43e-17  bed 2.70e-17   BOTH OK
    [00:41] t/T=  8.0  max|u|=1.603e-02  max|w|=5.412e-03
    [00:54] consistency: div 1.47e-17  bed 2.70e-17   BOTH OK
    [00:54] t/T= 12.0  max|u|=1.603e-02  max|w|=5.420e-03
    [01:07] consistency: div 1.47e-17  bed 2.70e-17   BOTH OK
    [01:07] t/T= 16.0  max|u|=1.604e-02  max|w|=5.420e-03
    [01:20] consistency: div 1.46e-17  bed 2.70e-17   BOTH OK
    [01:20] t/T= 20.0  max|u|=1.605e-02  max|w|=5.420e-03

  fit over |x| in [200,500] m, 50 points, rms residual 2.0 m
  field: max/mean 35.6  (>>5 means a coherent beam; ~5 means reflections dominate)
  BEAM ANGLE  measured 13.00   nonhydrostatic 11.54   hydrostatic 11.31   error +1.46 deg (+12.7%)

  total wall time 01:20

