
=== iwbcurv  omega/N=0.4  192x151  20 periods  Lx=3.0 km  D0=1000 m  k=2  FULLY CURVILINEAR ===
  theory: nonhydrostatic 23.58 deg (Eq.30)   hydrostatic 21.80 deg (Eq.31)
  window: [200, 500] m  (bounce = 2291 m)
  [00:00] generating grid (TFI, position-dependent beta) ...
  [00:13] jacobian  : ALL +   |J| 73.12 .. 179.7
  [00:13] grid angle: 64.3 - 115.7 deg  (90 = orthogonal)
  [00:13] xi-line wander top-to-bottom: 73.8 m  -> FULLY CURVILINEAR
  [00:13] r_x       : max 0.757  median 0.000  OK (<1)
  [00:13] resolution: dx=15.7 m  dz=6.7 m  aspect 0.424
  [00:13] lepticity : h_e=551 m  lambda=dx/h_e=0.0285  Gamma~0.0008  OK (<<1)
  [00:13] beam      : slope 0.4364, bounce 2.29 km, 1.3 bounces across the domain
  [00:13] MOLE jacobian2D on the transposed grid: ALL +
  [00:15] bottom/top BC: w = (z_xi/x_xi) u   |slope| max 0.3510
  [00:15] C: 382 bed rows, 1146 nnz; agrees with bc_residual loop to 0.00e+00
  [00:15] D*G on the bed ghost rows: max|entry| 0.00e+00 (empty, as expected)
  [00:15] constraint row equilibration: x1.20e-01 .. 1.32e-01 (cancels out of the solution; check with --bedeq unit)
  [00:15] L: n=29336 nnz=551304 (18.8/row) bedmode=constraint, factorising ...
  [00:16] splu 0.4s
  [00:16] static projection test: div 8.33e-15 OK   bed 1.68e-14 OK
  [00:16] dt=12.00 s  (3740 steps, 187/period)  T=2244.0 s
  [00:16] sponge: Lsl=900 m (0.30 Lx)  taus=30.0 s  taus/T=0.0134  dt/taus=0.40 OK
    [00:16 elapsed] time loop: 3740 steps
    [00:22] consistency: div 2.10e-17  bed 6.33e-17   BOTH OK
    [00:22] t/T=  4.0  max|u|=1.225e-02  max|w|=4.682e-03
    [00:29] consistency: div 2.10e-17  bed 6.18e-17   BOTH OK
    [00:29] t/T=  8.0  max|u|=1.221e-02  max|w|=4.721e-03
    [00:35] consistency: div 2.09e-17  bed 1.39e-16   BOTH OK
    [00:35] t/T= 12.0  max|u|=1.197e-02  max|w|=4.796e-03
    [00:42] consistency: div 2.08e-17  bed 6.51e-17   BOTH OK
    [00:42] t/T= 16.0  max|u|=1.201e-02  max|w|=4.782e-03
    [00:49] consistency: div 2.10e-17  bed 7.05e-17   BOTH OK
    [00:49] t/T= 20.0  max|u|=1.202e-02  max|w|=4.781e-03

  fit over |x| in [200,500] m, 50 points, rms residual 2.0 m
  field: max/mean 32.0  (>>5 means a coherent beam; ~5 means reflections dominate)
  BEAM ANGLE  measured 22.66   nonhydrostatic 23.58   hydrostatic 21.80   error -0.92 deg (-3.9%)

  total wall time 00:49

