
=== iwbcurv  omega/N=0.6  192x151  20 periods  Lx=3.0 km  D0=1000 m  k=2  FULLY CURVILINEAR ===
  theory: nonhydrostatic 36.87 deg (Eq.30)   hydrostatic 30.96 deg (Eq.31)
  window: [200, 500] m  (bounce = 1333 m)
  [00:00] generating grid (TFI, position-dependent beta) ...
  [00:12] jacobian  : ALL +   |J| 73.12 .. 179.7
  [00:12] grid angle: 64.3 - 115.7 deg  (90 = orthogonal)
  [00:12] xi-line wander top-to-bottom: 73.8 m  -> FULLY CURVILINEAR
  [00:12] r_x       : max 0.757  median 0.000  OK (<1)
  [00:12] resolution: dx=15.7 m  dz=6.7 m  aspect 0.424
  [00:12] lepticity : h_e=551 m  lambda=dx/h_e=0.0285  Gamma~0.0008  OK (<<1)
  [00:12] beam      : slope 0.7500, bounce 1.33 km, 2.2 bounces across the domain
  [00:13] MOLE jacobian2D on the transposed grid: ALL +
  [00:15] bottom/top BC: w = (z_xi/x_xi) u   |slope| max 0.3510
  [00:15] C: 382 bed rows, 1146 nnz; agrees with bc_residual loop to 0.00e+00
  [00:15] D*G on the bed ghost rows: max|entry| 0.00e+00 (empty, as expected)
  [00:15] constraint row equilibration: x1.20e-01 .. 1.32e-01 (cancels out of the solution; check with --bedeq unit)
  [00:15] L: n=29336 nnz=551304 (18.8/row) bedmode=constraint, factorising ...
  [00:15] splu 0.4s
  [00:15] static projection test: div 8.33e-15 OK   bed 1.68e-14 OK
  [00:15] dt=11.97 s  (2500 steps, 125/period)  T=1496.0 s
  [00:15] sponge: Lsl=900 m (0.30 Lx)  taus=30.0 s  taus/T=0.0201  dt/taus=0.40 OK
    [00:15 elapsed] time loop: 2500 steps
    [00:20] consistency: div 4.32e-17  bed 2.95e-16   BOTH OK
    [00:20] t/T=  4.0  max|u|=9.593e-03  max|w|=3.654e-03
    [00:24] consistency: div 4.31e-17  bed 3.11e-16   BOTH OK
    [00:24] t/T=  8.0  max|u|=7.844e-03  max|w|=3.727e-03
    [00:28] consistency: div 4.28e-17  bed 2.55e-16   BOTH OK
    [00:28] t/T= 12.0  max|u|=8.113e-03  max|w|=3.626e-03
    [00:33] consistency: div 4.29e-17  bed 2.80e-16   BOTH OK
    [00:33] t/T= 16.0  max|u|=7.940e-03  max|w|=3.626e-03
    [00:37] consistency: div 4.30e-17  bed 2.29e-16   BOTH OK
    [00:37] t/T= 20.0  max|u|=8.004e-03  max|w|=3.635e-03

  fit over |x| in [200,500] m, 52 points, rms residual 2.5 m
  field: max/mean 20.5  (>>5 means a coherent beam; ~5 means reflections dominate)
  BEAM ANGLE  measured 36.51   nonhydrostatic 36.87   hydrostatic 30.96   error -0.36 deg (-1.0%)

  total wall time 00:37

