
=== iwbcurv  omega/N=0.8  192x151  20 periods  Lx=3.0 km  D0=1000 m  k=2  FULLY CURVILINEAR ===
  theory: nonhydrostatic 53.13 deg (Eq.30)   hydrostatic 38.66 deg (Eq.31)
  window: [200, 500] m  (bounce = 750 m)
  [00:00] generating grid (TFI, position-dependent beta) ...
  [00:12] jacobian  : ALL +   |J| 73.12 .. 179.7
  [00:12] grid angle: 64.3 - 115.7 deg  (90 = orthogonal)
  [00:12] xi-line wander top-to-bottom: 73.8 m  -> FULLY CURVILINEAR
  [00:12] r_x       : max 0.757  median 0.000  OK (<1)
  [00:12] resolution: dx=15.7 m  dz=6.7 m  aspect 0.424
  [00:12] lepticity : h_e=551 m  lambda=dx/h_e=0.0285  Gamma~0.0008  OK (<<1)
  [00:12] beam      : slope 1.3333, bounce 0.75 km, 4.0 bounces across the domain
  [00:13] MOLE jacobian2D on the transposed grid: ALL +
  [00:15] bottom/top BC: w = (z_xi/x_xi) u   |slope| max 0.3510
  [00:15] C: 382 bed rows, 1146 nnz; agrees with bc_residual loop to 0.00e+00
  [00:15] D*G on the bed ghost rows: max|entry| 0.00e+00 (empty, as expected)
  [00:15] constraint row equilibration: x1.20e-01 .. 1.32e-01 (cancels out of the solution; check with --bedeq unit)
  [00:15] L: n=29336 nnz=551304 (18.8/row) bedmode=constraint, factorising ...
  [00:15] splu 0.4s
  [00:15] static projection test: div 8.33e-15 OK   bed 1.68e-14 OK
  [00:15] dt=9.35 s  (2400 steps, 120/period)  T=1122.0 s
  [00:15] sponge: Lsl=900 m (0.30 Lx)  taus=30.0 s  taus/T=0.0267  dt/taus=0.31 OK
    [00:15 elapsed] time loop: 2400 steps
    [00:19] consistency: div 4.45e-17  bed 5.23e-16   BOTH OK
    [00:19] t/T=  4.0  max|u|=6.689e-03  max|w|=3.262e-03
    [00:24] consistency: div 4.44e-17  bed 5.21e-16   BOTH OK
    [00:24] t/T=  8.0  max|u|=6.164e-03  max|w|=3.107e-03
    [00:28] consistency: div 4.43e-17  bed 8.42e-16   BOTH OK
    [00:28] t/T= 12.0  max|u|=6.104e-03  max|w|=3.025e-03
    [00:33] consistency: div 4.43e-17  bed 5.15e-16   BOTH OK
    [00:33] t/T= 16.0  max|u|=5.973e-03  max|w|=3.105e-03
    [00:37] consistency: div 4.43e-17  bed 8.22e-16   BOTH OK
    [00:37] t/T= 20.0  max|u|=5.855e-03  max|w|=3.065e-03

  fit over |x| in [200,500] m, 48 points, rms residual 2.8 m
  field: max/mean 14.8  (>>5 means a coherent beam; ~5 means reflections dominate)
  BEAM ANGLE  measured 52.20   nonhydrostatic 53.13   hydrostatic 38.66   error -0.93 deg (-1.7%)

  total wall time 00:37

