
=== iwbcurv  omega/N=0.2  256x201  20 periods  Lx=3.0 km  D0=1000 m  k=2  FULLY CURVILINEAR ===
  theory: nonhydrostatic 11.54 deg (Eq.30)   hydrostatic 11.31 deg (Eq.31)
  window: [200, 500] m  (bounce = 4899 m)
  [00:00] generating grid (TFI, position-dependent beta) ...
  [00:20] jacobian  : ALL +   |J| 41.07 .. 101.3
  [00:20] grid angle: 64.3 - 115.7 deg  (90 = orthogonal)
  [00:20] xi-line wander top-to-bottom: 73.8 m  -> FULLY CURVILINEAR
  [00:20] r_x       : max 0.778  median 0.000  OK (<1)
  [00:20] resolution: dx=11.8 m  dz=5.0 m  aspect 0.425
  [00:20] lepticity : h_e=551 m  lambda=dx/h_e=0.0213  Gamma~0.0005  OK (<<1)
  [00:20] beam      : slope 0.2041, bounce 4.90 km, 0.6 bounces across the domain
  [00:20] MOLE jacobian2D on the transposed grid: ALL +
  [00:22] bottom/top BC: w = (z_xi/x_xi) u   |slope| max 0.3795
  [00:22] C: 510 bed rows, 1530 nnz; agrees with bc_residual loop to 0.00e+00
  [00:22] D*G on the bed ghost rows: max|entry| 0.00e+00 (empty, as expected)
  [00:22] constraint row equilibration: x1.59e-01 .. 1.75e-01 (cancels out of the solution; check with --bedeq unit)
  [00:22] L: n=51914 nnz=963493 (18.6/row) bedmode=constraint, factorising ...
  [00:23] splu 0.8s
  [00:23] static projection test: div 8.16e-15 OK   bed 1.32e-14 OK
  [00:23] dt=12.00 s  (7480 steps, 374/period)  T=4488.0 s
  [00:23] sponge: Lsl=900 m (0.30 Lx)  taus=30.0 s  taus/T=0.0067  dt/taus=0.40 OK
    [00:23 elapsed] time loop: 7480 steps
    [00:48] consistency: div 1.91e-17  bed 4.84e-17   BOTH OK
    [00:48] t/T=  4.0  max|u|=1.794e-02  max|w|=7.814e-03
    [01:13] consistency: div 1.84e-17  bed 4.68e-17   BOTH OK
    [01:13] t/T=  8.0  max|u|=1.854e-02  max|w|=6.543e-03
    [01:38] consistency: div 1.90e-17  bed 4.57e-17   BOTH OK
    [01:38] t/T= 12.0  max|u|=1.896e-02  max|w|=6.372e-03
    [02:03] consistency: div 1.79e-17  bed 2.28e-17   BOTH OK
    [02:03] t/T= 16.0  max|u|=1.902e-02  max|w|=6.380e-03
    [02:28] consistency: div 1.77e-17  bed 2.28e-17   BOTH OK
    [02:28] t/T= 20.0  max|u|=1.902e-02  max|w|=6.393e-03

  fit over |x| in [200,500] m, 64 points, rms residual 1.5 m
  field: max/mean 42.1  (>>5 means a coherent beam; ~5 means reflections dominate)
  BEAM ANGLE  measured 13.07   nonhydrostatic 11.54   hydrostatic 11.31   error +1.54 deg (+13.3%)

  total wall time 02:28

