
=== iwbcurv  omega/N=0.6  256x201  20 periods  Lx=3.0 km  D0=1000 m  k=2  FULLY CURVILINEAR ===
  theory: nonhydrostatic 36.87 deg (Eq.30)   hydrostatic 30.96 deg (Eq.31)
  window: [200, 500] m  (bounce = 1333 m)
  [00:00] generating grid (TFI, position-dependent beta) ...
  [00:20] jacobian  : ALL +   |J| 41.07 .. 101.3
  [00:20] grid angle: 64.3 - 115.7 deg  (90 = orthogonal)
  [00:20] xi-line wander top-to-bottom: 73.8 m  -> FULLY CURVILINEAR
  [00:20] r_x       : max 0.778  median 0.000  OK (<1)
  [00:20] resolution: dx=11.8 m  dz=5.0 m  aspect 0.425
  [00:20] lepticity : h_e=551 m  lambda=dx/h_e=0.0213  Gamma~0.0005  OK (<<1)
  [00:20] beam      : slope 0.7500, bounce 1.33 km, 2.2 bounces across the domain
  [00:20] MOLE jacobian2D on the transposed grid: ALL +
  [00:23] bottom/top BC: w = (z_xi/x_xi) u   |slope| max 0.3795
  [00:23] C: 510 bed rows, 1530 nnz; agrees with bc_residual loop to 0.00e+00
  [00:23] D*G on the bed ghost rows: max|entry| 0.00e+00 (empty, as expected)
  [00:23] constraint row equilibration: x1.59e-01 .. 1.75e-01 (cancels out of the solution; check with --bedeq unit)
  [00:23] L: n=51914 nnz=963493 (18.6/row) bedmode=constraint, factorising ...
  [00:24] splu 0.8s
  [00:24] static projection test: div 8.16e-15 OK   bed 1.32e-14 OK
  [00:24] dt=11.97 s  (2500 steps, 125/period)  T=1496.0 s
  [00:24] sponge: Lsl=900 m (0.30 Lx)  taus=30.0 s  taus/T=0.0201  dt/taus=0.40 OK
    [00:24 elapsed] time loop: 2500 steps
    [00:32] consistency: div 7.98e-17  bed 2.50e-16   BOTH OK
    [00:32] t/T=  4.0  max|u|=1.076e-02  max|w|=3.977e-03
    [00:40] consistency: div 7.97e-17  bed 2.92e-16   BOTH OK
    [00:40] t/T=  8.0  max|u|=9.214e-03  max|w|=4.043e-03
    [00:49] consistency: div 7.95e-17  bed 4.29e-16   BOTH OK
    [00:49] t/T= 12.0  max|u|=8.984e-03  max|w|=4.003e-03
    [00:57] consistency: div 7.94e-17  bed 3.43e-16   BOTH OK
    [00:57] t/T= 16.0  max|u|=9.347e-03  max|w|=3.816e-03
    [01:06] consistency: div 7.96e-17  bed 3.54e-16   BOTH OK
    [01:06] t/T= 20.0  max|u|=8.977e-03  max|w|=3.825e-03

  fit over |x| in [200,500] m, 70 points, rms residual 2.5 m
  field: max/mean 23.4  (>>5 means a coherent beam; ~5 means reflections dominate)
  BEAM ANGLE  measured 36.43   nonhydrostatic 36.87   hydrostatic 30.96   error -0.44 deg (-1.2%)

  total wall time 01:06

