
=== iwbcurv  omega/N=0.4  512x201  20 periods  Lx=6.0 km  D0=1000 m  k=2  FULLY CURVILINEAR ===
  theory: nonhydrostatic 23.58 deg (Eq.30)   hydrostatic 21.80 deg (Eq.31)
  window: [687, 1718] m  (bounce = 2291 m)
  [00:00] generating grid (TFI, position-dependent beta) ...
  [00:35] jacobian  : ALL +   |J| 43.86 .. 101.5
  [00:35] grid angle: 61.7 - 118.3 deg  (90 = orthogonal)
  [00:35] xi-line wander top-to-bottom: 147.7 m  -> FULLY CURVILINEAR
  [00:35] r_x       : max 0.776  median 0.000  OK (<1)
  [00:35] resolution: dx=11.7 m  dz=5.0 m  aspect 0.426
  [00:35] lepticity : h_e=551 m  lambda=dx/h_e=0.0213  Gamma~0.0005  OK (<<1)
  [00:35] beam      : slope 0.4364, bounce 2.29 km, 2.6 bounces across the domain
  [00:36] MOLE jacobian2D on the transposed grid: ALL +
  [00:38] bottom/top BC: w = (z_xi/x_xi) u   |slope| max 0.3795
  [00:38] C: 1022 bed rows, 3066 nnz; agrees with bc_residual loop to 2.22e-16
  [00:38] D*G on the bed ghost rows: max|entry| 0.00e+00 (empty, as expected)
  [00:38] constraint row equilibration: x1.57e-01 .. 1.73e-01 (cancels out of the solution; check with --bedeq unit)
  [00:38] L: n=103626 nnz=1901276 (18.3/row) bedmode=constraint, factorising ...
  [00:40] splu 1.9s
  [00:40] static projection test: div 6.27e-14 OK   bed 1.92e-13 OK
  [00:40] dt=18.70 s  (2400 steps, 120/period)  T=2244.0 s
  [00:40] sponge: Lsl=1200 m (0.20 Lx)  taus=74.8 s  taus/T=0.0333  dt/taus=0.25 OK
    [00:40 elapsed] time loop: 2400 steps
    [00:58] consistency: div 1.72e-16  bed 9.97e-16   BOTH OK
    [00:58] t/T=  4.0  max|u|=1.530e-02  max|w|=5.121e-03
    [01:15] consistency: div 1.71e-16  bed 7.71e-16   BOTH OK
    [01:15] t/T=  8.0  max|u|=1.413e-02  max|w|=5.307e-03
    [01:32] consistency: div 1.71e-16  bed 1.06e-15   BOTH OK
    [01:32] t/T= 12.0  max|u|=1.462e-02  max|w|=5.251e-03
    [01:50] consistency: div 1.70e-16  bed 8.17e-16   BOTH OK
    [01:50] t/T= 16.0  max|u|=1.547e-02  max|w|=5.125e-03
    [02:07] consistency: div 1.70e-16  bed 8.88e-16   BOTH OK
    [02:07] t/T= 20.0  max|u|=1.582e-02  max|w|=5.011e-03

  fit over |x| in [687,1718] m, 186 points, rms residual 1.6 m
  field: max/mean 21.9  (>>5 means a coherent beam; ~5 means reflections dominate)
  BEAM ANGLE  measured 23.71   nonhydrostatic 23.58   hydrostatic 21.80   error +0.14 deg (+0.6%)

  total wall time 02:07

