
=== iwbcurv  omega/N=0.4  384x151  20 periods  Lx=6.0 km  D0=1000 m  k=2  FULLY CURVILINEAR ===
  theory: nonhydrostatic 23.58 deg (Eq.30)   hydrostatic 21.80 deg (Eq.31)
  window: [458, 1031] m  (bounce = 2291 m)
  [00:00] generating grid (TFI, position-dependent beta) ...
  [00:21] jacobian  : ALL +   |J| 78.04 .. 180.3
  [00:21] grid angle: 61.7 - 118.3 deg  (90 = orthogonal)
  [00:21] xi-line wander top-to-bottom: 147.7 m  -> FULLY CURVILINEAR
  [00:21] r_x       : max 0.755  median 0.000  OK (<1)
  [00:21] resolution: dx=15.7 m  dz=6.7 m  aspect 0.426
  [00:21] lepticity : h_e=551 m  lambda=dx/h_e=0.0284  Gamma~0.0008  OK (<<1)
  [00:21] beam      : slope 0.4364, bounce 2.29 km, 2.6 bounces across the domain
  [00:22] MOLE jacobian2D on the transposed grid: ALL +
  [00:24] bottom/top BC: w = (z_xi/x_xi) u   |slope| max 0.3509
  [00:24] C: 766 bed rows, 2298 nnz; agrees with bc_residual loop to 2.22e-16
  [00:24] D*G on the bed ghost rows: max|entry| 0.00e+00 (empty, as expected)
  [00:24] constraint row equilibration: x1.18e-01 .. 1.30e-01 (cancels out of the solution; check with --bedeq unit)
  [00:24] L: n=58520 nnz=1087629 (18.6/row) bedmode=constraint, factorising ...
  [00:25] splu 0.9s
  [00:25] static projection test: div 1.87e-14 OK   bed 2.76e-14 OK
  [00:25] dt=18.70 s  (2400 steps, 120/period)  T=2244.0 s
  [00:25] sponge: Lsl=1200 m (0.20 Lx)  taus=74.8 s  taus/T=0.0333  dt/taus=0.25 OK
    [00:25 elapsed] time loop: 2400 steps
    [00:34] consistency: div 8.95e-17  bed 9.11e-16   BOTH OK
    [00:34] t/T=  4.0  max|u|=1.476e-02  max|w|=4.478e-03
    [00:43] consistency: div 8.90e-17  bed 5.96e-16   BOTH OK
    [00:43] t/T=  8.0  max|u|=1.488e-02  max|w|=4.567e-03
    [00:52] consistency: div 8.92e-17  bed 9.00e-16   BOTH OK
    [00:52] t/T= 12.0  max|u|=1.418e-02  max|w|=4.752e-03
    [01:01] consistency: div 8.84e-17  bed 5.60e-16   BOTH OK
    [01:01] t/T= 16.0  max|u|=1.433e-02  max|w|=4.703e-03
    [01:10] consistency: div 8.79e-17  bed 7.15e-16   BOTH OK
    [01:10] t/T= 20.0  max|u|=1.442e-02  max|w|=4.689e-03

  fit over |x| in [458,1031] m, 92 points, rms residual 2.0 m
  field: max/mean 18.3  (>>5 means a coherent beam; ~5 means reflections dominate)
  BEAM ANGLE  measured 24.53   nonhydrostatic 23.58   hydrostatic 21.80   error +0.95 deg (+4.0%)

  total wall time 01:10

