
=== iwbcurv  omega/N=0.4  256x101  20 periods  Lx=6.0 km  D0=1000 m  k=2  FULLY CURVILINEAR ===
  theory: nonhydrostatic 23.58 deg (Eq.30)   hydrostatic 21.80 deg (Eq.31)
  window: [229, 687] m  (bounce = 2291 m)
  [00:00] generating grid (TFI, position-dependent beta) ...
  [00:16] jacobian  : ALL +   |J| 175.9 .. 405
  [00:16] grid angle: 61.7 - 118.3 deg  (90 = orthogonal)
  [00:16] xi-line wander top-to-bottom: 147.7 m  -> FULLY CURVILINEAR
  [00:16] r_x       : max 0.709  median 0.000  OK (<1)
  [00:16] resolution: dx=23.5 m  dz=10.0 m  aspect 0.425
  [00:16] lepticity : h_e=551 m  lambda=dx/h_e=0.0427  Gamma~0.0018  OK (<<1)
  [00:16] beam      : slope 0.4364, bounce 2.29 km, 2.6 bounces across the domain
  [00:16] MOLE jacobian2D on the transposed grid: ALL +
  [00:20] bottom/top BC: w = (z_xi/x_xi) u   |slope| max 0.3176
  [00:20] C: 510 bed rows, 1530 nnz; agrees with bc_residual loop to 2.22e-16
  [00:20] D*G on the bed ghost rows: max|entry| 0.00e+00 (empty, as expected)
  [00:20] constraint row equilibration: x7.97e-02 .. 8.68e-02 (cancels out of the solution; check with --bedeq unit)
  [00:20] L: n=26214 nnz=474062 (18.1/row) bedmode=constraint, factorising ...
  [00:20] splu 0.4s
  [00:20] static projection test: div 2.51e-14 OK   bed 4.04e-14 OK
  [00:20] dt=18.70 s  (2400 steps, 120/period)  T=2244.0 s
  [00:20] sponge: Lsl=1200 m (0.20 Lx)  taus=74.8 s  taus/T=0.0333  dt/taus=0.25 OK
    [00:20 elapsed] time loop: 2400 steps
    [00:26] consistency: div 4.08e-17  bed 5.43e-16   BOTH OK
    [00:26] t/T=  4.0  max|u|=1.235e-02  max|w|=4.113e-03
    [00:31] consistency: div 4.06e-17  bed 4.49e-16   BOTH OK
    [00:31] t/T=  8.0  max|u|=1.195e-02  max|w|=4.135e-03
    [00:37] consistency: div 4.03e-17  bed 4.41e-16   BOTH OK
    [00:37] t/T= 12.0  max|u|=1.158e-02  max|w|=4.167e-03
    [00:42] consistency: div 4.02e-17  bed 4.07e-16   BOTH OK
    [00:42] t/T= 16.0  max|u|=1.175e-02  max|w|=4.153e-03
    [00:48] consistency: div 4.03e-17  bed 6.06e-16   BOTH OK
    [00:48] t/T= 20.0  max|u|=1.185e-02  max|w|=4.144e-03

  fit over |x| in [229,687] m, 50 points, rms residual 2.8 m
  field: max/mean 13.6  (>>5 means a coherent beam; ~5 means reflections dominate)
  BEAM ANGLE  measured 25.22   nonhydrostatic 23.58   hydrostatic 21.80   error +1.64 deg (+7.0%)

  total wall time 00:48

