
=== iwbcurv  omega/N=0.8  640x251  20 periods  Lx=6.0 km  D0=1000 m  k=2  FULLY CURVILINEAR ===
  theory: nonhydrostatic 53.13 deg (Eq.30)   hydrostatic 38.66 deg (Eq.31)
  window: [75, 562] m  (bounce = 750 m)
  [00:00] generating grid (TFI, position-dependent beta) ...
  [00:55] jacobian  : ALL +   |J| 28.06 .. 64.98
  [00:55] grid angle: 61.7 - 118.3 deg  (90 = orthogonal)
  [00:55] xi-line wander top-to-bottom: 147.7 m  -> FULLY CURVILINEAR
  [00:55] r_x       : max 0.780  median 0.000  OK (<1)
  [00:55] resolution: dx=9.4 m  dz=4.0 m  aspect 0.426
  [00:55] lepticity : h_e=551 m  lambda=dx/h_e=0.0170  Gamma~0.0003  OK (<<1)
  [00:55] beam      : slope 1.3333, bounce 0.75 km, 8.0 bounces across the domain
  [00:56] MOLE jacobian2D on the transposed grid: ALL +
  [00:59] bottom/top BC: w = (z_xi/x_xi) u   |slope| max 0.3894
  [00:59] C: 1278 bed rows, 3834 nnz; agrees with bc_residual loop to 5.55e-17
  [00:59] D*G on the bed ghost rows: max|entry| 0.00e+00 (empty, as expected)
  [00:59] constraint row equilibration: x1.96e-01 .. 2.16e-01 (cancels out of the solution; check with --bedeq unit)
  [00:59] L: n=161532 nnz=2951702 (18.3/row) bedmode=constraint, factorising ...
  [01:02] splu 3.7s
  [01:02] static projection test: div 6.09e-15 OK   bed 1.58e-14 OK
  [01:02] dt=9.35 s  (2400 steps, 120/period)  T=1122.0 s
  [01:02] sponge: Lsl=1200 m (0.20 Lx)  taus=37.4 s  taus/T=0.0333  dt/taus=0.25 OK
    [01:02 elapsed] time loop: 2400 steps
    [01:39] consistency: div 3.01e-16  bed 1.75e-15   BOTH OK
    [01:39] t/T=  4.0  max|u|=1.012e-02  max|w|=3.285e-03
    [02:23] consistency: div 3.01e-16  bed 2.02e-15   BOTH OK
    [02:23] t/T=  8.0  max|u|=8.800e-03  max|w|=3.531e-03
    [03:05] consistency: div 3.02e-16  bed 2.11e-15   BOTH OK
    [03:05] t/T= 12.0  max|u|=7.987e-03  max|w|=3.622e-03
    [03:46] consistency: div 3.00e-16  bed 2.45e-15   BOTH OK
    [03:46] t/T= 16.0  max|u|=7.948e-03  max|w|=3.742e-03
    [04:26] consistency: div 3.00e-16  bed 2.77e-15   BOTH OK
    [04:26] t/T= 20.0  max|u|=7.898e-03  max|w|=3.821e-03

  fit over |x| in [75,562] m, 130 points, rms residual 3.8 m
  field: max/mean 14.0  (>>5 means a coherent beam; ~5 means reflections dominate)
  BEAM ANGLE  measured 52.00   nonhydrostatic 53.13   hydrostatic 38.66   error -1.13 deg (-2.1%)

  total wall time 04:26

