
=== iwbcurv  omega/N=0.4  640x251  20 periods  Lx=6.0 km  D0=1000 m  k=2  FULLY CURVILINEAR ===
  theory: nonhydrostatic 23.58 deg (Eq.30)   hydrostatic 21.80 deg (Eq.31)
  window: [229, 1718] m  (bounce = 2291 m)
  [00:00] generating grid (TFI, position-dependent beta) ...
  [00:58] jacobian  : ALL +   |J| 28.06 .. 64.98
  [00:58] grid angle: 61.7 - 118.3 deg  (90 = orthogonal)
  [00:58] xi-line wander top-to-bottom: 147.7 m  -> FULLY CURVILINEAR
  [00:58] r_x       : max 0.780  median 0.000  OK (<1)
  [00:58] resolution: dx=9.4 m  dz=4.0 m  aspect 0.426
  [00:58] lepticity : h_e=551 m  lambda=dx/h_e=0.0170  Gamma~0.0003  OK (<<1)
  [00:58] beam      : slope 0.4364, bounce 2.29 km, 2.6 bounces across the domain
  [00:58] MOLE jacobian2D on the transposed grid: ALL +
  [01:02] bottom/top BC: w = (z_xi/x_xi) u   |slope| max 0.3894
  [01:02] C: 1278 bed rows, 3834 nnz; agrees with bc_residual loop to 5.55e-17
  [01:02] D*G on the bed ghost rows: max|entry| 0.00e+00 (empty, as expected)
  [01:02] constraint row equilibration: x1.96e-01 .. 2.16e-01 (cancels out of the solution; check with --bedeq unit)
  [01:02] L: n=161532 nnz=2951702 (18.3/row) bedmode=constraint, factorising ...
  [01:06] splu 4.2s
  [01:06] static projection test: div 6.09e-15 OK   bed 1.58e-14 OK
  [01:06] dt=18.70 s  (2400 steps, 120/period)  T=2244.0 s
  [01:06] sponge: Lsl=1200 m (0.20 Lx)  taus=74.8 s  taus/T=0.0333  dt/taus=0.25 OK
    [01:06 elapsed] time loop: 2400 steps
    [01:45] consistency: div 2.99e-16  bed 8.73e-16   BOTH OK
    [01:45] t/T=  4.0  max|u|=2.073e-02  max|w|=5.806e-03
    [02:24] consistency: div 2.96e-16  bed 9.15e-16   BOTH OK
    [02:24] t/T=  8.0  max|u|=1.920e-02  max|w|=5.183e-03
    [03:03] consistency: div 2.95e-16  bed 8.48e-16   BOTH OK
    [03:03] t/T= 12.0  max|u|=2.136e-02  max|w|=5.331e-03
    [03:43] consistency: div 2.95e-16  bed 1.13e-15   BOTH OK
    [03:43] t/T= 16.0  max|u|=1.848e-02  max|w|=5.654e-03
    [04:23] consistency: div 2.95e-16  bed 1.32e-15   BOTH OK
    [04:23] t/T= 20.0  max|u|=1.479e-02  max|w|=5.863e-03

  fit over |x| in [229,1718] m, 360 points, rms residual 1.5 m
  field: max/mean 25.6  (>>5 means a coherent beam; ~5 means reflections dominate)
  BEAM ANGLE  measured 23.49   nonhydrostatic 23.58   hydrostatic 21.80   error -0.09 deg (-0.4%)

  total wall time 04:23

