
=== iwbcurv  omega/N=0.8  256x201  20 periods  Lx=3.0 km  D0=1000 m  k=2  FULLY CURVILINEAR ===
  theory: nonhydrostatic 53.13 deg (Eq.30)   hydrostatic 38.66 deg (Eq.31)
  window: auto [112, 525] m (bounce = 750 m; keeps the fit inside the first bounce)
  [00:00] generating grid (TFI, position-dependent beta) ...
  [00:26] jacobian  : ALL +   |J| 41.07 .. 101.3
  [00:26] grid angle: 64.3 - 115.7 deg  (90 = orthogonal)
  [00:26] xi-line wander top-to-bottom: 73.8 m  -> FULLY CURVILINEAR
  [00:26] r_x       : max 0.778  median 0.000  OK (<1)
  [00:26] resolution: dx=11.8 m  dz=5.0 m  aspect 0.425
  [00:26] lepticity : h_e=551 m  lambda=dx/h_e=0.0213  Gamma~0.0005  OK (<<1)
  [00:26] beam      : slope 1.3333, bounce 0.75 km, 4.0 bounces across the domain
  [00:26] MOLE jacobian2D on the transposed grid: ALL +
  [00:30] bottom/top BC: w = (z_xi/x_xi) u   |slope| max 0.3795
  [00:30] C: 510 bed rows, 1530 nnz; agrees with bc_residual loop to 0.00e+00
  [00:30] D*G on the bed ghost rows: max|entry| 0.00e+00 (empty, as expected)
  [00:30] constraint row equilibration: x1.59e-01 .. 1.75e-01 (cancels out of the solution; check with --bedeq unit)
  [00:30] L: n=51914 nnz=963493 (18.6/row) bedmode=constraint, factorising ...
  [00:31] splu 1.2s
  [00:31] static projection test: div 8.16e-15 OK   bed 1.32e-14 OK
  [00:31] dt=9.35 s  (2400 steps, 120/period)  T=1122.0 s
  [00:31] sponge: Lsl=900 m (0.30 Lx)  taus=30.0 s  taus/T=0.0267  dt/taus=0.31 OK
    [00:31 elapsed] time loop: 2400 steps
    [00:43] consistency: div 8.25e-17  bed 5.38e-16   BOTH OK
    [00:43] t/T=  4.0  max|u|=8.413e-03  max|w|=3.395e-03
    [00:56] consistency: div 8.24e-17  bed 6.81e-16   BOTH OK
    [00:56] t/T=  8.0  max|u|=6.698e-03  max|w|=3.259e-03
    [01:10] consistency: div 8.27e-17  bed 6.30e-16   BOTH OK
    [01:10] t/T= 12.0  max|u|=7.161e-03  max|w|=3.411e-03
    [01:24] consistency: div 8.31e-17  bed 7.27e-16   BOTH OK
    [01:24] t/T= 16.0  max|u|=6.350e-03  max|w|=3.271e-03
    [01:36] consistency: div 8.28e-17  bed 7.09e-16   BOTH OK
    [01:36] t/T= 20.0  max|u|=6.407e-03  max|w|=3.315e-03

  fit over |x| in [112,525] m, 90 points, rms residual 3.3 m
  field: max/mean 16.1  (>>5 means a coherent beam; ~5 means reflections dominate)
  BEAM ANGLE  measured 51.94   nonhydrostatic 53.13   hydrostatic 38.66   error -1.19 deg (-2.2%)

  total wall time 01:36

