
=== iwbcurv  omega/N=0.4  256x201  20 periods  Lx=3.0 km  D0=1000 m  k=2  FULLY CURVILINEAR ===
  theory: nonhydrostatic 23.58 deg (Eq.30)   hydrostatic 21.80 deg (Eq.31)
  window: [200, 500] m  (bounce = 2291 m)
  [00:00] generating grid (TFI, position-dependent beta) ...
  [00:20] jacobian  : ALL +   |J| 41.07 .. 101.3
  [00:20] grid angle: 64.3 - 115.7 deg  (90 = orthogonal)
  [00:20] xi-line wander top-to-bottom: 73.8 m  -> FULLY CURVILINEAR
  [00:20] r_x       : max 0.778  median 0.000  OK (<1)
  [00:20] resolution: dx=11.8 m  dz=5.0 m  aspect 0.425
  [00:20] lepticity : h_e=551 m  lambda=dx/h_e=0.0213  Gamma~0.0005  OK (<<1)
  [00:20] beam      : slope 0.4364, bounce 2.29 km, 1.3 bounces across the domain
  [00:20] MOLE jacobian2D on the transposed grid: ALL +
  [00:23] bottom/top BC: w = (z_xi/x_xi) u   |slope| max 0.3795
  [00:23] C: 510 bed rows, 1530 nnz; agrees with bc_residual loop to 0.00e+00
  [00:23] D*G on the bed ghost rows: max|entry| 0.00e+00 (empty, as expected)
  [00:23] constraint row equilibration: x1.59e-01 .. 1.75e-01 (cancels out of the solution; check with --bedeq unit)
  [00:23] L: n=51914 nnz=963493 (18.6/row) bedmode=constraint, factorising ...
  [00:24] splu 0.8s
  [00:24] static projection test: div 8.16e-15 OK   bed 1.32e-14 OK
  [00:24] dt=12.00 s  (3740 steps, 187/period)  T=2244.0 s
  [00:24] sponge: Lsl=600 m (0.20 Lx)  taus=50.0 s  taus/T=0.0223  dt/taus=0.24 OK
    [00:24 elapsed] time loop: 3740 steps
    [00:36] consistency: div 3.43e-17  bed 1.60e-16   BOTH OK
    [00:36] t/T=  4.0  max|u|=1.475e-02  max|w|=4.599e-03
    [00:48] consistency: div 3.44e-17  bed 1.88e-16   BOTH OK
    [00:48] t/T=  8.0  max|u|=1.360e-02  max|w|=4.833e-03
    [01:01] consistency: div 3.40e-17  bed 1.24e-16   BOTH OK
    [01:01] t/T= 12.0  max|u|=1.326e-02  max|w|=4.847e-03
    [01:13] consistency: div 3.39e-17  bed 1.71e-16   BOTH OK
    [01:13] t/T= 16.0  max|u|=1.412e-02  max|w|=4.744e-03
    [01:26] consistency: div 3.41e-17  bed 1.95e-16   BOTH OK
    [01:26] t/T= 20.0  max|u|=1.455e-02  max|w|=4.632e-03

  fit over |x| in [200,500] m, 68 points, rms residual 1.6 m
  field: max/mean 14.4  (>>5 means a coherent beam; ~5 means reflections dominate)
  BEAM ANGLE  measured 21.91   nonhydrostatic 23.58   hydrostatic 21.80   error -1.67 deg (-7.1%)

  total wall time 01:26

