
=== iwbcurv  omega/N=0.4  256x201  20 periods  Lx=3.0 km  D0=1000 m  k=2  FULLY CURVILINEAR ===
  theory: nonhydrostatic 23.58 deg (Eq.30)   hydrostatic 21.80 deg (Eq.31)
  window: auto [344, 1350] m (bounce = 2291 m; keeps the fit inside the first bounce)
  [00:00] generating grid (TFI, position-dependent beta) ...
  [00:20] jacobian  : ALL +   |J| 41.07 .. 101.3
  [00:20] grid angle: 64.3 - 115.7 deg  (90 = orthogonal)
  [00:20] xi-line wander top-to-bottom: 73.8 m  -> FULLY CURVILINEAR
  [00:20] r_x       : max 0.778  median 0.000  OK (<1)
  [00:20] resolution: dx=11.8 m  dz=5.0 m  aspect 0.425
  [00:20] lepticity : h_e=551 m  lambda=dx/h_e=0.0213  Gamma~0.0005  OK (<<1)
  [00:20] beam      : slope 0.4364, bounce 2.29 km, 1.3 bounces across the domain
  [00:20] MOLE jacobian2D on the transposed grid: ALL +
  [00:22] bottom/top BC: w = (z_xi/x_xi) u   |slope| max 0.3795
  [00:22] C: 510 bed rows, 1530 nnz; agrees with bc_residual loop to 0.00e+00
  [00:22] D*G on the bed ghost rows: max|entry| 0.00e+00 (empty, as expected)
  [00:22] constraint row equilibration: x1.59e-01 .. 1.75e-01 (cancels out of the solution; check with --bedeq unit)
  [00:22] L: n=51914 nnz=963493 (18.6/row) bedmode=constraint, factorising ...
  [00:23] splu 0.8s
  [00:23] static projection test: div 8.16e-15 OK   bed 1.32e-14 OK
  [00:23] dt=12.00 s  (3740 steps, 187/period)  T=2244.0 s
  [00:23] sponge: Lsl=900 m (0.30 Lx)  taus=30.0 s  taus/T=0.0134  dt/taus=0.40 OK
    [00:23 elapsed] time loop: 3740 steps
    [00:35] consistency: div 3.68e-17  bed 1.01e-16   BOTH OK
    [00:35] t/T=  4.0  max|u|=1.112e-02  max|w|=4.794e-03
    [00:48] consistency: div 3.66e-17  bed 7.67e-17   BOTH OK
    [00:48] t/T=  8.0  max|u|=1.186e-02  max|w|=4.502e-03
    [01:00] consistency: div 3.66e-17  bed 8.37e-17   BOTH OK
    [01:00] t/T= 12.0  max|u|=1.293e-02  max|w|=4.429e-03
    [01:12] consistency: div 3.67e-17  bed 9.27e-17   BOTH OK
    [01:12] t/T= 16.0  max|u|=1.337e-02  max|w|=4.431e-03
    [01:25] consistency: div 3.64e-17  bed 7.14e-17   BOTH OK
    [01:25] t/T= 20.0  max|u|=1.353e-02  max|w|=4.451e-03

  fit over |x| in [344,1350] m, 174 points, rms residual 86.1 m
  field: max/mean 39.1  (>>5 means a coherent beam; ~5 means reflections dominate)
  BEAM ANGLE  measured 31.70   nonhydrostatic 23.58   hydrostatic 21.80   error +8.13 deg (+34.5%)

  total wall time 01:25

