
=== iwbcurv  omega/N=0.8  256x201  20 periods  Lx=3.0 km  D0=1000 m  k=2  FULLY CURVILINEAR ===
  theory: nonhydrostatic 53.13 deg (Eq.30)   hydrostatic 38.66 deg (Eq.31)
  window: [200, 500] m  (bounce = 750 m)
  [00:00] generating grid (TFI, position-dependent beta) ...
  [00:27] jacobian  : ALL +   |J| 41.07 .. 101.3
  [00:27] grid angle: 64.3 - 115.7 deg  (90 = orthogonal)
  [00:27] xi-line wander top-to-bottom: 73.8 m  -> FULLY CURVILINEAR
  [00:27] r_x       : max 0.778  median 0.000  OK (<1)
  [00:27] resolution: dx=11.8 m  dz=5.0 m  aspect 0.425
  [00:27] lepticity : h_e=551 m  lambda=dx/h_e=0.0213  Gamma~0.0005  OK (<<1)
  [00:27] beam      : slope 1.3333, bounce 0.75 km, 4.0 bounces across the domain
  [00:28] MOLE jacobian2D on the transposed grid: ALL +
  [00:31] bottom/top BC: w = (z_xi/x_xi) u   |slope| max 0.3795
  [00:31] C: 510 bed rows, 1530 nnz; agrees with bc_residual loop to 0.00e+00
  [00:31] D*G on the bed ghost rows: max|entry| 0.00e+00 (empty, as expected)
  [00:31] constraint row equilibration: x1.59e-01 .. 1.75e-01 (cancels out of the solution; check with --bedeq unit)
  [00:31] L: n=51914 nnz=963493 (18.6/row) bedmode=constraint, factorising ...
  [00:32] splu 1.2s
  [00:32] static projection test: div 8.16e-15 OK   bed 1.32e-14 OK
  [00:32] dt=9.35 s  (2400 steps, 120/period)  T=1122.0 s
  [00:32] sponge: Lsl=600 m (0.20 Lx)  taus=50.0 s  taus/T=0.0446  dt/taus=0.19 OK
    [00:32 elapsed] time loop: 2400 steps
    [00:45] consistency: div 7.69e-17  bed 6.86e-16   BOTH OK
    [00:45] t/T=  4.0  max|u|=9.767e-03  max|w|=2.771e-03
    [00:57] consistency: div 7.74e-17  bed 1.14e-15   BOTH OK
    [00:57] t/T=  8.0  max|u|=8.631e-03  max|w|=2.693e-03
    [01:11] consistency: div 7.74e-17  bed 9.78e-16   BOTH OK
    [01:11] t/T= 12.0  max|u|=8.815e-03  max|w|=2.652e-03
    [01:25] consistency: div 7.72e-17  bed 1.31e-15   BOTH OK
    [01:25] t/T= 16.0  max|u|=7.871e-03  max|w|=2.686e-03
    [01:39] consistency: div 7.73e-17  bed 1.10e-15   BOTH OK
    [01:39] t/T= 20.0  max|u|=7.892e-03  max|w|=2.614e-03

  fit over |x| in [200,500] m, 66 points, rms residual 27.1 m
  field: max/mean 5.2  (>>5 means a coherent beam; ~5 means reflections dominate)
  BEAM ANGLE  measured 55.97   nonhydrostatic 53.13   hydrostatic 38.66   error +2.84 deg (+5.3%)

  total wall time 01:39

