
=== iwbcurv  omega/N=0.8  256x201  20 periods  Lx=3.0 km  D0=1000 m  k=2  FULLY CURVILINEAR ===
  theory: nonhydrostatic 53.13 deg (Eq.30)   hydrostatic 38.66 deg (Eq.31)
  window: [200, 500] m  (bounce = 750 m)
  [00:00] generating grid (TFI, position-dependent beta) ...
  [00:26] jacobian  : ALL +   |J| 41.07 .. 101.3
  [00:26] grid angle: 64.3 - 115.7 deg  (90 = orthogonal)
  [00:26] xi-line wander top-to-bottom: 73.8 m  -> FULLY CURVILINEAR
  [00:26] r_x       : max 0.778  median 0.000  OK (<1)
  [00:26] resolution: dx=11.8 m  dz=5.0 m  aspect 0.425
  [00:26] lepticity : h_e=551 m  lambda=dx/h_e=0.0213  Gamma~0.0005  OK (<<1)
  [00:26] beam      : slope 1.3333, bounce 0.75 km, 4.0 bounces across the domain
  [00:27] MOLE jacobian2D on the transposed grid: ALL +
  [00:30] bottom/top BC: w = (z_xi/x_xi) u   |slope| max 0.3795
  [00:30] C: 510 bed rows, 1530 nnz; agrees with bc_residual loop to 0.00e+00
  [00:30] D*G on the bed ghost rows: max|entry| 0.00e+00 (empty, as expected)
  [00:30] constraint row equilibration: x1.59e-01 .. 1.75e-01 (cancels out of the solution; check with --bedeq unit)
  [00:30] L: n=51914 nnz=963493 (18.6/row) bedmode=constraint, factorising ...
  [00:32] splu 1.2s
  [00:32] static projection test: div 8.16e-15 OK   bed 1.32e-14 OK
  [00:32] dt=9.35 s  (2400 steps, 120/period)  T=1122.0 s
  [00:32] sponge: Lsl=1200 m (0.40 Lx)  taus=30.0 s  taus/T=0.0267  dt/taus=0.31 OK
    [00:32 elapsed] time loop: 2400 steps
    [00:45] consistency: div 8.23e-17  bed 5.21e-16   BOTH OK
    [00:45] t/T=  4.0  max|u|=7.203e-03  max|w|=3.133e-03
    [00:59] consistency: div 8.26e-17  bed 7.24e-16   BOTH OK
    [00:59] t/T=  8.0  max|u|=5.954e-03  max|w|=2.989e-03
    [01:13] consistency: div 8.19e-17  bed 8.63e-16   BOTH OK
    [01:13] t/T= 12.0  max|u|=5.915e-03  max|w|=3.050e-03
    [01:27] consistency: div 8.28e-17  bed 5.83e-16   BOTH OK
    [01:27] t/T= 16.0  max|u|=5.739e-03  max|w|=2.990e-03
    [01:40] consistency: div 8.27e-17  bed 8.21e-16   BOTH OK
    [01:40] t/T= 20.0  max|u|=5.738e-03  max|w|=3.006e-03

  fit over |x| in [200,500] m, 64 points, rms residual 2.0 m
  field: max/mean 28.2  (>>5 means a coherent beam; ~5 means reflections dominate)
  BEAM ANGLE  measured 50.41   nonhydrostatic 53.13   hydrostatic 38.66   error -2.72 deg (-5.1%)

  total wall time 01:40

