
=== iwbcurv  omega/N=0.8  384x151  20 periods  Lx=6.0 km  D0=1000 m  k=2  FULLY CURVILINEAR ===
  theory: nonhydrostatic 53.13 deg (Eq.30)   hydrostatic 38.66 deg (Eq.31)
  window: [200, 500] m  (bounce = 750 m)
  [00:00] generating grid (TFI, position-dependent beta) ...
  [00:22] jacobian  : ALL +   |J| 78.04 .. 180.3
  [00:22] grid angle: 61.7 - 118.3 deg  (90 = orthogonal)
  [00:22] xi-line wander top-to-bottom: 147.7 m  -> FULLY CURVILINEAR
  [00:22] r_x       : max 0.755  median 0.000  OK (<1)
  [00:22] resolution: dx=15.7 m  dz=6.7 m  aspect 0.426
  [00:22] lepticity : h_e=551 m  lambda=dx/h_e=0.0284  Gamma~0.0008  OK (<<1)
  [00:22] beam      : slope 1.3333, bounce 0.75 km, 8.0 bounces across the domain
  [00:22] MOLE jacobian2D on the transposed grid: ALL +
  [00:25] bottom/top BC: w = (z_xi/x_xi) u   |slope| max 0.3509
  [00:25] C: 766 bed rows, 2298 nnz; agrees with bc_residual loop to 2.22e-16
  [00:25] D*G on the bed ghost rows: max|entry| 0.00e+00 (empty, as expected)
  [00:25] constraint row equilibration: x1.18e-01 .. 1.30e-01 (cancels out of the solution; check with --bedeq unit)
  [00:25] L: n=58520 nnz=1087629 (18.6/row) bedmode=constraint, factorising ...
  [00:26] splu 0.9s
  [00:26] static projection test: div 1.87e-14 OK   bed 2.76e-14 OK
  [00:26] dt=9.35 s  (2400 steps, 120/period)  T=1122.0 s
  [00:26] sponge: Lsl=1200 m (0.20 Lx)  taus=37.4 s  taus/T=0.0333  dt/taus=0.25 OK
    [00:26 elapsed] time loop: 2400 steps
    [00:35] consistency: div 9.05e-17  bed 1.24e-15   BOTH OK
    [00:35] t/T=  4.0  max|u|=7.382e-03  max|w|=3.268e-03
    [00:44] consistency: div 9.03e-17  bed 1.69e-15   BOTH OK
    [00:44] t/T=  8.0  max|u|=6.714e-03  max|w|=3.099e-03
    [00:54] consistency: div 8.99e-17  bed 1.68e-15   BOTH OK
    [00:54] t/T= 12.0  max|u|=6.775e-03  max|w|=3.049e-03
    [01:03] consistency: div 9.00e-17  bed 1.55e-15   BOTH OK
    [01:03] t/T= 16.0  max|u|=6.592e-03  max|w|=3.124e-03
    [01:12] consistency: div 9.03e-17  bed 1.78e-15   BOTH OK
    [01:12] t/T= 20.0  max|u|=6.290e-03  max|w|=3.047e-03

  fit over |x| in [200,500] m, 48 points, rms residual 2.1 m
  field: max/mean 12.8  (>>5 means a coherent beam; ~5 means reflections dominate)
  BEAM ANGLE  measured 52.92   nonhydrostatic 53.13   hydrostatic 38.66   error -0.21 deg (-0.4%)

  total wall time 01:12

