
=== iwbcurv  omega/N=0.2  384x151  20 periods  Lx=6.0 km  D0=1000 m  k=2  FULLY CURVILINEAR ===
  theory: nonhydrostatic 11.54 deg (Eq.30)   hydrostatic 11.31 deg (Eq.31)
  window: [200, 500] m  (bounce = 4899 m)
  [00:00] generating grid (TFI, position-dependent beta) ...
  [00:22] jacobian  : ALL +   |J| 78.04 .. 180.3
  [00:22] grid angle: 61.7 - 118.3 deg  (90 = orthogonal)
  [00:22] xi-line wander top-to-bottom: 147.7 m  -> FULLY CURVILINEAR
  [00:22] r_x       : max 0.755  median 0.000  OK (<1)
  [00:22] resolution: dx=15.7 m  dz=6.7 m  aspect 0.426
  [00:22] lepticity : h_e=551 m  lambda=dx/h_e=0.0284  Gamma~0.0008  OK (<<1)
  [00:22] beam      : slope 0.2041, bounce 4.90 km, 1.2 bounces across the domain
  [00:22] MOLE jacobian2D on the transposed grid: ALL +
  [00:25] bottom/top BC: w = (z_xi/x_xi) u   |slope| max 0.3509
  [00:25] C: 766 bed rows, 2298 nnz; agrees with bc_residual loop to 2.22e-16
  [00:25] D*G on the bed ghost rows: max|entry| 0.00e+00 (empty, as expected)
  [00:25] constraint row equilibration: x1.18e-01 .. 1.30e-01 (cancels out of the solution; check with --bedeq unit)
  [00:25] L: n=58520 nnz=1087629 (18.6/row) bedmode=constraint, factorising ...
  [00:25] splu 0.9s
  [00:25] static projection test: div 1.87e-14 OK   bed 2.76e-14 OK
  [00:25] dt=37.40 s  (2400 steps, 120/period)  T=4488.0 s
  [00:25] sponge: Lsl=1200 m (0.20 Lx)  taus=149.6 s  taus/T=0.0333  dt/taus=0.25 OK
    [00:25 elapsed] time loop: 2400 steps
    [00:34] consistency: div 8.75e-17  bed 7.49e-16   BOTH OK
    [00:34] t/T=  4.0  max|u|=1.793e-02  max|w|=5.395e-03
    [00:44] consistency: div 8.64e-17  bed 5.50e-16   BOTH OK
    [00:44] t/T=  8.0  max|u|=1.846e-02  max|w|=5.731e-03
    [00:53] consistency: div 8.60e-17  bed 5.32e-16   BOTH OK
    [00:53] t/T= 12.0  max|u|=1.831e-02  max|w|=5.733e-03
    [01:03] consistency: div 8.48e-17  bed 6.45e-16   BOTH OK
    [01:03] t/T= 16.0  max|u|=1.811e-02  max|w|=5.674e-03
    [01:12] consistency: div 8.46e-17  bed 6.45e-16   BOTH OK
    [01:12] t/T= 20.0  max|u|=1.819e-02  max|w|=5.681e-03

  fit over |x| in [200,500] m, 48 points, rms residual 2.0 m
  field: max/mean 16.7  (>>5 means a coherent beam; ~5 means reflections dominate)
  BEAM ANGLE  measured 13.82   nonhydrostatic 11.54   hydrostatic 11.31   error +2.29 deg (+19.8%)

  total wall time 01:12

