
=== iwbcurv  omega/N=0.2  256x101  20 periods  Lx=6.0 km  D0=1000 m  k=2  FULLY CURVILINEAR ===
  theory: nonhydrostatic 11.54 deg (Eq.30)   hydrostatic 11.31 deg (Eq.31)
  window: [200, 500] m  (bounce = 4899 m)
  [00:00] generating grid (TFI, position-dependent beta) ...
  [00:12] jacobian  : ALL +   |J| 175.9 .. 405
  [00:12] grid angle: 61.7 - 118.3 deg  (90 = orthogonal)
  [00:12] xi-line wander top-to-bottom: 147.7 m  -> FULLY CURVILINEAR
  [00:12] r_x       : max 0.709  median 0.000  OK (<1)
  [00:12] resolution: dx=23.5 m  dz=10.0 m  aspect 0.425
  [00:12] lepticity : h_e=551 m  lambda=dx/h_e=0.0427  Gamma~0.0018  OK (<<1)
  [00:12] beam      : slope 0.2041, bounce 4.90 km, 1.2 bounces across the domain
  [00:12] MOLE jacobian2D on the transposed grid: ALL +
  [00:14] bottom/top BC: w = (z_xi/x_xi) u   |slope| max 0.3176
  [00:14] C: 510 bed rows, 1530 nnz; agrees with bc_residual loop to 2.22e-16
  [00:14] D*G on the bed ghost rows: max|entry| 0.00e+00 (empty, as expected)
  [00:14] constraint row equilibration: x7.97e-02 .. 8.68e-02 (cancels out of the solution; check with --bedeq unit)
  [00:14] L: n=26214 nnz=474062 (18.1/row) bedmode=constraint, factorising ...
  [00:14] splu 0.3s
  [00:14] static projection test: div 2.51e-14 OK   bed 4.04e-14 OK
  [00:14] dt=37.40 s  (2400 steps, 120/period)  T=4488.0 s
  [00:14] sponge: Lsl=1200 m (0.20 Lx)  taus=149.6 s  taus/T=0.0333  dt/taus=0.25 OK
    [00:14 elapsed] time loop: 2400 steps
    [00:18] consistency: div 4.04e-17  bed 3.96e-16   BOTH OK
    [00:18] t/T=  4.0  max|u|=1.459e-02  max|w|=4.793e-03
    [00:21] consistency: div 3.97e-17  bed 4.19e-16   BOTH OK
    [00:21] t/T=  8.0  max|u|=1.409e-02  max|w|=4.742e-03
    [00:24] consistency: div 3.94e-17  bed 4.96e-16   BOTH OK
    [00:24] t/T= 12.0  max|u|=1.411e-02  max|w|=4.719e-03
    [00:27] consistency: div 3.89e-17  bed 4.82e-16   BOTH OK
    [00:27] t/T= 16.0  max|u|=1.408e-02  max|w|=4.721e-03
    [00:30] consistency: div 3.87e-17  bed 4.04e-16   BOTH OK
    [00:30] t/T= 20.0  max|u|=1.412e-02  max|w|=4.728e-03

  fit over |x| in [200,500] m, 32 points, rms residual 2.5 m
  field: max/mean 12.5  (>>5 means a coherent beam; ~5 means reflections dominate)
  BEAM ANGLE  measured 14.86   nonhydrostatic 11.54   hydrostatic 11.31   error +3.32 deg (+28.8%)

  total wall time 00:30

