
=== iwbcurv  omega/N=0.6  512x201  20 periods  Lx=6.0 km  D0=1000 m  k=2  FULLY CURVILINEAR ===
  theory: nonhydrostatic 36.87 deg (Eq.30)   hydrostatic 30.96 deg (Eq.31)
  window: [600, 1000] m  (bounce = 1333 m)
  [00:00] generating grid (TFI, position-dependent beta) ...
  [00:36] jacobian  : ALL +   |J| 43.86 .. 101.5
  [00:36] grid angle: 61.7 - 118.3 deg  (90 = orthogonal)
  [00:36] xi-line wander top-to-bottom: 147.7 m  -> FULLY CURVILINEAR
  [00:36] r_x       : max 0.776  median 0.000  OK (<1)
  [00:36] resolution: dx=11.7 m  dz=5.0 m  aspect 0.426
  [00:36] lepticity : h_e=551 m  lambda=dx/h_e=0.0213  Gamma~0.0005  OK (<<1)
  [00:36] beam      : slope 0.7500, bounce 1.33 km, 4.5 bounces across the domain
  [00:37] MOLE jacobian2D on the transposed grid: ALL +
  [00:39] bottom/top BC: w = (z_xi/x_xi) u   |slope| max 0.3795
  [00:39] C: 1022 bed rows, 3066 nnz; agrees with bc_residual loop to 2.22e-16
  [00:39] D*G on the bed ghost rows: max|entry| 0.00e+00 (empty, as expected)
  [00:40] constraint row equilibration: x1.57e-01 .. 1.73e-01 (cancels out of the solution; check with --bedeq unit)
  [00:40] L: n=103626 nnz=1901276 (18.3/row) bedmode=constraint, factorising ...
  [00:41] splu 1.8s
  [00:41] static projection test: div 6.27e-14 OK   bed 1.92e-13 OK
  [00:41] dt=12.47 s  (2400 steps, 120/period)  T=1496.0 s
  [00:41] sponge: Lsl=1200 m (0.20 Lx)  taus=49.9 s  taus/T=0.0333  dt/taus=0.25 OK
    [00:41 elapsed] time loop: 2400 steps
    [00:59] consistency: div 1.74e-16  bed 1.05e-15   BOTH OK
    [00:59] t/T=  4.0  max|u|=1.246e-02  max|w|=3.947e-03
    [01:17] consistency: div 1.73e-16  bed 1.34e-15   BOTH OK
    [01:17] t/T=  8.0  max|u|=1.072e-02  max|w|=4.105e-03
    [01:34] consistency: div 1.73e-16  bed 1.18e-15   BOTH OK
    [01:34] t/T= 12.0  max|u|=1.030e-02  max|w|=4.229e-03
    [01:52] consistency: div 1.72e-16  bed 1.19e-15   BOTH OK
    [01:52] t/T= 16.0  max|u|=1.112e-02  max|w|=3.745e-03
    [02:10] consistency: div 1.72e-16  bed 1.06e-15   BOTH OK
    [02:10] t/T= 20.0  max|u|=1.051e-02  max|w|=3.731e-03

  fit over |x| in [600,1000] m, 76 points, rms residual 1.7 m
  field: max/mean 18.1  (>>5 means a coherent beam; ~5 means reflections dominate)
  BEAM ANGLE  measured 37.06   nonhydrostatic 36.87   hydrostatic 30.96   error +0.19 deg (+0.5%)

  total wall time 02:10

