
=== iwbcurv  omega/N=0.8  512x201  20 periods  Lx=6.0 km  D0=1000 m  k=2  FULLY CURVILINEAR ===
  theory: nonhydrostatic 53.13 deg (Eq.30)   hydrostatic 38.66 deg (Eq.31)
  window: [150, 337] m  (bounce = 750 m)
  [00:00] generating grid (TFI, position-dependent beta) ...
  [00:50] jacobian  : ALL +   |J| 43.86 .. 101.5
  [00:50] grid angle: 61.7 - 118.3 deg  (90 = orthogonal)
  [00:50] xi-line wander top-to-bottom: 147.7 m  -> FULLY CURVILINEAR
  [00:50] r_x       : max 0.776  median 0.000  OK (<1)
  [00:50] resolution: dx=11.7 m  dz=5.0 m  aspect 0.426
  [00:50] lepticity : h_e=551 m  lambda=dx/h_e=0.0213  Gamma~0.0005  OK (<<1)
  [00:50] beam      : slope 1.3333, bounce 0.75 km, 8.0 bounces across the domain
  [00:50] MOLE jacobian2D on the transposed grid: ALL +
  [00:54] bottom/top BC: w = (z_xi/x_xi) u   |slope| max 0.3795
  [00:54] C: 1022 bed rows, 3066 nnz; agrees with bc_residual loop to 2.22e-16
  [00:54] D*G on the bed ghost rows: max|entry| 0.00e+00 (empty, as expected)
  [00:54] constraint row equilibration: x1.57e-01 .. 1.73e-01 (cancels out of the solution; check with --bedeq unit)
  [00:54] L: n=103626 nnz=1901276 (18.3/row) bedmode=constraint, factorising ...
  [00:57] splu 3.0s
  [00:57] static projection test: div 6.27e-14 OK   bed 1.92e-13 OK
  [00:57] dt=9.35 s  (2400 steps, 120/period)  T=1122.0 s
  [00:57] sponge: Lsl=1200 m (0.20 Lx)  taus=37.4 s  taus/T=0.0333  dt/taus=0.25 OK
    [00:57 elapsed] time loop: 2400 steps
    [01:25] consistency: div 1.73e-16  bed 1.58e-15   BOTH OK
    [01:25] t/T=  4.0  max|u|=9.245e-03  max|w|=3.351e-03
    [01:55] consistency: div 1.73e-16  bed 1.88e-15   BOTH OK
    [01:55] t/T=  8.0  max|u|=7.548e-03  max|w|=3.242e-03
    [02:24] consistency: div 1.73e-16  bed 1.70e-15   BOTH OK
    [02:24] t/T= 12.0  max|u|=8.138e-03  max|w|=3.453e-03
    [02:52] consistency: div 1.73e-16  bed 1.85e-15   BOTH OK
    [02:52] t/T= 16.0  max|u|=7.257e-03  max|w|=3.328e-03
    [03:20] consistency: div 1.73e-16  bed 1.86e-15   BOTH OK
    [03:20] t/T= 20.0  max|u|=7.151e-03  max|w|=3.360e-03

  fit over |x| in [150,337] m, 42 points, rms residual 1.8 m
  field: max/mean 13.7  (>>5 means a coherent beam; ~5 means reflections dominate)
  BEAM ANGLE  measured 52.52   nonhydrostatic 53.13   hydrostatic 38.66   error -0.61 deg (-1.2%)

  total wall time 03:20

