
=== iwbcurv  omega/N=0.6  1152x226  20 periods  Lx=3.0 km  D0=1000 m  k=2  alpha=1e-06  ramp=3T  FULLY CURVILINEAR ===
  theory: nonhydrostatic 0.38 deg (Eq.30)   hydrostatic 0.38 deg (Eq.31)
  N(z) from mry_N.txt: 1.00e-04 .. 2.50e-02 1/s over the water column
  beam slope varies 0.0057 .. 0.0703 (5-95%); the angle above is the mid-depth value only
  *** N < omega over 5% of the column: evanescent there, no propagating beam ***
  window: auto [22793, 1350] m (bounce = 151954 m; keeps the fit inside the first bounce)
  [00:00] generating grid (TFI, position-dependent beta) ...
  [17:45] jacobian  : ALL +   |J| 0.6864 .. 1.692
  [17:45] grid angle: 9.5 - 170.2 deg  (90 = orthogonal)
  [17:45] xi-line wander top-to-bottom: 73.8 m  -> FULLY CURVILINEAR
  [17:45] r_x       : max 0.056  median 0.006  OK (<1)
  [17:45] resolution: dx=2.6 m  dz=4.4 m  aspect 1.705
  [17:45] lepticity : h_e=551 m  lambda=dx/h_e=0.0047  Gamma~0.0000  OK (<<1)
  [17:45] beam      : slope 0.0066, bounce 151.95 km, 0.0 bounces across the domain
  [17:50] MOLE jacobian2D on the transposed grid: ALL +
  [17:50] N(z) mapped to 261731 centres: N 1.00e-04 .. 1.53e-02 1/s
  [17:50] buoyancy coupling: energy-adjoint Ic_z; row sums 1.000000..1.000000; max change vs MOLE 1.000e+00; adjointness error 5.2e-14
  [17:50] bottom/top BC: w = (z_xi/x_xi) u   |slope| max 0.0044
  [17:50] C: 2302 bed rows, 6906 nnz; agrees with bc_residual loop to 1.73e-18
  [17:50] D*G on the bed ghost rows: max|entry| 0.00e+00 (empty, as expected)
  [17:50] constraint row equilibration: x1.79e+00 .. 2.16e+00 (cancels out of the solution; check with --bedeq unit)
  [17:50] L: n=261731 nnz=5453989 (20.8/row) bedmode=constraint, factorising ...
python.exe : C:\Users\dap21\anaconda3\envs\mole\Lib\site-packages\cupy\_environment.py:286: UserWarning: CUDA path 
could not be detected. Set CUDA_PATH environment variable if CuPy fails to load.
At C:\Users\dap21\gccom-mole-experiments-2026\mry_trim.ps1:48 char:12
+     $out = & python iwbcurv.py --mole $env:MOLE_SRC @common @a 2>&1
+            ~~~~~~~~~~~~~~~~~~~~~~~~~~~~~~~~~~~~~~~~~~~~~~~~~~~~~~~~
    + CategoryInfo          : NotSpecified: (C:\Users\dap21\... fails to load.:String) [], RemoteException
    + FullyQualifiedErrorId : NativeCommandError
 
  warnings.warn(
No multithreading interface library was specified using the DirectSolverOptions. The performance of CPU operations 
like planning will be significantly lower than if you provide a multithreading library.
  [17:53] cudss factorise 2.9s  (GPU, FP64)
  [17:53] static projection test: div 4.49e-11 OK   bed 1.23e-10 OK
  [17:53] dt=74.53 s  (12000 steps, 600/period)  T=44720.2 s
  [17:53] sponge: Lsl=450 m (0.15 Lx)  taus=1490.0 s  taus/T=0.0333  dt/taus=0.05 OK
  [17:53] barotropic forcing: uniform transport, u_bc/u0 spans 10.00 .. 10.00 (depth 79.6 .. 85.6 m, clip 10)
  [17:53] time loop on the GPU: fields and operators resident; 2182/8188 MiB in use
  [17:54] stiffness : N_max*dt = 1.14 (N_max 1.53e-02, dt 74.5 s)  MARGINAL
    [17:54 elapsed] time loop: 12000 steps
    [18:06] consistency: div 6.60e-15  bed 6.75e-15   BOTH OK
    [18:06] t/T=  4.0  max|u|=2.032e-01 at (x=    -199, z=  -83.4)  max|w|=2.659e-03

  *** DIVERGED at t/T=6.33: max|u|=5.029e-01, 50.3x the forcing amplitude u0=0.01 ***
  (no beam angle reported -- the field is not physical)

