
=== iwbcurv  omega/N=0.6  768x151  20 periods  Lx=3.0 km  D0=1000 m  k=2  alpha=1e-06  ramp=3T  FULLY CURVILINEAR ===
  theory: nonhydrostatic 0.38 deg (Eq.30)   hydrostatic 0.38 deg (Eq.31)
  N(z) from mry_N.txt: 1.00e-04 .. 2.50e-02 1/s over the water column
  beam slope varies 0.0057 .. 0.0703 (5-95%); the angle above is the mid-depth value only
  *** N < omega over 5% of the column: evanescent there, no propagating beam ***
  window: auto [22793, 1350] m (bounce = 151954 m; keeps the fit inside the first bounce)
  [00:00] generating grid (TFI, position-dependent beta) ...
  [08:23] jacobian  : ALL +   |J| 1.545 .. 3.805
  [08:23] grid angle: 9.5 - 170.2 deg  (90 = orthogonal)
  [08:23] xi-line wander top-to-bottom: 73.8 m  -> FULLY CURVILINEAR
  [08:23] r_x       : max 0.056  median 0.006  OK (<1)
  [08:23] resolution: dx=3.9 m  dz=6.7 m  aspect 1.704
  [08:23] lepticity : h_e=551 m  lambda=dx/h_e=0.0071  Gamma~0.0001  OK (<<1)
  [08:23] beam      : slope 0.0066, bounce 151.95 km, 0.0 bounces across the domain
  [08:27] MOLE jacobian2D on the transposed grid: ALL +
  [08:27] N(z) mapped to 116888 centres: N 1.00e-04 .. 1.53e-02 1/s
  [08:27] buoyancy coupling: energy-adjoint Ic_z; row sums 1.000000..1.000000; max change vs MOLE 1.000e+00; adjointness error 2.4e-16
  [08:27] bottom/top BC: w = (z_xi/x_xi) u   |slope| max 0.0044
  [08:27] C: 1534 bed rows, 4602 nnz; agrees with bc_residual loop to 5.55e-17
  [08:27] D*G on the bed ghost rows: max|entry| 0.00e+00 (empty, as expected)
  [08:27] constraint row equilibration: x1.19e+00 .. 1.44e+00 (cancels out of the solution; check with --bedeq unit)
  [08:27] L: n=116888 nnz=2426472 (20.8/row) bedmode=constraint, factorising ...
python.exe : C:\Users\dap21\anaconda3\envs\mole\Lib\site-packages\cupy\_environment.py:286: UserWarning: CUDA path 
could not be detected. Set CUDA_PATH environment variable if CuPy fails to load.
At C:\Users\dap21\gccom-mole-experiments-2026\mry_trim.ps1:48 char:12
+     $out = & python iwbcurv.py --mole $env:MOLE_SRC @common @a 2>&1
+            ~~~~~~~~~~~~~~~~~~~~~~~~~~~~~~~~~~~~~~~~~~~~~~~~~~~~~~~~
    + CategoryInfo          : NotSpecified: (C:\Users\dap21\... fails to load.:String) [], RemoteException
    + FullyQualifiedErrorId : NativeCommandError
 
  warnings.warn(
No multithreading interface library was specified using the DirectSolverOptions. The performance of CPU operations 
like planning will be significantly lower than if you provide a multithreading library.
  [08:29] cudss factorise 1.7s  (GPU, FP64)
  [08:29] static projection test: div 1.86e-11 OK   bed 4.94e-11 OK
  [08:29] dt=74.53 s  (12000 steps, 600/period)  T=44720.2 s
  [08:29] sponge: Lsl=450 m (0.15 Lx)  taus=1490.0 s  taus/T=0.0333  dt/taus=0.05 OK
  [08:29] barotropic forcing: uniform transport, u_bc/u0 spans 10.00 .. 10.00 (depth 79.6 .. 85.6 m, clip 10)
  [08:29] time loop on the GPU: fields and operators resident; 1640/8188 MiB in use
  [08:29] stiffness : N_max*dt = 1.14 (N_max 1.53e-02, dt 74.5 s)  MARGINAL
    [08:29 elapsed] time loop: 12000 steps
    [08:36] consistency: div 3.02e-15  bed 3.17e-15   BOTH OK
    [08:36] t/T=  4.0  max|u|=2.023e-01 at (x=    -200, z=  -83.3)  max|w|=2.660e-03

  *** DIVERGED at t/T=6.33: max|u|=5.015e-01, 50.2x the forcing amplitude u0=0.01 ***
  (no beam angle reported -- the field is not physical)

