
=== iwbcurv  omega/N=0.6  384x76  20 periods  Lx=3.0 km  D0=1000 m  k=2  alpha=1e-06  ramp=0T  FULLY CURVILINEAR ===
  theory: nonhydrostatic 0.38 deg (Eq.30)   hydrostatic 0.38 deg (Eq.31)
  N(z) from mry_N.txt: 1.00e-04 .. 2.50e-02 1/s over the water column
  beam slope varies 0.0057 .. 0.0703 (5-95%); the angle above is the mid-depth value only
  *** N < omega over 5% of the column: evanescent there, no propagating beam ***
  window: auto [22793, 1350] m (bounce = 151954 m; keeps the fit inside the first bounce)
  [00:00] generating grid (TFI, position-dependent beta) ...
  [02:02] jacobian  : ALL +   |J| 6.169 .. 15.62
  [02:02] grid angle: 9.4 - 170.2 deg  (90 = orthogonal)
  [02:02] xi-line wander top-to-bottom: 73.8 m  -> FULLY CURVILINEAR
  [02:02] r_x       : max 0.078  median 0.006  OK (<1)
  [02:02] resolution: dx=7.8 m  dz=13.3 m  aspect 1.702
  [02:02] lepticity : h_e=551 m  lambda=dx/h_e=0.0142  Gamma~0.0002  OK (<<1)
  [02:02] beam      : slope 0.0066, bounce 151.95 km, 0.0 bounces across the domain
  [02:06] MOLE jacobian2D on the transposed grid: ALL +
  [02:06] N(z) mapped to 29645 centres: N 1.00e-04 .. 1.53e-02 1/s
  [02:06] buoyancy coupling: energy-adjoint Ic_z; row sums 1.000000..1.000000; max change vs MOLE 1.000e+00; adjointness error 8.0e-15
  [02:06] bottom/top BC: w = (z_xi/x_xi) u   |slope| max 0.0061
  [02:06] C: 766 bed rows, 2298 nnz; agrees with bc_residual loop to 2.17e-19
  [02:06] D*G on the bed ghost rows: max|entry| 0.00e+00 (empty, as expected)
  [02:06] constraint row equilibration: x5.94e-01 .. 7.33e-01 (cancels out of the solution; check with --bedeq unit)
  [02:06] L: n=29645 nnz=608511 (20.5/row) bedmode=constraint, factorising ...
python.exe : C:\Users\dap21\anaconda3\envs\mole\Lib\site-packages\cupy\_environment.py:286: UserWarning: CUDA path 
could not be detected. Set CUDA_PATH environment variable if CuPy fails to load.
At C:\Users\dap21\gccom-mole-experiments-2026\mry_trim.ps1:48 char:12
+     $out = & python iwbcurv.py --mole $env:MOLE_SRC @common @a 2>&1
+            ~~~~~~~~~~~~~~~~~~~~~~~~~~~~~~~~~~~~~~~~~~~~~~~~~~~~~~~~
    + CategoryInfo          : NotSpecified: (C:\Users\dap21\... fails to load.:String) [], RemoteException
    + FullyQualifiedErrorId : NativeCommandError
 
  warnings.warn(
No multithreading interface library was specified using the DirectSolverOptions. The performance of CPU operations 
like planning will be significantly lower than if you provide a multithreading library.
  [02:07] cudss factorise 0.9s  (GPU, FP64)
  [02:07] static projection test: div 3.42e-11 OK   bed 5.87e-11 OK
  [02:07] dt=74.53 s  (12000 steps, 600/period)  T=44720.2 s
  [02:07] sponge: Lsl=450 m (0.15 Lx)  taus=1490.0 s  taus/T=0.0333  dt/taus=0.05 OK
  [02:07] random initial field, amplitude 0.001, projected: ||u|| 1.599e-01  ||w|| 5.144e-02
  [02:07] blow-up threshold 1.97e-01 = 50x the initial max|u| 3.93e-03
  [02:07] probe box |x-0|<20000 m, within 500 m of the local bed: 29108 w-faces
  [02:07] time loop on the GPU: fields and operators resident; 1288/8188 MiB in use
  [02:07] stiffness : N_max*dt = 1.14 (N_max 1.53e-02, dt 74.5 s)  MARGINAL
    [02:07 elapsed] time loop: 12000 steps
    probe t/T=   1.0  ||u||=1.0491e-01  ||w||=3.5496e-02  ridge ||w||=3.5496e-02  max|w|=1.099e-03
    probe t/T=   2.0  ||u||=9.9184e-02  ||w||=3.3818e-02  ridge ||w||=3.3818e-02  max|w|=9.608e-04
    probe t/T=   3.0  ||u||=9.4820e-02  ||w||=3.2675e-02  ridge ||w||=3.2675e-02  max|w|=9.814e-04
    probe t/T=   4.0  ||u||=9.2577e-02  ||w||=3.1235e-02  ridge ||w||=3.1235e-02  max|w|=9.297e-04
    [02:10] consistency: div 8.62e-14  bed 1.41e-13   BOTH OK
    [02:10] t/T=  4.0  max|u|=2.725e-03 at (x=     132, z=  -35.8)  max|w|=9.297e-04
    probe t/T=   5.0  ||u||=8.8942e-02  ||w||=2.9725e-02  ridge ||w||=2.9725e-02  max|w|=1.065e-03
    probe t/T=   6.0  ||u||=8.5928e-02  ||w||=2.9227e-02  ridge ||w||=2.9227e-02  max|w|=8.782e-04
    probe t/T=   7.0  ||u||=8.4733e-02  ||w||=2.8572e-02  ridge ||w||=2.8572e-02  max|w|=8.549e-04
    probe t/T=   8.0  ||u||=8.2495e-02  ||w||=2.8148e-02  ridge ||w||=2.8148e-02  max|w|=9.618e-04
    [02:14] consistency: div 3.16e-13  bed 3.27e-13   BOTH OK
    [02:14] t/T=  8.0  max|u|=2.353e-03 at (x=    -201, z=  -33.9)  max|w|=9.618e-04
    probe t/T=   9.0  ||u||=8.0289e-02  ||w||=2.7708e-02  ridge ||w||=2.7708e-02  max|w|=9.132e-04
    probe t/T=  10.0  ||u||=7.9147e-02  ||w||=2.6740e-02  ridge ||w||=2.6740e-02  max|w|=9.211e-04
    probe t/T=  11.0  ||u||=7.7568e-02  ||w||=2.6948e-02  ridge ||w||=2.6948e-02  max|w|=1.073e-03
    probe t/T=  12.0  ||u||=7.6212e-02  ||w||=2.6163e-02  ridge ||w||=2.6163e-02  max|w|=9.061e-04
    [02:18] consistency: div 2.60e-14  bed 5.24e-14   BOTH OK
    [02:18] t/T= 12.0  max|u|=2.155e-03 at (x=     132, z=  -39.1)  max|w|=9.061e-04
    probe t/T=  13.0  ||u||=7.5945e-02  ||w||=2.6662e-02  ridge ||w||=2.6662e-02  max|w|=8.539e-04
    probe t/T=  14.0  ||u||=7.3971e-02  ||w||=2.5760e-02  ridge ||w||=2.5760e-02  max|w|=8.219e-04
    probe t/T=  15.0  ||u||=7.3593e-02  ||w||=2.5894e-02  ridge ||w||=2.5894e-02  max|w|=7.890e-04
    probe t/T=  16.0  ||u||=7.2151e-02  ||w||=2.5494e-02  ridge ||w||=2.5494e-02  max|w|=9.273e-04
    [02:21] consistency: div 7.58e-15  bed 5.98e-15   BOTH OK
    [02:21] t/T= 16.0  max|u|=2.693e-03 at (x=    -251, z=  -44.0)  max|w|=9.273e-04
    probe t/T=  17.0  ||u||=7.1522e-02  ||w||=2.5860e-02  ridge ||w||=2.5860e-02  max|w|=8.337e-04
    probe t/T=  18.0  ||u||=7.0030e-02  ||w||=2.5268e-02  ridge ||w||=2.5268e-02  max|w|=8.535e-04
    probe t/T=  19.0  ||u||=6.9957e-02  ||w||=2.5750e-02  ridge ||w||=2.5750e-02  max|w|=7.995e-04
    probe t/T=  20.0  ||u||=6.9297e-02  ||w||=2.4776e-02  ridge ||w||=2.4776e-02  max|w|=8.554e-04
    [02:25] consistency: div 3.83e-15  bed 3.58e-15   BOTH OK
    [02:25] t/T= 20.0  max|u|=2.557e-03 at (x=      87, z=  -50.2)  max|w|=8.554e-04
  [02:25] time loop: 12000 steps in 18.1 s = 1.5 ms/step  (solver cudss: solve 0.6, everything else 0.9 ms/step)
  GROWTH  ridge ||w||   periods 11-20: rate -0.0069 per period  decay time 144.7 periods  -> stable
  GROWTH  domain ||w||  periods 11-20: rate -0.0069 per period  decay time 144.7 periods  -> stable

  (free run: no forcing, no beam angle)

