
=== iwbcurv  omega/N=0.6  384x76  20 periods  Lx=3.0 km  D0=1000 m  k=2  alpha=1e-06  ramp=0T  FULLY CURVILINEAR ===
  theory: nonhydrostatic 0.38 deg (Eq.30)   hydrostatic 0.38 deg (Eq.31)
  N(z) from mry_N.txt: 1.00e-04 .. 2.50e-02 1/s over the water column
  beam slope varies 0.0057 .. 0.0703 (5-95%); the angle above is the mid-depth value only
  *** N < omega over 5% of the column: evanescent there, no propagating beam ***
  window: auto [22793, 1350] m (bounce = 151954 m; keeps the fit inside the first bounce)
  [00:00] grid from cache (grid_1a8fcd5db0b64893.npz)
  [00:00] jacobian  : ALL +   |J| 6.189 .. 15.2
  [00:00] grid angle: 9.5 - 170.2 deg  (90 = orthogonal)
  [00:00] xi-line wander top-to-bottom: 73.8 m  -> FULLY CURVILINEAR
  [00:00] r_x       : max 0.056  median 0.006  OK (<1)
  [00:00] resolution: dx=7.8 m  dz=13.3 m  aspect 1.702
  [00:00] lepticity : h_e=551 m  lambda=dx/h_e=0.0142  Gamma~0.0002  OK (<<1)
  [00:00] beam      : slope 0.0066, bounce 151.95 km, 0.0 bounces across the domain
  [00:00] operators from cache (ops_2433ddebb98853cb.npz)
  [00:00] MOLE jacobian2D on the transposed grid: ALL +
  [00:00] N(z) mapped to 29645 centres: N 1.00e-04 .. 1.53e-02 1/s
  [00:00] buoyancy coupling: energy-adjoint Ic_z; row sums 1.000000..1.000000; max change vs MOLE 1.000e+00; adjointness error 5.1e-15
  [00:00] bottom/top BC: w = (z_xi/x_xi) u   |slope| max 0.0044
  [00:00] C: 766 bed rows, 2298 nnz; agrees with bc_residual loop to 1.08e-19
  [00:00] D*G on the bed ghost rows: max|entry| 0.00e+00 (empty, as expected)
  [00:00] constraint row equilibration: x5.96e-01 .. 7.20e-01 (cancels out of the solution; check with --bedeq unit)
  [00:00] L: n=29645 nnz=608511 (20.5/row) bedmode=constraint, factorising ...
python.exe : C:\Users\dap21\anaconda3\envs\mole\Lib\site-packages\cupy\_environment.py:286: UserWarning: CUDA path 
could not be detected. Set CUDA_PATH environment variable if CuPy fails to load.
At C:\Users\dap21\gccom-mole-experiments-2026\mry_trim.ps1:48 char:12
+     $out = & python iwbcurv.py --mole $env:MOLE_SRC @common @a 2>&1
+            ~~~~~~~~~~~~~~~~~~~~~~~~~~~~~~~~~~~~~~~~~~~~~~~~~~~~~~~~
    + CategoryInfo          : NotSpecified: (C:\Users\dap21\... fails to load.:String) [], RemoteException
    + FullyQualifiedErrorId : NativeCommandError
 
  warnings.warn(
No multithreading interface library was specified using the DirectSolverOptions. The performance of CPU operations 
like planning will be significantly lower than if you provide a multithreading library.
  [00:01] cudss factorise 0.8s  (GPU, FP64)
  [00:01] static projection test: div 3.33e-11 OK   bed 6.03e-11 OK
  [00:01] dt=74.53 s  (12000 steps, 600/period)  T=44720.2 s
  [00:01] sponge: Lsl=450 m (0.15 Lx)  taus=1490.0 s  taus/T=0.0333  dt/taus=0.05 OK
  [00:01] random initial field, amplitude 0.001, projected: ||u|| 1.599e-01  ||w|| 5.154e-02
  [00:01] blow-up threshold 1.97e-01 = 50x the initial max|u| 3.93e-03
  [00:01] probe box |x-0|<20000 m, within 500 m of the local bed: 29108 w-faces
  [00:01] time loop on the GPU: fields and operators resident; 1288/8188 MiB in use
  [00:01] stiffness : N_max*dt = 1.14 (N_max 1.53e-02, dt 74.5 s)  MARGINAL
    [00:01 elapsed] time loop: 12000 steps
    probe t/T=   1.0  ||u||=1.0511e-01  ||w||=3.6267e-02  ridge ||w||=3.6267e-02  max|w|=1.121e-03
    probe t/T=   2.0  ||u||=9.8911e-02  ||w||=3.3375e-02  ridge ||w||=3.3375e-02  max|w|=1.035e-03
    probe t/T=   3.0  ||u||=9.4879e-02  ||w||=3.2487e-02  ridge ||w||=3.2487e-02  max|w|=1.011e-03
    probe t/T=   4.0  ||u||=9.2122e-02  ||w||=3.0753e-02  ridge ||w||=3.0753e-02  max|w|=1.027e-03
    [00:04] consistency: div 1.37e-12  bed 2.60e-12   BOTH OK
    [00:04] t/T=  4.0  max|u|=2.393e-03 at (x=     -55, z=  -19.4)  max|w|=1.027e-03
    probe t/T=   5.0  ||u||=8.8835e-02  ||w||=3.0147e-02  ridge ||w||=3.0147e-02  max|w|=9.176e-04
    probe t/T=   6.0  ||u||=8.6537e-02  ||w||=2.9073e-02  ridge ||w||=2.9073e-02  max|w|=9.368e-04
    probe t/T=   7.0  ||u||=8.3920e-02  ||w||=2.8391e-02  ridge ||w||=2.8391e-02  max|w|=8.688e-04
    probe t/T=   8.0  ||u||=8.1688e-02  ||w||=2.7943e-02  ridge ||w||=2.7943e-02  max|w|=8.707e-04
    [00:08] consistency: div 1.82e-13  bed 3.32e-13   BOTH OK
    [00:08] t/T=  8.0  max|u|=2.304e-03 at (x=     399, z=  -43.4)  max|w|=8.707e-04
    probe t/T=   9.0  ||u||=8.0558e-02  ||w||=2.7688e-02  ridge ||w||=2.7688e-02  max|w|=9.187e-04
    probe t/T=  10.0  ||u||=7.9042e-02  ||w||=2.7171e-02  ridge ||w||=2.7171e-02  max|w|=8.430e-04
    probe t/T=  11.0  ||u||=7.7450e-02  ||w||=2.7118e-02  ridge ||w||=2.7118e-02  max|w|=8.072e-04
    probe t/T=  12.0  ||u||=7.7091e-02  ||w||=2.6573e-02  ridge ||w||=2.6573e-02  max|w|=8.633e-04
    [00:11] consistency: div 1.54e-14  bed 1.64e-14   BOTH OK
    [00:11] t/T= 12.0  max|u|=2.362e-03 at (x=     -53, z=  -45.0)  max|w|=8.633e-04
    probe t/T=  13.0  ||u||=7.5235e-02  ||w||=2.6027e-02  ridge ||w||=2.6027e-02  max|w|=8.872e-04
    probe t/T=  14.0  ||u||=7.4060e-02  ||w||=2.5812e-02  ridge ||w||=2.5812e-02  max|w|=8.919e-04
    probe t/T=  15.0  ||u||=7.2927e-02  ||w||=2.5857e-02  ridge ||w||=2.5857e-02  max|w|=9.528e-04
    probe t/T=  16.0  ||u||=7.2191e-02  ||w||=2.5399e-02  ridge ||w||=2.5399e-02  max|w|=8.821e-04
    [00:15] consistency: div 4.14e-15  bed 6.12e-15   BOTH OK
    [00:15] t/T= 16.0  max|u|=2.258e-03 at (x=      42, z=  -39.4)  max|w|=8.821e-04
    probe t/T=  17.0  ||u||=7.1038e-02  ||w||=2.5187e-02  ridge ||w||=2.5187e-02  max|w|=8.120e-04
    probe t/T=  18.0  ||u||=7.0865e-02  ||w||=2.5345e-02  ridge ||w||=2.5345e-02  max|w|=8.507e-04
    probe t/T=  19.0  ||u||=7.0498e-02  ||w||=2.5762e-02  ridge ||w||=2.5762e-02  max|w|=8.519e-04
    probe t/T=  20.0  ||u||=6.8415e-02  ||w||=2.5296e-02  ridge ||w||=2.5296e-02  max|w|=9.043e-04
    [00:18] consistency: div 9.60e-16  bed 9.07e-16   BOTH OK
    [00:18] t/T= 20.0  max|u|=2.390e-03 at (x=     -47, z=  -42.8)  max|w|=9.043e-04
  [00:18] time loop: 12000 steps in 17.4 s = 1.4 ms/step  (solver cudss: solve 0.6, everything else 0.9 ms/step)
  GROWTH  ridge ||w||   periods 11-20: rate -0.0065 per period  decay time 154.6 periods  -> stable
  GROWTH  domain ||w||  periods 11-20: rate -0.0065 per period  decay time 154.6 periods  -> stable

  (free run: no forcing, no beam angle)

