
=== iwbcurv  omega/N=0.6  384x76  20 periods  Lx=3.0 km  D0=1000 m  k=2  alpha=1e-06  ramp=0T  FULLY CURVILINEAR ===
  theory: nonhydrostatic 0.38 deg (Eq.30)   hydrostatic 0.38 deg (Eq.31)
  N(z) from mry_N.txt: 1.00e-04 .. 2.50e-02 1/s over the water column
  beam slope varies 0.0057 .. 0.0703 (5-95%); the angle above is the mid-depth value only
  *** N < omega over 5% of the column: evanescent there, no propagating beam ***
  window: auto [22793, 1350] m (bounce = 151954 m; keeps the fit inside the first bounce)
  [00:00] generating grid (TFI, position-dependent beta) ...
  [01:26] jacobian  : ALL +   |J| 6.146 .. 15.14
  [01:26] grid angle: 9.3 - 170.3 deg  (90 = orthogonal)
  [01:26] xi-line wander top-to-bottom: 73.8 m  -> FULLY CURVILINEAR
  [01:26] r_x       : max 0.080  median 0.006  OK (<1)
  [01:26] resolution: dx=7.8 m  dz=13.3 m  aspect 1.702
  [01:26] lepticity : h_e=551 m  lambda=dx/h_e=0.0142  Gamma~0.0002  OK (<<1)
  [01:26] beam      : slope 0.0066, bounce 151.95 km, 0.0 bounces across the domain
  [01:29] MOLE jacobian2D on the transposed grid: ALL +
  [01:29] N(z) mapped to 29645 centres: N 1.00e-04 .. 1.53e-02 1/s
  [01:29] buoyancy coupling: energy-adjoint Ic_z; row sums 1.000000..1.000000; max change vs MOLE 1.000e+00; adjointness error 7.7e-15
  [01:29] bottom/top BC: w = (z_xi/x_xi) u   |slope| max 0.0062
  [01:29] C: 766 bed rows, 2298 nnz; agrees with bc_residual loop to 1.08e-19
  [01:29] D*G on the bed ghost rows: max|entry| 0.00e+00 (empty, as expected)
  [01:29] constraint row equilibration: x5.91e-01 .. 7.27e-01 (cancels out of the solution; check with --bedeq unit)
  [01:29] L: n=29645 nnz=608511 (20.5/row) bedmode=constraint, factorising ...
python.exe : C:\Users\dap21\anaconda3\envs\mole\Lib\site-packages\cupy\_environment.py:286: UserWarning: CUDA path 
could not be detected. Set CUDA_PATH environment variable if CuPy fails to load.
At C:\Users\dap21\gccom-mole-experiments-2026\mry_trim.ps1:48 char:12
+     $out = & python iwbcurv.py --mole $env:MOLE_SRC @common @a 2>&1
+            ~~~~~~~~~~~~~~~~~~~~~~~~~~~~~~~~~~~~~~~~~~~~~~~~~~~~~~~~
    + CategoryInfo          : NotSpecified: (C:\Users\dap21\... fails to load.:String) [], RemoteException
    + FullyQualifiedErrorId : NativeCommandError
 
  warnings.warn(
No multithreading interface library was specified using the DirectSolverOptions. The performance of CPU operations 
like planning will be significantly lower than if you provide a multithreading library.
  [01:30] cudss factorise 0.8s  (GPU, FP64)
  [01:30] static projection test: div 3.41e-11 OK   bed 4.37e-11 OK
  [01:30] dt=74.53 s  (12000 steps, 600/period)  T=44720.2 s
  [01:30] sponge: Lsl=450 m (0.15 Lx)  taus=1490.0 s  taus/T=0.0333  dt/taus=0.05 OK
  [01:30] random initial field, amplitude 0.001, projected: ||u|| 1.599e-01  ||w|| 5.134e-02
  [01:30] blow-up threshold 1.97e-01 = 50x the initial max|u| 3.93e-03
  [01:30] probe box |x-0|<20000 m, within 500 m of the local bed: 29108 w-faces
  [01:30] time loop on the GPU: fields and operators resident; 1288/8188 MiB in use
  [01:30] stiffness : N_max*dt = 1.14 (N_max 1.53e-02, dt 74.5 s)  MARGINAL
    [01:30 elapsed] time loop: 12000 steps
    probe t/T=   1.0  ||u||=1.0427e-01  ||w||=3.5096e-02  ridge ||w||=3.5096e-02  max|w|=1.022e-03
    probe t/T=   2.0  ||u||=9.8403e-02  ||w||=3.3438e-02  ridge ||w||=3.3438e-02  max|w|=9.785e-04
    probe t/T=   3.0  ||u||=9.5105e-02  ||w||=3.2507e-02  ridge ||w||=3.2507e-02  max|w|=1.041e-03
    probe t/T=   4.0  ||u||=9.1794e-02  ||w||=3.0559e-02  ridge ||w||=3.0559e-02  max|w|=9.728e-04
    [01:33] consistency: div 3.53e-13  bed 2.95e-13   BOTH OK
    [01:33] t/T=  4.0  max|u|=2.749e-03 at (x=    -482, z=  -36.3)  max|w|=9.728e-04
    probe t/T=   5.0  ||u||=8.9791e-02  ||w||=3.0365e-02  ridge ||w||=3.0365e-02  max|w|=8.260e-04
    probe t/T=   6.0  ||u||=8.6216e-02  ||w||=2.8985e-02  ridge ||w||=2.8985e-02  max|w|=8.576e-04
    probe t/T=   7.0  ||u||=8.3847e-02  ||w||=2.8171e-02  ridge ||w||=2.8171e-02  max|w|=8.921e-04
    probe t/T=   8.0  ||u||=8.2369e-02  ||w||=2.7899e-02  ridge ||w||=2.7899e-02  max|w|=8.074e-04
    [01:36] consistency: div 2.38e-13  bed 2.23e-13   BOTH OK
    [01:36] t/T=  8.0  max|u|=2.458e-03 at (x=    -275, z=  -13.9)  max|w|=8.074e-04
    probe t/T=   9.0  ||u||=8.1032e-02  ||w||=2.7593e-02  ridge ||w||=2.7593e-02  max|w|=9.063e-04
    probe t/T=  10.0  ||u||=7.8630e-02  ||w||=2.6860e-02  ridge ||w||=2.6860e-02  max|w|=1.008e-03
    probe t/T=  11.0  ||u||=7.7954e-02  ||w||=2.6851e-02  ridge ||w||=2.6851e-02  max|w|=9.903e-04
    probe t/T=  12.0  ||u||=7.6776e-02  ||w||=2.6433e-02  ridge ||w||=2.6433e-02  max|w|=9.056e-04
    [01:38] consistency: div 6.95e-14  bed 7.40e-14   BOTH OK
    [01:38] t/T= 12.0  max|u|=2.478e-03 at (x=     -37, z=  -24.8)  max|w|=9.056e-04
    probe t/T=  13.0  ||u||=7.5612e-02  ||w||=2.5981e-02  ridge ||w||=2.5981e-02  max|w|=7.924e-04
    probe t/T=  14.0  ||u||=7.4934e-02  ||w||=2.5781e-02  ridge ||w||=2.5781e-02  max|w|=8.317e-04
    probe t/T=  15.0  ||u||=7.3615e-02  ||w||=2.5973e-02  ridge ||w||=2.5973e-02  max|w|=8.745e-04
    probe t/T=  16.0  ||u||=7.2318e-02  ||w||=2.5709e-02  ridge ||w||=2.5709e-02  max|w|=8.425e-04
    [01:41] consistency: div 3.71e-16  bed 3.71e-16   BOTH OK
    [01:41] t/T= 16.0  max|u|=2.504e-03 at (x=     169, z=   -8.2)  max|w|=8.425e-04
    probe t/T=  17.0  ||u||=7.0864e-02  ||w||=2.5050e-02  ridge ||w||=2.5050e-02  max|w|=8.221e-04
    probe t/T=  18.0  ||u||=7.0669e-02  ||w||=2.4878e-02  ridge ||w||=2.4878e-02  max|w|=7.896e-04
    probe t/T=  19.0  ||u||=6.9672e-02  ||w||=2.4928e-02  ridge ||w||=2.4928e-02  max|w|=8.004e-04
    probe t/T=  20.0  ||u||=6.8735e-02  ||w||=2.5028e-02  ridge ||w||=2.5028e-02  max|w|=7.884e-04
    [01:44] consistency: div 1.09e-15  bed 1.13e-15   BOTH OK
    [01:44] t/T= 20.0  max|u|=2.250e-03 at (x=     288, z=   -3.8)  max|w|=7.884e-04
  [01:44] time loop: 12000 steps in 14.4 s = 1.2 ms/step  (solver cudss: solve 0.6, everything else 0.6 ms/step)
  GROWTH  ridge ||w||   periods 11-20: rate -0.0082 per period  decay time 121.7 periods  -> stable
  GROWTH  domain ||w||  periods 11-20: rate -0.0082 per period  decay time 121.7 periods  -> stable

  (free run: no forcing, no beam angle)

