
=== iwbcurv  omega/N=0.6  768x151  16 periods  Lx=10.1 km  D0=88 m  k=2  alpha=1e-06  ramp=3T  FULLY CURVILINEAR ===
  theory: nonhydrostatic 2.19 deg (Eq.30)   hydrostatic 2.19 deg (Eq.31)
  N(z) from mry_N.txt: 1.00e-04 .. 1.53e-02 1/s over the water column
  beam slope varies 0.0097 .. 0.0734 (5-95%); the angle above is the mid-depth value only
  *** N < omega over 6% of the column: evanescent there, no propagating beam ***
  window: auto [345, 1609] m (bounce = 2299 m; keeps the fit inside the first bounce)
  [00:00] grid from cache (grid_d05052358dd99186.npz)
  [00:00] jacobian  : ALL +   |J| 0.88 .. 13.35
  [00:00] grid angle: 5.9 - 166.6 deg  (90 = orthogonal)
  [00:00] xi-line wander top-to-bottom: 248.8 m  -> FULLY CURVILINEAR
  [00:00] r_x       : max 13.746  median 0.024  *** VIOLATED (>1) ***
  [00:00] resolution: dx=13.2 m  dz=0.6 m  aspect 0.044
  [00:00] lepticity : h_e=48 m  lambda=dx/h_e=0.2723  Gamma~0.0741  OK (<<1)
  [00:00] beam      : slope 0.0382, bounce 2.30 km, 4.4 bounces across the domain
  [00:00] --forcegrid: grid check FAILED, running anyway
  [00:00] operators from cache (ops_9edbfbb8aad97aad.npz)
  [00:00] MOLE jacobian2D on the transposed grid: ALL +
  [00:00] N(z) mapped to 116888 centres: N 1.00e-04 .. 1.53e-02 1/s
  [00:00] buoyancy coupling: energy-adjoint Ic_z; row sums 1.000000..1.000000; max change vs MOLE 1.000e+00; adjointness error 2.3e-15
  [00:00] bottom/top BC: w = (z_xi/x_xi) u   |slope| max 0.0570
  [00:00] C: 1534 bed rows, 4602 nnz; agrees with bc_residual loop to 5.55e-17
  [00:00] D*G on the bed ghost rows: max|entry| 0.00e+00 (empty, as expected)
  [00:00] constraint row equilibration: x1.29e-01 .. 1.30e+00 (cancels out of the solution; check with --bedeq unit)
  [00:00] L: n=116888 nnz=2426364 (20.8/row) bedmode=constraint, factorising ...
python.exe : C:\Users\dap21\anaconda3\envs\mole\Lib\site-packages\cupy\_environment.py:286: UserWarning: CUDA path 
could not be detected. Set CUDA_PATH environment variable if CuPy fails to load.
At C:\Users\dap21\gccom-mole-experiments-2026\mry_rotate.ps1:43 char:12
+     $out = & python iwbcurv.py --mole $env:MOLE_SRC @common @a 2>&1
+            ~~~~~~~~~~~~~~~~~~~~~~~~~~~~~~~~~~~~~~~~~~~~~~~~~~~~~~~~
    + CategoryInfo          : NotSpecified: (C:\Users\dap21\... fails to load.:String) [], RemoteException
    + FullyQualifiedErrorId : NativeCommandError
 
  warnings.warn(
No multithreading interface library was specified using the DirectSolverOptions. The performance of CPU operations 
like planning will be significantly lower than if you provide a multithreading library.
  [00:01] cudss factorise 1.3s  (GPU, FP64)
  [00:01] static projection test: div 3.25e-10 OK   bed 3.99e-10 OK
  [00:01] dt=74.53 s  (9600 steps, 600/period)  T=44720.2 s
  [00:01] sponge: Lsl=3033 m (0.30 Lx)  taus=450.0 s  taus/T=0.0101  dt/taus=0.17 OK
  [00:01] barotropic forcing: uniform transport, u_bc/u0 spans 1.00 .. 10.00 (depth 8.3 .. 87.8 m, clip 10)
  [00:01] probe box |x-0|<20000 m, within 500 m of the local bed: 115817 w-faces
  [00:01] time loop on the GPU: fields and operators resident; 1642/8188 MiB in use
  [00:01] stiffness : N_max*dt = 1.14 (N_max 1.53e-02, dt 74.5 s)  MARGINAL
    [00:01 elapsed] time loop: 9600 steps
    probe t/T=   1.0  rms|u|=7.4664e-04  rms|w|=1.1248e-05  box rms|w|=1.1248e-05  max|w|=1.593e-04
    probe t/T=   2.0  rms|u|=2.8873e-03  rms|w|=4.7346e-05  box rms|w|=4.7346e-05  max|w|=6.125e-04
    probe t/T=   3.0  rms|u|=4.5237e-03  rms|w|=7.7526e-05  box rms|w|=7.7526e-05  max|w|=9.223e-04
    [00:07] consistency: div 2.09e-13  bed 3.70e-14   BOTH OK
    [00:07] t/T=  3.2  max|u|=9.390e-02 at (x=    5055, z=   -8.3)  max|w|=3.212e-03
    probe t/T=   4.0  rms|u|=4.7601e-03  rms|w|=8.2074e-05  box rms|w|=8.2074e-05  max|w|=9.453e-04
    probe t/T=   5.0  rms|u|=4.7472e-03  rms|w|=8.1847e-05  box rms|w|=8.1847e-05  max|w|=9.510e-04
    probe t/T=   6.0  rms|u|=4.7467e-03  rms|w|=8.1849e-05  box rms|w|=8.1849e-05  max|w|=9.498e-04
    [00:12] consistency: div 2.55e-13  bed 5.41e-14   BOTH OK
    [00:12] t/T=  6.4  max|u|=6.309e-02 at (x=    5044, z=   -2.6)  max|w|=2.111e-03
    probe t/T=   7.0  rms|u|=4.7473e-03  rms|w|=8.1854e-05  box rms|w|=8.1854e-05  max|w|=9.501e-04
    probe t/T=   8.0  rms|u|=4.7473e-03  rms|w|=8.1862e-05  box rms|w|=8.1862e-05  max|w|=9.500e-04
    probe t/T=   9.0  rms|u|=4.7477e-03  rms|w|=8.1869e-05  box rms|w|=8.1869e-05  max|w|=9.500e-04
    [00:17] consistency: div 5.42e-13  bed 1.01e-13   BOTH OK
    [00:17] t/T=  9.6  max|u|=5.589e-02 at (x=    5055, z=   -8.3)  max|w|=1.906e-03
    probe t/T=  10.0  rms|u|=4.7478e-03  rms|w|=8.1874e-05  box rms|w|=8.1874e-05  max|w|=9.500e-04
    probe t/T=  11.0  rms|u|=4.7480e-03  rms|w|=8.1878e-05  box rms|w|=8.1878e-05  max|w|=9.500e-04
    probe t/T=  12.0  rms|u|=4.7480e-03  rms|w|=8.1881e-05  box rms|w|=8.1881e-05  max|w|=9.500e-04
    [00:22] consistency: div 1.94e-14  bed 3.82e-15   BOTH OK
    [00:22] t/T= 12.8  max|u|=9.667e-02 at (x=    5046, z=   -2.0)  max|w|=3.288e-03
    probe t/T=  13.0  rms|u|=4.7481e-03  rms|w|=8.1881e-05  box rms|w|=8.1881e-05  max|w|=9.500e-04
    probe t/T=  14.0  rms|u|=4.7481e-03  rms|w|=8.1881e-05  box rms|w|=8.1881e-05  max|w|=9.500e-04
    probe t/T=  15.0  rms|u|=4.7481e-03  rms|w|=8.1882e-05  box rms|w|=8.1882e-05  max|w|=9.500e-04
    probe t/T=  16.0  rms|u|=4.7482e-03  rms|w|=8.1882e-05  box rms|w|=8.1882e-05  max|w|=9.500e-04
    [00:27] consistency: div 1.15e-12  bed 2.93e-13   BOTH OK
    [00:27] t/T= 16.0  max|u|=2.636e-02 at (x=    4233, z=  -25.3)  max|w|=9.500e-04
  [00:27] time loop: 9600 steps in 25.8 s = 2.7 ms/step  (solver cudss: solve 1.8, everything else 0.9 ms/step)
  GROWTH  box rms|w|    periods 9-16: rate +0.0000 per period  flat (neutral)
  GROWTH  domain rms|w| periods 9-16: rate +0.0000 per period  flat (neutral)

  fit over |x| in [345,1609] m, 229 points, rms residual 6.9 m
  field: max/mean 23.8  (>>5 means a coherent beam; ~5 means reflections dominate)
  BEAM ANGLE  measured 1.08   nonhydrostatic 2.19   hydrostatic 2.19   error -1.10 deg (-50.5%)
  saved mry-rot\norot.npz

  total wall time 00:27

