
=== iwbcurv  omega/N=0.6  101x26  1 periods  Lx=0.0 km  D0=0 m  k=2  alpha=1e+00  ramp=0T  FULLY CURVILINEAR ===
  lock release: no forcing, no stratification; the beam-angle diagnostics below do not apply
  window: auto [0, 1] m (bounce = 0 m; keeps the fit inside the first bounce)
  [00:00] generating grid (TFI, position-dependent beta) ...
  [00:04] jacobian  : ALL +   |J| 1.693e-05 .. 3.567e-05
  [00:04] grid angle: 73.3 - 106.7 deg  (90 = orthogonal)
  [00:04] xi-line wander top-to-bottom: 0.0 m  -> still a sigma grid
  [00:04] r_x       : max 0.000  median 0.000  OK (<1)
  [00:04] resolution: dx=0.008 m  dz=0.002624 m  aspect 0.328
  [00:04] lepticity : h_e=0 m  lambda=dx/h_e=0.2212  Gamma~0.0489  OK (<<1)
  [00:06] MOLE jacobian2D on the transposed grid: ALL +
  [00:06] buoyancy coupling: energy-adjoint Ic_z; row sums 1.000000..1.000000; max change vs MOLE 1.000e+00; adjointness error 1.1e-15
  [00:06] bottom/top BC: w = (z_xi/x_xi) u   |slope| max 0.0000
  [00:06] C: 200 bed rows, 600 nnz; agrees with bc_residual loop to 0.00e+00
  [00:06] D*G on the bed ghost rows: max|entry| 0.00e+00 (empty, as expected)
  [00:06] constraint row equilibration: x2.84e+02 .. 2.86e+02 (cancels out of the solution; check with --bedeq unit)
  [00:06] L: n=2754 nnz=47449 (17.2/row) bedmode=constraint, factorising ...
python.exe : C:\Users\dap21\anaconda3\envs\mole\Lib\site-packages\cupy\_environment.py:286: UserWarning: CUDA path 
could not be detected. Set CUDA_PATH environment variable if CuPy fails to load.
At C:\Users\dap21\gccom-mole-experiments-2026\lock_test.ps1:37 char:12
+     $out = & python iwbcurv.py --mole $env:MOLE_SRC @common @a 2>&1
+            ~~~~~~~~~~~~~~~~~~~~~~~~~~~~~~~~~~~~~~~~~~~~~~~~~~~~~~~~
    + CategoryInfo          : NotSpecified: (C:\Users\dap21\... fails to load.:String) [], RemoteException
    + FullyQualifiedErrorId : NativeCommandError
 
  warnings.warn(
No multithreading interface library was specified using the DirectSolverOptions. The performance of CPU operations 
like planning will be significantly lower than if you provide a multithreading library.
  [00:07] cudss factorise 0.7s  (GPU, FP64)
  [00:07] static projection test: div 1.40e-14 OK   bed 1.47e-14 OK
  [00:07] dt=0.01 s  (1250 steps, 1250/period)  T=10.0 s
  [00:07] sponge: Lsl=0 m (0.10 Lx)  taus=100.0 s  taus/T=10.0000  dt/taus=0.00 OK
  [00:07] lock release: g' = 0.0224 m/s^2, H = 0.0656 m, sqrt(g'H) = 0.0383 m/s
  [00:07] expected front speed 0.0192 m/s (Fr = 0.5 on sqrt(g'H) = 1/sqrt(2) on sqrt(g'H/2))
  [00:07] time loop on the GPU: fields and operators resident; 1168/8188 MiB in use
  [00:07] stiffness : N_max*dt = 0.00 (N_max 0.00e+00, dt 0.0 s)  OK (<1)
    [00:07 elapsed] time loop: 1250 steps
    [00:08] consistency: div 5.15e-14  bed 6.73e-20   BOTH OK
    [00:08] t=   2.00  front x =  +0.0229 m  speed 0.0114 m/s  Fr = 0.4224  (since release 0.4224)
    [00:08] t/T=  0.2  max|u|=2.399e-02 at (x=       0, z=   -0.1)  max|w|=1.204e-02
    [00:09] consistency: div 3.06e-14  bed 8.93e-20   BOTH OK
    [00:09] t=   4.00  front x =  +0.0556 m  speed 0.0164 m/s  Fr = 0.6039  (since release 0.5131)
    [00:09] t/T=  0.4  max|u|=2.528e-02 at (x=       0, z=   -0.1)  max|w|=1.157e-02
    [00:11] consistency: div 2.52e-14  bed 1.29e-19   BOTH OK
    [00:11] t=   6.00  front x =  +0.0951 m  speed 0.0197 m/s  Fr = 0.7278  (since release 0.5847)
    [00:11] t/T=  0.6  max|u|=2.432e-02 at (x=       0, z=   -0.1)  max|w|=1.088e-02
    [00:12] consistency: div 2.35e-14  bed 7.10e-20   BOTH OK
    [00:12] t=   8.00  front x =  +0.1284 m  speed 0.0167 m/s  Fr = 0.6145  (since release 0.5921)
    [00:12] t/T=  0.8  max|u|=2.417e-02 at (x=       0, z=   -0.1)  max|w|=1.066e-02
    [00:13] consistency: div 2.30e-14  bed 1.10e-19   BOTH OK
    [00:13] t=  10.00  front x =  +0.1626 m  speed 0.0171 m/s  Fr = 0.6313  (since release 0.6000)
    [00:13] t/T=  1.0  max|u|=2.411e-02 at (x=       0, z=   -0.1)  max|w|=1.061e-02
  [00:13] time loop: 1250 steps in 6.4 s = 5.1 ms/step  (solver cudss: solve 0.3, everything else 4.9 ms/step)

  LOCK RELEASE  front speed 0.01771 m/s over t = 4.0-10.0 s (fit residual 2.37 mm)
                Fr = 0.6535   theory 1/sqrt(2) = 0.7071   mimetic GCCOM 2021: 0.705 at 401x6x101

  (free run: no forcing, no beam angle)

