
=== iwbcurv  omega/N=0.8  448x177  25 periods  Lx=6.0 km  D0=1000 m  k=2  alpha=1e-06  ramp=3T  FULLY CURVILINEAR ===
  theory: nonhydrostatic 53.13 deg (Eq.30)   hydrostatic 38.66 deg (Eq.31)
  window: [75, 562] m  (bounce = 750 m)
  [00:00] generating grid (TFI, position-dependent beta) ...
  [00:39] jacobian  : ALL +   |J| 56.98 .. 131.8
  [00:39] grid angle: 61.7 - 118.3 deg  (90 = orthogonal)
  [00:39] xi-line wander top-to-bottom: 147.7 m  -> FULLY CURVILINEAR
  [00:39] r_x       : max 0.773  median 0.000  OK (<1)
  [00:39] resolution: dx=13.4 m  dz=5.7 m  aspect 0.423
  [00:39] lepticity : h_e=551 m  lambda=dx/h_e=0.0243  Gamma~0.0006  OK (<<1)
  [00:39] beam      : slope 1.3333, bounce 0.75 km, 8.0 bounces across the domain
  [00:42] MOLE jacobian2D on the transposed grid: ALL +
  [00:42] buoyancy coupling: energy-adjoint Ic_z; row sums 1.000000..1.000000; max change vs MOLE 1.000e+00; adjointness error 4.5e-14
  [00:42] bottom/top BC: w = (z_xi/x_xi) u   |slope| max 0.3735
  [00:42] C: 894 bed rows, 2682 nnz; agrees with bc_residual loop to 5.55e-17
  [00:42] D*G on the bed ghost rows: max|entry| 0.00e+00 (empty, as expected)
  [00:42] constraint row equilibration: x1.38e-01 .. 1.52e-01 (cancels out of the solution; check with --bedeq unit)
  [00:42] L: n=79922 nnz=1493654 (18.7/row) bedmode=constraint, factorising ...
python.exe : C:\Users\dap21\anaconda3\envs\mole\Lib\site-packages\cupy\_environment.py:286: UserWarning: CUDA path 
could not be detected. Set CUDA_PATH environment variable if CuPy fails to load.
At C:\Users\dap21\gccom-mole-experiments-2026\reflect_test.ps1:45 char:12
+     $out = & python iwbcurv.py --mole $env:MOLE_SRC --solver cudss -- ...
+            ~~~~~~~~~~~~~~~~~~~~~~~~~~~~~~~~~~~~~~~~~~~~~~~~~~~~~~~~~~
    + CategoryInfo          : NotSpecified: (C:\Users\dap21\... fails to load.:String) [], RemoteException
    + FullyQualifiedErrorId : NativeCommandError
 
  warnings.warn(
No multithreading interface library was specified using the DirectSolverOptions. The performance of CPU operations 
like planning will be significantly lower than if you provide a multithreading library.
  [00:44] cudss factorise 1.3s  (GPU, FP64)
  [00:44] static projection test: div 8.40e-12 OK   bed 1.45e-11 OK
  [00:44] dt=9.35 s  (3000 steps, 120/period)  T=1122.0 s
  [00:44] sponge: Lsl=1200 m (0.20 Lx)  taus=37.4 s  taus/T=0.0333  dt/taus=0.25 OK
  [00:44] time loop on the GPU: fields and operators resident; 1446/8188 MiB in use
    [00:44 elapsed] time loop: 3000 steps
    [00:45] consistency: div 9.75e-17  bed 8.64e-16   BOTH OK
    [00:45] t/T=  5.0  max|u|=6.047e-03  max|w|=3.275e-03
    [00:47] consistency: div 9.73e-17  bed 9.86e-16   BOTH OK
    [00:47] t/T= 10.0  max|u|=5.999e-03  max|w|=3.219e-03
    [00:48] consistency: div 9.69e-17  bed 9.03e-16   BOTH OK
    [00:48] t/T= 15.0  max|u|=6.004e-03  max|w|=3.229e-03
    [00:49] consistency: div 9.72e-17  bed 9.65e-16   BOTH OK
    [00:49] t/T= 20.0  max|u|=6.008e-03  max|w|=3.232e-03
    [00:50] consistency: div 9.68e-17  bed 1.06e-15   BOTH OK
    [00:50] t/T= 25.0  max|u|=6.007e-03  max|w|=3.229e-03
  [00:50] time loop: 3000 steps in 6.8 s = 2.3 ms/step  (solver cudss: solve 1.3, everything else 1.0 ms/step)

  fit over |x| in [75,562] m, 90 points, rms residual 3.5 m
  field: max/mean 12.9  (>>5 means a coherent beam; ~5 means reflections dominate)
  BEAM ANGLE  measured 53.52   nonhydrostatic 53.13   hydrostatic 38.66   error +0.39 deg (+0.7%)
  saved reflect-npz\D1000.npz

  total wall time 00:51

