
=== iwbcurv  omega/N=0.8  672x265  25 periods  Lx=9.0 km  D0=1500 m  k=2  alpha=1e-06  ramp=3T  FULLY CURVILINEAR ===
  theory: nonhydrostatic 53.13 deg (Eq.30)   hydrostatic 38.66 deg (Eq.31)
  window: [112, 843] m  (bounce = 1125 m)
  [00:00] generating grid (TFI, position-dependent beta) ...
  [01:22] jacobian  : ALL +   |J| 57.32 .. 131.9
  [01:22] grid angle: 61.7 - 118.3 deg  (90 = orthogonal)
  [01:22] xi-line wander top-to-bottom: 221.5 m  -> FULLY CURVILINEAR
  [01:22] r_x       : max 0.770  median 0.000  OK (<1)
  [01:22] resolution: dx=13.4 m  dz=5.7 m  aspect 0.424
  [01:22] lepticity : h_e=827 m  lambda=dx/h_e=0.0162  Gamma~0.0003  OK (<<1)
  [01:22] beam      : slope 1.3333, bounce 1.12 km, 8.0 bounces across the domain
  [01:27] MOLE jacobian2D on the transposed grid: ALL +
  [01:27] buoyancy coupling: energy-adjoint Ic_z; row sums 1.000000..1.000000; max change vs MOLE 1.000e+00; adjointness error 2.5e-15
  [01:27] bottom/top BC: w = (z_xi/x_xi) u   |slope| max 0.3736
  [01:27] C: 1342 bed rows, 4026 nnz; agrees with bc_residual loop to 1.11e-16
  [01:27] D*G on the bed ghost rows: max|entry| 0.00e+00 (empty, as expected)
  [01:27] constraint row equilibration: x1.39e-01 .. 1.52e-01 (cancels out of the solution; check with --bedeq unit)
  [01:27] L: n=179018 nnz=3305325 (18.5/row) bedmode=constraint, factorising ...
python.exe : C:\Users\dap21\anaconda3\envs\mole\Lib\site-packages\cupy\_environment.py:286: UserWarning: CUDA path 
could not be detected. Set CUDA_PATH environment variable if CuPy fails to load.
At C:\Users\dap21\gccom-mole-experiments-2026\reflect_test.ps1:45 char:12
+     $out = & python iwbcurv.py --mole $env:MOLE_SRC --solver cudss -- ...
+            ~~~~~~~~~~~~~~~~~~~~~~~~~~~~~~~~~~~~~~~~~~~~~~~~~~~~~~~~~~
    + CategoryInfo          : NotSpecified: (C:\Users\dap21\... fails to load.:String) [], RemoteException
    + FullyQualifiedErrorId : NativeCommandError
 
  warnings.warn(
No multithreading interface library was specified using the DirectSolverOptions. The performance of CPU operations 
like planning will be significantly lower than if you provide a multithreading library.
  [01:29] cudss factorise 2.2s  (GPU, FP64)
  [01:29] static projection test: div 6.84e-12 OK   bed 7.96e-12 OK
  [01:29] dt=9.35 s  (3000 steps, 120/period)  T=1122.0 s
  [01:29] sponge: Lsl=1800 m (0.20 Lx)  taus=37.4 s  taus/T=0.0333  dt/taus=0.25 OK
  [01:29] time loop on the GPU: fields and operators resident; 1810/8188 MiB in use
    [01:29 elapsed] time loop: 3000 steps
    [01:31] consistency: div 1.50e-16  bed 1.42e-15   BOTH OK
    [01:31] t/T=  5.0  max|u|=6.049e-03  max|w|=3.273e-03
    [01:33] consistency: div 1.50e-16  bed 1.38e-15   BOTH OK
    [01:33] t/T= 10.0  max|u|=6.001e-03  max|w|=3.215e-03
    [01:36] consistency: div 1.50e-16  bed 1.49e-15   BOTH OK
    [01:36] t/T= 15.0  max|u|=6.005e-03  max|w|=3.224e-03
    [01:38] consistency: div 1.49e-16  bed 2.01e-15   BOTH OK
    [01:38] t/T= 20.0  max|u|=6.007e-03  max|w|=3.228e-03
    [01:40] consistency: div 1.49e-16  bed 1.62e-15   BOTH OK
    [01:40] t/T= 25.0  max|u|=6.006e-03  max|w|=3.225e-03
  [01:40] time loop: 3000 steps in 10.9 s = 3.6 ms/step  (solver cudss: solve 2.6, everything else 1.1 ms/step)

  fit over |x| in [112,843] m, 138 points, rms residual 5.2 m
  field: max/mean 20.2  (>>5 means a coherent beam; ~5 means reflections dominate)
  BEAM ANGLE  measured 52.78   nonhydrostatic 53.13   hydrostatic 38.66   error -0.35 deg (-0.7%)
  saved reflect-npz\D1500.npz

  total wall time 01:40

