CMD iwbcurv.py --mole C:\Users\dap21\gccom-mole-experiments-2026\mole\src\octave --beat 9999 --ab 0 --bulge 0 --Lx 6000 --nx 256 --nz 101 --seiche 4 2 --nper 6 --spp 400 --alpha 1e-9

=== iwbcurv  omega/N=0.6  256x101  6 periods  Lx=6.0 km  D0=1000 m  k=2  FULLY CURVILINEAR ===
  theory: nonhydrostatic 36.87 deg (Eq.30)   hydrostatic 30.96 deg (Eq.31)
  window: auto [200, 933] m (bounce = 1333 m; keeps the fit inside the first bounce)
  [00:00] generating grid (TFI, position-dependent beta) ...
  [00:16] jacobian  : ALL +   |J| 189.8 .. 405
  [00:16] grid angle: 81.6 - 98.4 deg  (90 = orthogonal)
  [00:16] xi-line wander top-to-bottom: 147.7 m  -> FULLY CURVILINEAR
  [00:16] r_x       : max 0.000  median 0.000  OK (<1)
  [00:16] resolution: dx=23.5 m  dz=10.0 m  aspect 0.425
  [00:16] lepticity : h_e=551 m  lambda=dx/h_e=0.0427  Gamma~0.0018  OK (<<1)
  [00:16] beam      : slope 0.7500, bounce 1.33 km, 4.5 bounces across the domain
  [00:17] MOLE jacobian2D on the transposed grid: ALL +
  [00:20] bottom/top BC: w = (z_xi/x_xi) u   |slope| max 0.0000
  [00:20] C: 510 bed rows, 1530 nnz; agrees with bc_residual loop to 0.00e+00
  [00:20] D*G on the bed ghost rows: max|entry| 0.00e+00 (empty, as expected)
  [00:20] constraint row equilibration: x8.08e-02 .. 8.09e-02 (cancels out of the solution; check with --bedeq unit)
  [00:20] L: n=26214 nnz=462729 (17.7/row) bedmode=constraint, factorising ...
  [00:20] splu 0.4s
  [00:20] static projection test: div 3.48e-10 OK   bed 4.35e-10 OK
  [00:20] seiche mode (4,2): exact omega = 2.213594e-03 1/s  T = 2838.45 s   dt = 7.096 s   2400 steps
  [00:20] initial field projected: div 2.63e-13  bed 1.02e-12
  [00:45] crossings 12  half-period 1419.8751 +/- 0.0076 s

  SEICHE  omega_num = 2.212584e-03   exact = 2.213594e-03   relative error = -4.5649e-04
  grid 256x101  dx=23.53 m  dz=10.00 m  spp=400

