CMD iwbcurv.py --mole C:\Users\dap21\gccom-mole-experiments-2026\mole\src\octave --beat 9999 --ab 0 --bulge 0 --Lx 6000 --nx 128 --nz 51 --seiche 4 2 --nper 6 --spp 400 --alpha 1e-6

=== iwbcurv  omega/N=0.6  128x51  6 periods  Lx=6.0 km  D0=1000 m  k=2  FULLY CURVILINEAR ===
  theory: nonhydrostatic 36.87 deg (Eq.30)   hydrostatic 30.96 deg (Eq.31)
  window: auto [200, 933] m (bounce = 1333 m; keeps the fit inside the first bounce)
  [00:00] generating grid (TFI, position-dependent beta) ...
  [00:05] jacobian  : ALL +   |J| 762.2 .. 1613
  [00:05] grid angle: 81.6 - 98.4 deg  (90 = orthogonal)
  [00:05] xi-line wander top-to-bottom: 147.7 m  -> FULLY CURVILINEAR
  [00:05] r_x       : max 0.000  median 0.000  OK (<1)
  [00:05] resolution: dx=47.2 m  dz=20.0 m  aspect 0.423
  [00:05] lepticity : h_e=551 m  lambda=dx/h_e=0.0857  Gamma~0.0073  OK (<<1)
  [00:05] beam      : slope 0.7500, bounce 1.33 km, 4.5 bounces across the domain
  [00:05] MOLE jacobian2D on the transposed grid: ALL +
  [00:08] bottom/top BC: w = (z_xi/x_xi) u   |slope| max 0.0000
  [00:08] C: 254 bed rows, 762 nnz; agrees with bc_residual loop to 0.00e+00
  [00:08] D*G on the bed ghost rows: max|entry| 0.00e+00 (empty, as expected)
  [00:08] constraint row equilibration: x4.05e-02 .. 4.06e-02 (cancels out of the solution; check with --bedeq unit)
  [00:08] L: n=6708 nnz=115384 (17.2/row) bedmode=constraint, factorising ...
  [00:08] splu 0.1s
  [00:08] static projection test: div 1.66e-12 OK   bed 3.21e-12 OK
  [00:08] seiche mode (4,2): exact omega = 2.213594e-03 1/s  T = 2838.45 s   dt = 7.096 s   2400 steps
  [00:08] initial field projected: div 3.35e-16  bed 3.00e-15
  [00:12] crossings 12  half-period 1421.8003 +/- 0.0248 s

  SEICHE  omega_num = 2.209588e-03   exact = 2.213594e-03   relative error = -1.8100e-03
  grid 128x51  dx=47.24 m  dz=20.00 m  spp=400

