CMD iwbcurv.py --mole C:\Users\dap21\gccom-mole-experiments-2026\mole\src\octave --beat 9999 --ab 0 --bulge 0 --Lx 6000 --nx 384 --nz 151 --seiche 4 2 --nper 6 --spp 400 --alpha 1e-6

=== iwbcurv  omega/N=0.6  384x151  6 periods  Lx=6.0 km  D0=1000 m  k=2  FULLY CURVILINEAR ===
  theory: nonhydrostatic 36.87 deg (Eq.30)   hydrostatic 30.96 deg (Eq.31)
  window: auto [200, 933] m (bounce = 1333 m; keeps the fit inside the first bounce)
  [00:00] generating grid (TFI, position-dependent beta) ...
  [00:28] jacobian  : ALL +   |J| 84.24 .. 180.3
  [00:28] grid angle: 81.6 - 98.4 deg  (90 = orthogonal)
  [00:28] xi-line wander top-to-bottom: 147.7 m  -> FULLY CURVILINEAR
  [00:28] r_x       : max 0.000  median 0.000  OK (<1)
  [00:28] resolution: dx=15.7 m  dz=6.7 m  aspect 0.426
  [00:28] lepticity : h_e=551 m  lambda=dx/h_e=0.0284  Gamma~0.0008  OK (<<1)
  [00:28] beam      : slope 0.7500, bounce 1.33 km, 4.5 bounces across the domain
  [00:29] MOLE jacobian2D on the transposed grid: ALL +
  [00:32] bottom/top BC: w = (z_xi/x_xi) u   |slope| max 0.0000
  [00:32] C: 766 bed rows, 2298 nnz; agrees with bc_residual loop to 0.00e+00
  [00:32] D*G on the bed ghost rows: max|entry| 0.00e+00 (empty, as expected)
  [00:32] constraint row equilibration: x1.21e-01 .. 1.21e-01 (cancels out of the solution; check with --bedeq unit)
  [00:32] L: n=58520 nnz=1067701 (18.2/row) bedmode=constraint, factorising ...
  [00:33] splu 1.3s
  [00:33] static projection test: div 1.76e-12 OK   bed 2.91e-12 OK
  [00:33] seiche mode (4,2): exact omega = 2.213594e-03 1/s  T = 2838.45 s   dt = 7.096 s   2400 steps
  [00:33] initial field projected: div 1.51e-16  bed 3.88e-16
  [01:37] crossings 12  half-period 1419.4384 +/- 0.0074 s

  SEICHE  omega_num = 2.213264e-03   exact = 2.213594e-03   relative error = -1.4904e-04
  grid 384x151  dx=15.67 m  dz=6.67 m  spp=400

