
=== iwbcurv  omega/N=0.6  384x76  20 periods  Lx=10.1 km  D0=88 m  k=2  alpha=1e-06  ramp=0T  FULLY CURVILINEAR ===
  theory: nonhydrostatic 2.19 deg (Eq.30)   hydrostatic 2.19 deg (Eq.31)
  N(z) from mry_N.txt: 1.00e-04 .. 1.53e-02 1/s over the water column
  beam slope varies 0.0097 .. 0.0734 (5-95%); the angle above is the mid-depth value only
  *** N < omega over 6% of the column: evanescent there, no propagating beam ***
  window: auto [345, 1609] m (bounce = 2299 m; keeps the fit inside the first bounce)
  [00:00] generating grid (TFI, position-dependent beta) ...
  [02:07] jacobian  : ALL +   |J| 3.524 .. 53.32
  [02:07] grid angle: 6.0 - 166.6 deg  (90 = orthogonal)
  [02:07] xi-line wander top-to-bottom: 248.8 m  -> FULLY CURVILINEAR
  [02:07] r_x       : max 13.080  median 0.024  *** VIOLATED (>1) ***
  [02:07] resolution: dx=26.4 m  dz=1.2 m  aspect 0.044
  [02:07] lepticity : h_e=48 m  lambda=dx/h_e=0.5453  Gamma~0.2974  *** MARGINAL ***
  [02:07] beam      : slope 0.0382, bounce 2.30 km, 4.4 bounces across the domain
  [02:07] --forcegrid: grid check FAILED, running anyway
  [02:10] MOLE jacobian2D on the transposed grid: ALL +
  [02:10] N(z) mapped to 29645 centres: N 1.00e-04 .. 1.53e-02 1/s
  [02:11] buoyancy coupling: energy-adjoint Ic_z; row sums 1.000000..1.000000; max change vs MOLE 1.000e+00; adjointness error 1.2e-15
  [02:11] bottom/top BC: w = (z_xi/x_xi) u   |slope| max 0.0568
  [02:11] C: 766 bed rows, 2298 nnz; agrees with bc_residual loop to 6.94e-18
  [02:11] D*G on the bed ghost rows: max|entry| 0.00e+00 (empty, as expected)
  [02:11] constraint row equilibration: x6.81e-02 .. 6.55e-01 (cancels out of the solution; check with --bedeq unit)
  [02:11] L: n=29645 nnz=608495 (20.5/row) bedmode=constraint, factorising ...
python.exe : C:\Users\dap21\anaconda3\envs\mole\Lib\site-packages\cupy\_environment.py:286: UserWarning: CUDA path 
could not be detected. Set CUDA_PATH environment variable if CuPy fails to load.
At C:\Users\dap21\gccom-mole-experiments-2026\mry_diag.ps1:53 char:12
+     $out = & python iwbcurv.py --mole $env:MOLE_SRC @free @a 2>&1
+            ~~~~~~~~~~~~~~~~~~~~~~~~~~~~~~~~~~~~~~~~~~~~~~~~~~~~~~
    + CategoryInfo          : NotSpecified: (C:\Users\dap21\... fails to load.:String) [], RemoteException
    + FullyQualifiedErrorId : NativeCommandError
 
  warnings.warn(
No multithreading interface library was specified using the DirectSolverOptions. The performance of CPU operations 
like planning will be significantly lower than if you provide a multithreading library.
  [02:11] cudss factorise 0.9s  (GPU, FP64)
  [02:11] static projection test: div 4.62e-10 OK   bed 4.95e-10 OK
  [02:11] dt=74.53 s  (12000 steps, 600/period)  T=44720.2 s
  [02:11] sponge: Lsl=1516 m (0.15 Lx)  taus=1490.0 s  taus/T=0.0333  dt/taus=0.05 OK
  [02:11] random initial field, amplitude 0.001, projected: ||u|| 1.656e-01  ||w|| 2.366e-02
  [02:11] probe box |x-4000|<1000 m, bottom 60 m: 1366 w-faces
  [02:11] time loop on the GPU: fields and operators resident; 1288/8188 MiB in use
  [02:12] stiffness : N_max*dt = 1.14 (N_max 1.53e-02, dt 74.5 s)  MARGINAL
    [02:12 elapsed] time loop: 12000 steps
    probe t/T=   1.0  ||u||=1.0523e-01  ||w||=1.5585e-02  ridge ||w||=2.1159e-03  max|w|=5.035e-04
    probe t/T=   2.0  ||u||=1.0034e-01  ||w||=1.5160e-02  ridge ||w||=2.2579e-03  max|w|=4.712e-04
    probe t/T=   3.0  ||u||=9.7420e-02  ||w||=1.4571e-02  ridge ||w||=1.9259e-03  max|w|=4.487e-04
    probe t/T=   4.0  ||u||=9.6258e-02  ||w||=1.4515e-02  ridge ||w||=1.5022e-03  max|w|=4.633e-04
    [02:15] consistency: div 6.20e-13  bed 1.76e-13   BOTH OK
    [02:15] t/T=  4.0  max|u|=2.983e-03  max|w|=4.633e-04
    probe t/T=   5.0  ||u||=9.5585e-02  ||w||=1.3590e-02  ridge ||w||=1.1970e-03  max|w|=4.326e-04
    probe t/T=   6.0  ||u||=9.9001e-02  ||w||=1.3215e-02  ridge ||w||=8.2542e-04  max|w|=4.463e-04
    probe t/T=   7.0  ||u||=1.1281e-01  ||w||=1.2782e-02  ridge ||w||=8.4718e-04  max|w|=5.114e-04
    probe t/T=   8.0  ||u||=1.3774e-01  ||w||=1.2695e-02  ridge ||w||=6.2507e-04  max|w|=3.944e-04
    [02:19] consistency: div 6.74e-14  bed 9.27e-15   BOTH OK
    [02:19] t/T=  8.0  max|u|=1.053e-02  max|w|=3.944e-04
    probe t/T=   9.0  ||u||=1.4947e-01  ||w||=1.2226e-02  ridge ||w||=4.9036e-04  max|w|=3.827e-04
    probe t/T=  10.0  ||u||=2.3067e-01  ||w||=1.1726e-02  ridge ||w||=4.5188e-04  max|w|=3.703e-04
    probe t/T=  11.0  ||u||=2.7093e-01  ||w||=1.1972e-02  ridge ||w||=4.3070e-04  max|w|=3.929e-04
    probe t/T=  12.0  ||u||=3.6743e-01  ||w||=1.1424e-02  ridge ||w||=4.1536e-04  max|w|=3.582e-04
    [02:23] consistency: div 2.84e-13  bed 5.47e-14   BOTH OK
    [02:23] t/T= 12.0  max|u|=2.649e-02  max|w|=3.582e-04
    probe t/T=  13.0  ||u||=4.9954e-01  ||w||=1.1548e-02  ridge ||w||=4.7584e-04  max|w|=3.139e-04
    probe t/T=  14.0  ||u||=3.7952e-01  ||w||=1.1277e-02  ridge ||w||=4.7489e-04  max|w|=3.571e-04
    probe t/T=  15.0  ||u||=5.2544e-01  ||w||=1.1567e-02  ridge ||w||=6.7383e-04  max|w|=3.555e-04
    probe t/T=  16.0  ||u||=3.7402e-01  ||w||=1.1500e-02  ridge ||w||=5.9110e-04  max|w|=3.589e-04
    [02:26] consistency: div 4.79e-14  bed 9.74e-15   BOTH OK
    [02:26] t/T= 16.0  max|u|=2.044e-02  max|w|=3.589e-04
    probe t/T=  17.0  ||u||=4.0913e-01  ||w||=1.1217e-02  ridge ||w||=7.6670e-04  max|w|=3.505e-04
    probe t/T=  18.0  ||u||=3.9525e-01  ||w||=1.1273e-02  ridge ||w||=7.7021e-04  max|w|=3.941e-04
    probe t/T=  19.0  ||u||=4.7621e-01  ||w||=1.1198e-02  ridge ||w||=8.8947e-04  max|w|=3.908e-04
    probe t/T=  20.0  ||u||=4.6640e-01  ||w||=1.1426e-02  ridge ||w||=7.9360e-04  max|w|=3.429e-04
    [02:30] consistency: div 2.28e-13  bed 4.73e-14   BOTH OK
    [02:30] t/T= 20.0  max|u|=2.908e-02  max|w|=3.429e-04
  [02:30] time loop: 12000 steps in 18.6 s = 1.5 ms/step  (solver cudss: solve 0.6, everything else 0.9 ms/step)
  GROWTH  ridge ||w||   periods 11-20: rate +0.0882 per period  e-folding 11.3 periods  -> UNSTABLE
  GROWTH  domain ||w||  periods 11-20: rate -0.0043 per period  decay time 235.1 periods  -> stable

  (free run: no forcing, no beam angle)

