
=== iwbcurv  omega/N=0.6  768x151  20 periods  Lx=10.1 km  D0=88 m  k=2  alpha=1e-06  ramp=0T  FULLY CURVILINEAR ===
  theory: nonhydrostatic 2.19 deg (Eq.30)   hydrostatic 2.19 deg (Eq.31)
  N(z) from mry_N.txt: 1.00e-04 .. 1.53e-02 1/s over the water column
  beam slope varies 0.0097 .. 0.0734 (5-95%); the angle above is the mid-depth value only
  *** N < omega over 6% of the column: evanescent there, no propagating beam ***
  window: auto [345, 1609] m (bounce = 2299 m; keeps the fit inside the first bounce)
  [00:00] grid from cache (grid_d05052358dd99186.npz)
  [00:00] jacobian  : ALL +   |J| 0.88 .. 13.35
  [00:00] grid angle: 5.9 - 166.6 deg  (90 = orthogonal)
  [00:00] xi-line wander top-to-bottom: 248.8 m  -> FULLY CURVILINEAR
  [00:00] r_x       : max 13.746  median 0.024  *** VIOLATED (>1) ***
  [00:00] resolution: dx=13.2 m  dz=0.6 m  aspect 0.044
  [00:00] lepticity : h_e=48 m  lambda=dx/h_e=0.2723  Gamma~0.0741  OK (<<1)
  [00:00] beam      : slope 0.0382, bounce 2.30 km, 4.4 bounces across the domain
  [00:00] --forcegrid: grid check FAILED, running anyway
  [00:00] operators from cache (ops_9edbfbb8aad97aad.npz)
  [00:00] MOLE jacobian2D on the transposed grid: ALL +
  [00:00] N(z) mapped to 116888 centres: N 1.00e-04 .. 1.53e-02 1/s
  [00:00] bottom/top BC: w = (z_xi/x_xi) u   |slope| max 0.0570
  [00:00] C: 1534 bed rows, 4602 nnz; agrees with bc_residual loop to 5.55e-17
  [00:00] D*G on the bed ghost rows: max|entry| 0.00e+00 (empty, as expected)
  [00:00] constraint row equilibration: x1.29e-01 .. 1.30e+00 (cancels out of the solution; check with --bedeq unit)
  [00:00] L: n=116888 nnz=2426364 (20.8/row) bedmode=constraint, factorising ...
python.exe : C:\Users\dap21\anaconda3\envs\mole\Lib\site-packages\cupy\_environment.py:286: UserWarning: CUDA path 
could not be detected. Set CUDA_PATH environment variable if CuPy fails to load.
At C:\Users\dap21\gccom-mole-experiments-2026\mry_diag.ps1:53 char:12
+     $out = & python iwbcurv.py --mole $env:MOLE_SRC @free @a 2>&1
+            ~~~~~~~~~~~~~~~~~~~~~~~~~~~~~~~~~~~~~~~~~~~~~~~~~~~~~~
    + CategoryInfo          : NotSpecified: (C:\Users\dap21\... fails to load.:String) [], RemoteException
    + FullyQualifiedErrorId : NativeCommandError
 
  warnings.warn(
No multithreading interface library was specified using the DirectSolverOptions. The performance of CPU operations 
like planning will be significantly lower than if you provide a multithreading library.
  [00:01] cudss factorise 1.3s  (GPU, FP64)
  [00:01] static projection test: div 3.24e-10 OK   bed 4.31e-10 OK
  [00:01] dt=74.53 s  (12000 steps, 600/period)  T=44720.2 s
  [00:01] sponge: Lsl=1516 m (0.15 Lx)  taus=1490.0 s  taus/T=0.0333  dt/taus=0.05 OK
  [00:01] random initial field, amplitude 0.001, projected: ||u|| 3.344e-01  ||w|| 5.130e-02
  [00:01] probe box |x-4000|<1000 m, bottom 60 m: 5439 w-faces
  [00:01] time loop on the GPU: fields and operators resident; 1638/8188 MiB in use
  [00:01] stiffness : N_max*dt = 1.14 (N_max 1.53e-02, dt 74.5 s)  MARGINAL
    [00:01 elapsed] time loop: 12000 steps
    probe t/T=   1.0  ||u||=2.1262e-01  ||w||=3.4600e-02  ridge ||w||=4.7908e-03  max|w|=5.750e-04
    probe t/T=   2.0  ||u||=2.0531e-01  ||w||=3.3414e-02  ridge ||w||=4.9278e-03  max|w|=5.454e-04
    probe t/T=   3.0  ||u||=2.0086e-01  ||w||=3.1917e-02  ridge ||w||=4.2258e-03  max|w|=5.653e-04
    probe t/T=   4.0  ||u||=2.0942e-01  ||w||=3.1257e-02  ridge ||w||=4.0685e-03  max|w|=6.103e-04
    [00:08] consistency: div 2.67e-12  bed 3.21e-13   BOTH OK
    [00:08] t/T=  4.0  max|u|=5.966e-03  max|w|=6.103e-04
    probe t/T=   5.0  ||u||=2.2570e-01  ||w||=3.0432e-02  ridge ||w||=3.8563e-03  max|w|=5.406e-04
    probe t/T=   6.0  ||u||=2.3666e-01  ||w||=2.9752e-02  ridge ||w||=3.4967e-03  max|w|=5.409e-04
    probe t/T=   7.0  ||u||=2.8415e-01  ||w||=2.9092e-02  ridge ||w||=4.3223e-03  max|w|=5.773e-04
    probe t/T=   8.0  ||u||=4.3173e-01  ||w||=2.9404e-02  ridge ||w||=5.7571e-03  max|w|=5.712e-04
    [00:15] consistency: div 1.43e-12  bed 9.79e-14   BOTH OK
    [00:15] t/T=  8.0  max|u|=2.773e-02  max|w|=5.712e-04
    probe t/T=   9.0  ||u||=4.5473e-01  ||w||=2.8784e-02  ridge ||w||=3.6713e-03  max|w|=4.356e-04
    probe t/T=  10.0  ||u||=6.3749e-01  ||w||=2.8259e-02  ridge ||w||=4.6599e-03  max|w|=7.266e-04

  *** DIVERGED at t/T=10.50: max|u|=5.027e-02, 50.3x the initial noise amplitude 0.001 ***
  GROWTH  ridge ||w||   periods 6-10: rate +0.0411 per period  e-folding 24.3 periods  -> UNSTABLE
  GROWTH  domain ||w||  periods 6-10: rate -0.0114 per period  decay time 88.0 periods  -> stable
  (no beam angle reported -- the field is not physical)

