
=== iwbcurv  omega/N=0.6  768x151  20 periods  Lx=10.1 km  D0=88 m  k=2  alpha=1e-06  ramp=0T  FULLY CURVILINEAR ===
  theory: nonhydrostatic 2.01 deg (Eq.30)   hydrostatic 2.01 deg (Eq.31)
  window: auto [375, 1749] m (bounce = 2498 m; keeps the fit inside the first bounce)
  [00:00] grid from cache (grid_d05052358dd99186.npz)
  [00:00] jacobian  : ALL +   |J| 0.88 .. 13.35
  [00:00] grid angle: 5.9 - 166.6 deg  (90 = orthogonal)
  [00:00] xi-line wander top-to-bottom: 248.8 m  -> FULLY CURVILINEAR
  [00:00] r_x       : max 13.746  median 0.024  *** VIOLATED (>1) ***
  [00:00] resolution: dx=13.2 m  dz=0.6 m  aspect 0.044
  [00:00] lepticity : h_e=48 m  lambda=dx/h_e=0.2723  Gamma~0.0741  OK (<<1)
  [00:00] beam      : slope 0.0351, bounce 2.50 km, 4.0 bounces across the domain
  [00:00] --forcegrid: grid check FAILED, running anyway
  [00:00] operators from cache (ops_9edbfbb8aad97aad.npz)
  [00:00] MOLE jacobian2D on the transposed grid: ALL +
  [00:00] buoyancy coupling: energy-adjoint Ic_z; row sums 1.000000..1.000000; max change vs MOLE 1.000e+00; adjointness error 2.3e-15
  [00:00] bottom/top BC: w = (z_xi/x_xi) u   |slope| max 0.0570
  [00:00] C: 1534 bed rows, 4602 nnz; agrees with bc_residual loop to 5.55e-17
  [00:00] D*G on the bed ghost rows: max|entry| 0.00e+00 (empty, as expected)
  [00:00] constraint row equilibration: x1.29e-01 .. 1.30e+00 (cancels out of the solution; check with --bedeq unit)
  [00:00] L: n=116888 nnz=2426364 (20.8/row) bedmode=constraint, factorising ...
python.exe : C:\Users\dap21\anaconda3\envs\mole\Lib\site-packages\cupy\_environment.py:286: UserWarning: CUDA path 
could not be detected. Set CUDA_PATH environment variable if CuPy fails to load.
At C:\Users\dap21\gccom-mole-experiments-2026\mry_diag.ps1:53 char:12
+     $out = & python iwbcurv.py --mole $env:MOLE_SRC @free @a 2>&1
+            ~~~~~~~~~~~~~~~~~~~~~~~~~~~~~~~~~~~~~~~~~~~~~~~~~~~~~~
    + CategoryInfo          : NotSpecified: (C:\Users\dap21\... fails to load.:String) [], RemoteException
    + FullyQualifiedErrorId : NativeCommandError
 
  warnings.warn(
No multithreading interface library was specified using the DirectSolverOptions. The performance of CPU operations 
like planning will be significantly lower than if you provide a multithreading library.
  [00:01] cudss factorise 1.3s  (GPU, FP64)
  [00:01] static projection test: div 3.25e-10 OK   bed 3.64e-10 OK
  [00:01] dt=74.53 s  (12000 steps, 600/period)  T=44720.2 s
  [00:01] sponge: Lsl=1516 m (0.15 Lx)  taus=1490.0 s  taus/T=0.0333  dt/taus=0.05 OK
  [00:01] random initial field, amplitude 0.001, projected: ||u|| 3.344e-01  ||w|| 5.130e-02
  [00:01] probe box |x-4000|<1000 m, bottom 60 m: 5439 w-faces
  [00:01] time loop on the GPU: fields and operators resident; 1638/8188 MiB in use
  [00:01] stiffness : N_max*dt = 0.30 (N_max 4.00e-03, dt 74.5 s)  OK (<1)
    [00:01 elapsed] time loop: 12000 steps
    probe t/T=   1.0  ||u||=2.0801e-01  ||w||=3.3861e-02  ridge ||w||=4.4536e-03  max|w|=4.897e-04
    probe t/T=   2.0  ||u||=2.0072e-01  ||w||=3.2948e-02  ridge ||w||=3.8429e-03  max|w|=4.917e-04
    probe t/T=   3.0  ||u||=1.9688e-01  ||w||=3.2477e-02  ridge ||w||=3.6630e-03  max|w|=5.061e-04
    probe t/T=   4.0  ||u||=1.9359e-01  ||w||=3.1826e-02  ridge ||w||=3.2862e-03  max|w|=5.575e-04
    [00:08] consistency: div 3.03e-13  bed 6.72e-14   BOTH OK
    [00:08] t/T=  4.0  max|u|=3.871e-03  max|w|=5.575e-04
    probe t/T=   5.0  ||u||=1.9091e-01  ||w||=3.0713e-02  ridge ||w||=3.2070e-03  max|w|=5.327e-04
    probe t/T=   6.0  ||u||=1.8990e-01  ||w||=3.0577e-02  ridge ||w||=3.3876e-03  max|w|=5.345e-04
    probe t/T=   7.0  ||u||=1.8862e-01  ||w||=2.9865e-02  ridge ||w||=3.1686e-03  max|w|=5.419e-04
    probe t/T=   8.0  ||u||=1.8583e-01  ||w||=2.9265e-02  ridge ||w||=2.9694e-03  max|w|=4.860e-04
    [00:15] consistency: div 2.20e-13  bed 5.54e-14   BOTH OK
    [00:15] t/T=  8.0  max|u|=3.155e-03  max|w|=4.860e-04
    probe t/T=   9.0  ||u||=1.8532e-01  ||w||=2.9205e-02  ridge ||w||=3.0024e-03  max|w|=5.212e-04
    probe t/T=  10.0  ||u||=1.8289e-01  ||w||=2.9449e-02  ridge ||w||=3.1221e-03  max|w|=4.831e-04
    probe t/T=  11.0  ||u||=1.8237e-01  ||w||=2.8611e-02  ridge ||w||=2.8038e-03  max|w|=4.726e-04
    probe t/T=  12.0  ||u||=1.8270e-01  ||w||=2.8149e-02  ridge ||w||=2.5380e-03  max|w|=4.909e-04
    [00:22] consistency: div 3.12e-14  bed 5.48e-15   BOTH OK
    [00:22] t/T= 12.0  max|u|=4.332e-03  max|w|=4.909e-04
    probe t/T=  13.0  ||u||=1.8145e-01  ||w||=2.7811e-02  ridge ||w||=2.5329e-03  max|w|=4.377e-04
    probe t/T=  14.0  ||u||=1.8085e-01  ||w||=2.7591e-02  ridge ||w||=2.2041e-03  max|w|=4.704e-04
    probe t/T=  15.0  ||u||=1.8056e-01  ||w||=2.7089e-02  ridge ||w||=2.1008e-03  max|w|=4.938e-04
    probe t/T=  16.0  ||u||=1.8391e-01  ||w||=2.7128e-02  ridge ||w||=1.7424e-03  max|w|=4.754e-04
    [00:29] consistency: div 6.20e-15  bed 6.06e-16   BOTH OK
    [00:29] t/T= 16.0  max|u|=5.795e-03  max|w|=4.754e-04
    probe t/T=  17.0  ||u||=1.8521e-01  ||w||=2.6732e-02  ridge ||w||=1.7404e-03  max|w|=5.211e-04
    probe t/T=  18.0  ||u||=1.8320e-01  ||w||=2.6599e-02  ridge ||w||=1.5670e-03  max|w|=4.614e-04
    probe t/T=  19.0  ||u||=1.8672e-01  ||w||=2.6125e-02  ridge ||w||=1.7652e-03  max|w|=5.023e-04
    probe t/T=  20.0  ||u||=1.9301e-01  ||w||=2.5874e-02  ridge ||w||=1.4451e-03  max|w|=4.558e-04
    [00:36] consistency: div 2.29e-13  bed 2.59e-14   BOTH OK
    [00:36] t/T= 20.0  max|u|=6.876e-03  max|w|=4.558e-04
  [00:36] time loop: 12000 steps in 34.4 s = 2.9 ms/step  (solver cudss: solve 1.9, everything else 1.0 ms/step)
  GROWTH  ridge ||w||   periods 11-20: rate -0.0715 per period  decay time 14.0 periods  -> stable
  GROWTH  domain ||w||  periods 11-20: rate -0.0106 per period  decay time 94.6 periods  -> stable

  (free run: no forcing, no beam angle)

