
=== iwbcurv  omega/N=0.6  768x151  10 periods  Lx=10.1 km  D0=88 m  k=2  alpha=1e-06  ramp=3T  FULLY CURVILINEAR ===
  theory: nonhydrostatic 2.19 deg (Eq.30)   hydrostatic 2.19 deg (Eq.31)
  N(z) from mry_N.txt: 1.00e-04 .. 1.53e-02 1/s over the water column
  beam slope varies 0.0097 .. 0.0734 (5-95%); the angle above is the mid-depth value only
  *** N < omega over 6% of the column: evanescent there, no propagating beam ***
  window: auto [345, 1609] m (bounce = 2299 m; keeps the fit inside the first bounce)
  [00:00] generating grid (TFI, position-dependent beta) ...
  [07:31] jacobian  : ALL +   |J| 0.88 .. 13.35
  [07:31] grid angle: 5.9 - 166.6 deg  (90 = orthogonal)
  [07:31] xi-line wander top-to-bottom: 248.8 m  -> FULLY CURVILINEAR
  [07:31] r_x       : max 13.746  median 0.024  *** VIOLATED (>1) ***
  [07:31] resolution: dx=13.2 m  dz=0.6 m  aspect 0.044
  [07:31] lepticity : h_e=48 m  lambda=dx/h_e=0.2723  Gamma~0.0741  OK (<<1)
  [07:31] beam      : slope 0.0382, bounce 2.30 km, 4.4 bounces across the domain
  [07:31] --forcegrid: grid check FAILED, running anyway
  [07:35] MOLE jacobian2D on the transposed grid: ALL +
  [07:35] N(z) mapped to 116888 centres: N 1.00e-04 .. 1.53e-02 1/s
  [07:35] buoyancy coupling: energy-adjoint Ic_z; row sums 1.000000..1.000000; max change vs MOLE 1.000e+00; adjointness error 2.3e-15
  [07:35] bottom/top BC: w = (z_xi/x_xi) u   |slope| max 0.0570
  [07:35] C: 1534 bed rows, 4602 nnz; agrees with bc_residual loop to 5.55e-17
  [07:35] D*G on the bed ghost rows: max|entry| 0.00e+00 (empty, as expected)
  [07:35] constraint row equilibration: x1.29e-01 .. 1.30e+00 (cancels out of the solution; check with --bedeq unit)
  [07:35] L: n=116888 nnz=2426364 (20.8/row) bedmode=constraint, factorising ...
python.exe : C:\Users\dap21\anaconda3\envs\mole\Lib\site-packages\cupy\_environment.py:286: UserWarning: CUDA path 
could not be detected. Set CUDA_PATH environment variable if CuPy fails to load.
At C:\Users\dap21\gccom-mole-experiments-2026\mry_run.ps1:48 char:12
+     $out = & python iwbcurv.py --mole $env:MOLE_SRC @common @a --out  ...
+            ~~~~~~~~~~~~~~~~~~~~~~~~~~~~~~~~~~~~~~~~~~~~~~~~~~~~~~~~~~
    + CategoryInfo          : NotSpecified: (C:\Users\dap21\... fails to load.:String) [], RemoteException
    + FullyQualifiedErrorId : NativeCommandError
 
  warnings.warn(
No multithreading interface library was specified using the DirectSolverOptions. The performance of CPU operations 
like planning will be significantly lower than if you provide a multithreading library.
  [07:37] cudss factorise 1.7s  (GPU, FP64)
  [07:37] static projection test: div 3.26e-10 OK   bed 4.62e-10 OK
  [07:37] dt=74.53 s  (6000 steps, 600/period)  T=44720.2 s
  [07:37] sponge: Lsl=1516 m (0.15 Lx)  taus=1490.0 s  taus/T=0.0333  dt/taus=0.05 OK
  [07:37] time loop on the GPU: fields and operators resident; 1638/8188 MiB in use
  [07:37] stiffness : N_max*dt = 1.14 (N_max 1.53e-02, dt 74.5 s)  MARGINAL
    [07:37 elapsed] time loop: 6000 steps
    [07:41] consistency: div 4.49e-11  bed 7.60e-12   BOTH OK
    [07:41] t/T=  2.0  max|u|=6.723e-03  max|w|=1.559e-04
    [07:45] consistency: div 1.85e-11  bed 4.66e-12   BOTH OK
    [07:45] t/T=  4.0  max|u|=2.090e-02  max|w|=4.869e-04
    [07:48] consistency: div 1.56e-11  bed 3.95e-12   BOTH OK
    [07:48] t/T=  6.0  max|u|=2.860e-02  max|w|=9.162e-04
    [07:52] consistency: div 1.83e-11  bed 3.99e-12   BOTH OK
    [07:52] t/T=  8.0  max|u|=3.067e-02  max|w|=1.639e-03
    [07:56] consistency: div 2.92e-11  bed 1.86e-12   BOTH OK
    [07:56] t/T= 10.0  max|u|=4.328e-02  max|w|=2.210e-03
  [07:56] time loop: 6000 steps in 18.9 s = 3.1 ms/step  (solver cudss: solve 2.0, everything else 1.2 ms/step)

  fit over |x| in [345,1609] m, 229 points, rms residual 20.1 m
  field: max/mean 10.7  (>>5 means a coherent beam; ~5 means reflections dominate)
  BEAM ANGLE  measured 0.15   nonhydrostatic 2.19   hydrostatic 2.19   error -2.04 deg (-93.3%)
  saved mry-npz\mry_10p.npz

  total wall time 07:56

