
=== iwbcurv  omega/N=0.6  768x151  10 periods  Lx=10.1 km  D0=88 m  k=2  alpha=1e-06  ramp=3T  FULLY CURVILINEAR ===
  theory: nonhydrostatic 2.19 deg (Eq.30)   hydrostatic 2.19 deg (Eq.31)
  N(z) from mry_N.txt: 1.00e-04 .. 1.53e-02 1/s over the water column
  beam slope varies 0.0097 .. 0.0734 (5-95%); the angle above is the mid-depth value only
  *** N < omega over 6% of the column: evanescent there, no propagating beam ***
  window: auto [345, 1609] m (bounce = 2299 m; keeps the fit inside the first bounce)
  [00:00] grid from cache (grid_d05052358dd99186.npz)
  [00:00] jacobian  : ALL +   |J| 0.88 .. 13.35
  [00:00] grid angle: 5.9 - 166.6 deg  (90 = orthogonal)
  [00:00] xi-line wander top-to-bottom: 248.8 m  -> FULLY CURVILINEAR
  [00:00] r_x       : max 13.746  median 0.024  *** VIOLATED (>1) ***
  [00:00] resolution: dx=13.2 m  dz=0.6 m  aspect 0.044
  [00:00] lepticity : h_e=48 m  lambda=dx/h_e=0.2723  Gamma~0.0741  OK (<<1)
  [00:00] beam      : slope 0.0382, bounce 2.30 km, 4.4 bounces across the domain
  [00:00] --forcegrid: grid check FAILED, running anyway
  [00:00] operators from cache (ops_9edbfbb8aad97aad.npz)
  [00:00] MOLE jacobian2D on the transposed grid: ALL +
  [00:00] N(z) mapped to 116888 centres: N 1.00e-04 .. 1.53e-02 1/s
  [00:00] buoyancy coupling: energy-adjoint Ic_z; row sums 1.000000..1.000000; max change vs MOLE 1.000e+00; adjointness error 2.3e-15
  [00:00] bottom/top BC: w = (z_xi/x_xi) u   |slope| max 0.0570
  [00:00] C: 1534 bed rows, 4602 nnz; agrees with bc_residual loop to 5.55e-17
  [00:00] D*G on the bed ghost rows: max|entry| 0.00e+00 (empty, as expected)
  [00:00] constraint row equilibration: x1.29e-01 .. 1.30e+00 (cancels out of the solution; check with --bedeq unit)
  [00:00] L: n=116888 nnz=2426364 (20.8/row) bedmode=constraint, factorising ...
python.exe : C:\Users\dap21\anaconda3\envs\mole\Lib\site-packages\cupy\_environment.py:286: UserWarning: CUDA path 
could not be detected. Set CUDA_PATH environment variable if CuPy fails to load.
At C:\Users\dap21\gccom-mole-experiments-2026\mry_run.ps1:48 char:12
+     $out = & python iwbcurv.py --mole $env:MOLE_SRC @common @a --out  ...
+            ~~~~~~~~~~~~~~~~~~~~~~~~~~~~~~~~~~~~~~~~~~~~~~~~~~~~~~~~~~
    + CategoryInfo          : NotSpecified: (C:\Users\dap21\... fails to load.:String) [], RemoteException
    + FullyQualifiedErrorId : NativeCommandError
 
  warnings.warn(
No multithreading interface library was specified using the DirectSolverOptions. The performance of CPU operations 
like planning will be significantly lower than if you provide a multithreading library.
  [00:01] cudss factorise 1.3s  (GPU, FP64)
  [00:01] static projection test: div 3.24e-10 OK   bed 4.62e-10 OK
  [00:01] dt=24.84 s  (18000 steps, 1800/period)  T=44720.2 s
  [00:01] sponge: Lsl=1516 m (0.15 Lx)  taus=1490.0 s  taus/T=0.0333  dt/taus=0.02 OK
  [00:01] time loop on the GPU: fields and operators resident; 1638/8188 MiB in use
  [00:01] stiffness : N_max*dt = 0.38 (N_max 1.53e-02, dt 24.8 s)  OK (<1)
    [00:01 elapsed] time loop: 18000 steps
    [00:11] consistency: div 5.11e-12  bed 1.38e-12   BOTH OK
    [00:11] t/T=  2.0  max|u|=6.695e-03  max|w|=1.550e-04
    [00:20] consistency: div 1.99e-12  bed 5.45e-13   BOTH OK
    [00:20] t/T=  4.0  max|u|=2.089e-02  max|w|=4.856e-04
    [00:28] consistency: div 1.67e-12  bed 3.67e-13   BOTH OK
    [00:28] t/T=  6.0  max|u|=2.854e-02  max|w|=9.270e-04
    [00:37] consistency: div 1.99e-12  bed 3.31e-13   BOTH OK
    [00:37] t/T=  8.0  max|u|=3.070e-02  max|w|=1.657e-03
    [00:46] consistency: div 3.10e-12  bed 2.43e-13   BOTH OK
    [00:46] t/T= 10.0  max|u|=4.364e-02  max|w|=2.249e-03
  [00:46] time loop: 18000 steps in 44.7 s = 2.5 ms/step  (solver cudss: solve 1.8, everything else 0.7 ms/step)

  fit over |x| in [345,1609] m, 229 points, rms residual 20.1 m
  field: max/mean 10.8  (>>5 means a coherent beam; ~5 means reflections dominate)
  BEAM ANGLE  measured 0.15   nonhydrostatic 2.19   hydrostatic 2.19   error -2.04 deg (-93.3%)
  saved mry-npz\mry_10p_dt.npz

  total wall time 00:46

