
=== iwbcurv  omega/N=0.6  256x201  20 periods  Lx=6.0 km  D0=1000 m  k=2  FULLY CURVILINEAR ===
  theory: nonhydrostatic 36.87 deg (Eq.30)   hydrostatic 30.96 deg (Eq.31)
  window: auto [200, 933] m (bounce = 1333 m; keeps the fit inside the first bounce)
  [00:00] generating grid (TFI, position-dependent beta) ...
  [00:20] jacobian  : ALL +   |J| 87.96 .. 202.5
  [00:20] grid angle: 61.7 - 118.3 deg  (90 = orthogonal)
  [00:20] xi-line wander top-to-bottom: 147.7 m  -> FULLY CURVILINEAR
  [00:20] r_x       : max 1.422  median 0.000  *** VIOLATED (>1) ***
  [00:20] resolution: dx=23.5 m  dz=5.0 m  aspect 0.212
  [00:20] lepticity : h_e=551 m  lambda=dx/h_e=0.0427  Gamma~0.0018  OK (<<1)
  [00:20] beam      : slope 0.7500, bounce 1.33 km, 4.5 bounces across the domain
  [00:20] --forcegrid: grid check FAILED, running anyway
  [00:20] MOLE jacobian2D on the transposed grid: ALL +
  [00:23] bottom/top BC: w = (z_xi/x_xi) u   |slope| max 0.3176
  [00:23] C: 510 bed rows, 1530 nnz; agrees with bc_residual loop to 2.22e-16
  [00:23] D*G on the bed ghost rows: max|entry| 0.00e+00 (empty, as expected)
  [00:23] constraint row equilibration: x1.37e-01 .. 1.45e-01 (cancels out of the solution; check with --bedeq unit)
  [00:23] L: n=51914 nnz=944352 (18.2/row) bedmode=constraint, factorising ...
  [00:23] splu 0.8s
  [00:23] static projection test: div 1.29e-14 OK   bed 2.55e-14 OK
  [00:23] dt=12.47 s  (2400 steps, 120/period)  T=1496.0 s
  [00:23] sponge: Lsl=1200 m (0.20 Lx)  taus=49.9 s  taus/T=0.0334  dt/taus=0.25 OK
    [00:23 elapsed] time loop: 2400 steps
    [00:34] consistency: div 1.52e-16  bed 9.73e-16   BOTH OK
    [00:34] t/T=  4.0  max|u|=1.047e-02  max|w|=3.906e-03
    [00:43] consistency: div 1.52e-16  bed 1.33e-15   BOTH OK
    [00:43] t/T=  8.0  max|u|=8.336e-03  max|w|=3.612e-03
    [00:55] consistency: div 1.52e-16  bed 1.32e-15   BOTH OK
    [00:55] t/T= 12.0  max|u|=8.379e-03  max|w|=3.741e-03
    [01:08] consistency: div 1.51e-16  bed 1.67e-15   BOTH OK
    [01:08] t/T= 16.0  max|u|=8.075e-03  max|w|=3.429e-03
    [01:21] consistency: div 1.51e-16  bed 1.35e-15   BOTH OK
    [01:21] t/T= 20.0  max|u|=8.170e-03  max|w|=3.412e-03

  fit over |x| in [200,933] m, 76 points, rms residual 1.3 m
  field: max/mean 14.8  (>>5 means a coherent beam; ~5 means reflections dominate)
  BEAM ANGLE  measured 37.58   nonhydrostatic 36.87   hydrostatic 30.96   error +0.71 deg (+1.9%)

  total wall time 01:21

