
=== iwbcurv  omega/N=0.6  256x101  20 periods  Lx=6.0 km  D0=1000 m  k=4  FULLY CURVILINEAR ===
  theory: nonhydrostatic 36.87 deg (Eq.30)   hydrostatic 30.96 deg (Eq.31)
  window: auto [200, 933] m (bounce = 1333 m; keeps the fit inside the first bounce)
  [00:00] generating grid (TFI, position-dependent beta) ...
  [00:15] jacobian  : ALL +   |J| 175.9 .. 405
  [00:15] grid angle: 61.7 - 118.3 deg  (90 = orthogonal)
  [00:15] xi-line wander top-to-bottom: 147.7 m  -> FULLY CURVILINEAR
  [00:15] r_x       : max 0.709  median 0.000  OK (<1)
  [00:15] resolution: dx=23.5 m  dz=10.0 m  aspect 0.425
  [00:15] lepticity : h_e=551 m  lambda=dx/h_e=0.0427  Gamma~0.0018  OK (<<1)
  [00:15] beam      : slope 0.7500, bounce 1.33 km, 4.5 bounces across the domain
  [00:15] MOLE jacobian2D on the transposed grid: ALL +
  [00:19] bottom/top BC: w = (z_xi/x_xi) u   |slope| max 0.3176
  [00:19] C: 510 bed rows, 1530 nnz; agrees with bc_residual loop to 2.22e-16
  [00:19] D*G on the bed ghost rows: max|entry| 0.00e+00 (empty, as expected)
  [00:19] constraint row equilibration: x6.91e-02 .. 7.57e-02 (cancels out of the solution; check with --bedeq unit)
  [00:19] L: n=26214 nnz=948524 (36.2/row) bedmode=constraint, factorising ...
  [00:21] splu 2.0s
  [00:21] static projection test: div 9.12e-14 OK   bed 8.04e-13 OK
  [00:21] dt=24.93 s  (1200 steps, 60/period)  T=1496.0 s
  [00:21] sponge: Lsl=600 m (0.10 Lx)  taus=100.0 s  taus/T=0.0668  dt/taus=0.25 OK
    [00:21 elapsed] time loop: 1200 steps
    [00:27] consistency: div 4.63e-16  bed 3.28e-14   BOTH OK
    [00:27] t/T=  4.0  max|u|=1.139e-02  max|w|=3.034e-03
    [00:33] consistency: div 4.65e-16  bed 3.13e-14   BOTH OK
    [00:33] t/T=  8.0  max|u|=1.241e-02  max|w|=3.062e-03
    [00:39] consistency: div 4.64e-16  bed 2.99e-14   BOTH OK
    [00:39] t/T= 12.0  max|u|=1.290e-02  max|w|=3.263e-03
    [00:45] consistency: div 4.64e-16  bed 3.58e-14   BOTH OK
    [00:45] t/T= 16.0  max|u|=1.085e-02  max|w|=3.459e-03
    [00:51] consistency: div 4.66e-16  bed 3.39e-14   BOTH OK
    [00:51] t/T= 20.0  max|u|=1.128e-02  max|w|=3.394e-03

  fit over |x| in [200,933] m, 76 points, rms residual 5.1 m
  field: max/mean 4.0  (>>5 means a coherent beam; ~5 means reflections dominate)
  BEAM ANGLE  measured 38.40   nonhydrostatic 36.87   hydrostatic 30.96   error +1.53 deg (+4.2%)

  total wall time 00:51

