
=== iwbcurv  omega/N=0.6  256x101  20 periods  Lx=6.0 km  D0=1000 m  k=2  FULLY CURVILINEAR ===
  theory: nonhydrostatic 36.87 deg (Eq.30)   hydrostatic 30.96 deg (Eq.31)
  window: auto [200, 933] m (bounce = 1333 m; keeps the fit inside the first bounce)
  [00:00] generating grid (TFI, position-dependent beta) ...
  [00:14] jacobian  : ALL +   |J| 175.9 .. 405
  [00:14] grid angle: 61.7 - 118.3 deg  (90 = orthogonal)
  [00:14] xi-line wander top-to-bottom: 147.7 m  -> FULLY CURVILINEAR
  [00:14] r_x       : max 0.709  median 0.000  OK (<1)
  [00:14] resolution: dx=23.5 m  dz=10.0 m  aspect 0.425
  [00:14] lepticity : h_e=551 m  lambda=dx/h_e=0.0427  Gamma~0.0018  OK (<<1)
  [00:14] beam      : slope 0.7500, bounce 1.33 km, 4.5 bounces across the domain
  [00:15] MOLE jacobian2D on the transposed grid: ALL +
  [00:18] bottom/top BC: w = (z_xi/x_xi) u   |slope| max 0.3176
  [00:18] C: 510 bed rows, 1530 nnz; agrees with bc_residual loop to 2.22e-16
  [00:18] D*G on the bed ghost rows: max|entry| 0.00e+00 (empty, as expected)
  [00:18] constraint row equilibration: x7.97e-02 .. 8.68e-02 (cancels out of the solution; check with --bedeq unit)
  [00:18] L: n=26214 nnz=474062 (18.1/row) bedmode=constraint, factorising ...
  [00:19] splu 0.4s
  [00:19] static projection test: div 2.51e-14 OK   bed 4.04e-14 OK
  [00:19] dt=12.47 s  (2400 steps, 120/period)  T=1496.0 s
  [00:19] sponge: Lsl=600 m (0.10 Lx)  taus=100.0 s  taus/T=0.0668  dt/taus=0.12 OK
    [00:19 elapsed] time loop: 2400 steps
    [00:24] consistency: div 3.77e-17  bed 8.62e-16   BOTH OK
    [00:24] t/T=  4.0  max|u|=1.188e-02  max|w|=2.884e-03
    [00:29] consistency: div 3.76e-17  bed 7.96e-16   BOTH OK
    [00:29] t/T=  8.0  max|u|=1.192e-02  max|w|=3.225e-03
    [00:34] consistency: div 3.74e-17  bed 6.46e-16   BOTH OK
    [00:34] t/T= 12.0  max|u|=1.278e-02  max|w|=3.244e-03
    [00:40] consistency: div 3.75e-17  bed 1.10e-15   BOTH OK
    [00:40] t/T= 16.0  max|u|=1.156e-02  max|w|=3.407e-03
    [00:46] consistency: div 3.74e-17  bed 8.17e-16   BOTH OK
    [00:46] t/T= 20.0  max|u|=1.164e-02  max|w|=3.300e-03

  fit over |x| in [200,933] m, 76 points, rms residual 5.4 m
  field: max/mean 3.9  (>>5 means a coherent beam; ~5 means reflections dominate)
  BEAM ANGLE  measured 38.65   nonhydrostatic 36.87   hydrostatic 30.96   error +1.78 deg (+4.8%)

  total wall time 00:46

