
=== iwbcurv  omega/N=0.8  256x101  40 periods  Lx=6.0 km  D0=1000 m  k=2  FULLY CURVILINEAR ===
  theory: nonhydrostatic 53.13 deg (Eq.30)   hydrostatic 38.66 deg (Eq.31)
  window: auto [112, 525] m (bounce = 750 m; keeps the fit inside the first bounce)
  [00:00] generating grid (TFI, position-dependent beta) ...
  [00:12] jacobian  : ALL +   |J| 175.9 .. 405
  [00:12] grid angle: 61.7 - 118.3 deg  (90 = orthogonal)
  [00:12] xi-line wander top-to-bottom: 147.7 m  -> FULLY CURVILINEAR
  [00:12] r_x       : max 0.709  median 0.000  OK (<1)
  [00:12] resolution: dx=23.5 m  dz=10.0 m  aspect 0.425
  [00:12] lepticity : h_e=551 m  lambda=dx/h_e=0.0427  Gamma~0.0018  OK (<<1)
  [00:12] beam      : slope 1.3333, bounce 0.75 km, 8.0 bounces across the domain
  [00:13] MOLE jacobian2D on the transposed grid: ALL +
  [00:17] bottom/top BC: w = (z_xi/x_xi) u   |slope| max 0.3176
  [00:17] C: 510 bed rows, 1530 nnz; agrees with bc_residual loop to 2.22e-16
  [00:17] D*G on the bed ghost rows: max|entry| 0.00e+00 (empty, as expected)
  [00:17] constraint row equilibration: x7.97e-02 .. 8.68e-02 (cancels out of the solution; check with --bedeq unit)
  [00:17] L: n=26214 nnz=474062 (18.1/row) bedmode=constraint, factorising ...
  [00:17] splu 0.4s
  [00:17] static projection test: div 2.51e-14 OK   bed 4.04e-14 OK
  [00:17] dt=18.70 s  (2400 steps, 60/period)  T=1122.0 s
  [00:17] sponge: Lsl=600 m (0.10 Lx)  taus=100.0 s  taus/T=0.0891  dt/taus=0.19 OK
    [00:17 elapsed] time loop: 2400 steps
    [00:22] consistency: div 1.53e-16  bed 5.95e-15   BOTH OK
    [00:22] t/T=  8.0  max|u|=6.085e-03  max|w|=1.597e-03
    [00:28] consistency: div 1.53e-16  bed 6.53e-15   BOTH OK
    [00:28] t/T= 16.0  max|u|=6.263e-03  max|w|=2.405e-03
    [00:33] consistency: div 1.51e-16  bed 4.70e-15   BOTH OK
    [00:33] t/T= 24.0  max|u|=6.310e-03  max|w|=2.332e-03
    [00:38] consistency: div 1.51e-16  bed 5.35e-15   BOTH OK
    [00:38] t/T= 32.0  max|u|=6.439e-03  max|w|=2.484e-03
    [00:44] consistency: div 1.51e-16  bed 8.97e-15   BOTH OK
    [00:44] t/T= 40.0  max|u|=6.672e-03  max|w|=2.451e-03

  fit over |x| in [112,525] m, 42 points, rms residual 100.3 m
  field: max/mean 2.7  (>>5 means a coherent beam; ~5 means reflections dominate)
  BEAM ANGLE  measured 60.81   nonhydrostatic 53.13   hydrostatic 38.66   error +7.68 deg (+14.4%)

  total wall time 00:44

