
=== iwbcurv  omega/N=0.6  256x101  20 periods  Lx=6.0 km  D0=1000 m  k=2  FULLY CURVILINEAR ===
  theory: nonhydrostatic 36.87 deg (Eq.30)   hydrostatic 30.96 deg (Eq.31)
  window: auto [200, 933] m (bounce = 1333 m; keeps the fit inside the first bounce)
  [00:00] generating grid (TFI, position-dependent beta) ...
  [00:18] jacobian  : ALL +   |J| 175.9 .. 405
  [00:18] grid angle: 61.7 - 118.3 deg  (90 = orthogonal)
  [00:18] xi-line wander top-to-bottom: 147.7 m  -> FULLY CURVILINEAR
  [00:18] r_x       : max 0.709  median 0.000  OK (<1)
  [00:18] resolution: dx=23.5 m  dz=10.0 m  aspect 0.425
  [00:18] lepticity : h_e=551 m  lambda=dx/h_e=0.0427  Gamma~0.0018  OK (<<1)
  [00:18] beam      : slope 0.7500, bounce 1.33 km, 4.5 bounces across the domain
  [00:18] MOLE jacobian2D on the transposed grid: ALL +
  [00:22] bottom/top BC: w = (z_xi/x_xi) u   |slope| max 0.3176
  [00:22] C: 510 bed rows, 1530 nnz; agrees with bc_residual loop to 2.22e-16
  [00:22] D*G on the bed ghost rows: max|entry| 0.00e+00 (empty, as expected)
  [00:22] constraint row equilibration: x7.97e-02 .. 8.68e-02 (cancels out of the solution; check with --bedeq unit)
  [00:22] L: n=26214 nnz=474062 (18.1/row) bedmode=constraint, factorising ...
  [00:23] splu 0.5s
  [00:23] static projection test: div 2.51e-14 OK   bed 4.04e-14 OK
  [00:23] dt=24.93 s  (1200 steps, 60/period)  T=1496.0 s
  [00:23] sponge: Lsl=600 m (0.10 Lx)  taus=100.0 s  taus/T=0.0668  dt/taus=0.25 OK
    [00:23 elapsed] time loop: 1200 steps
    [00:26] consistency: div 1.59e-16  bed 3.44e-15   BOTH OK
    [00:26] t/T=  4.0  max|u|=1.165e-02  max|w|=3.016e-03
    [00:29] consistency: div 1.57e-16  bed 3.56e-15   BOTH OK
    [00:29] t/T=  8.0  max|u|=1.182e-02  max|w|=3.293e-03
    [00:32] consistency: div 1.58e-16  bed 3.23e-15   BOTH OK
    [00:32] t/T= 12.0  max|u|=1.256e-02  max|w|=3.291e-03
    [00:35] consistency: div 1.56e-16  bed 3.45e-15   BOTH OK
    [00:35] t/T= 16.0  max|u|=1.136e-02  max|w|=3.447e-03
    [00:38] consistency: div 1.57e-16  bed 3.75e-15   BOTH OK
    [00:38] t/T= 20.0  max|u|=1.139e-02  max|w|=3.337e-03

  fit over |x| in [200,933] m, 76 points, rms residual 5.4 m
  field: max/mean 3.9  (>>5 means a coherent beam; ~5 means reflections dominate)
  BEAM ANGLE  measured 38.65   nonhydrostatic 36.87   hydrostatic 30.96   error +1.78 deg (+4.8%)

  total wall time 00:38

