
=== iwbcurv  omega/N=0.8  256x201  20 periods  Lx=6.0 km  D0=1000 m  k=2  FULLY CURVILINEAR ===
  theory: nonhydrostatic 53.13 deg (Eq.30)   hydrostatic 38.66 deg (Eq.31)
  window: auto [112, 525] m (bounce = 750 m; keeps the fit inside the first bounce)
  [00:00] generating grid (TFI, position-dependent beta) ...
  [00:20] jacobian  : ALL +   |J| 87.96 .. 202.5
  [00:20] grid angle: 61.7 - 118.3 deg  (90 = orthogonal)
  [00:20] xi-line wander top-to-bottom: 147.7 m  -> FULLY CURVILINEAR
  [00:20] r_x       : max 1.422  median 0.000  *** VIOLATED (>1) ***
  [00:20] resolution: dx=23.5 m  dz=5.0 m  aspect 0.212
  [00:20] lepticity : h_e=551 m  lambda=dx/h_e=0.0427  Gamma~0.0018  OK (<<1)
  [00:20] beam      : slope 1.3333, bounce 0.75 km, 8.0 bounces across the domain
  [00:20] --forcegrid: grid check FAILED, running anyway
  [00:20] MOLE jacobian2D on the transposed grid: ALL +
  [00:22] bottom/top BC: w = (z_xi/x_xi) u   |slope| max 0.3176
  [00:22] C: 510 bed rows, 1530 nnz; agrees with bc_residual loop to 2.22e-16
  [00:22] D*G on the bed ghost rows: max|entry| 0.00e+00 (empty, as expected)
  [00:22] constraint row equilibration: x1.37e-01 .. 1.45e-01 (cancels out of the solution; check with --bedeq unit)
  [00:22] L: n=51914 nnz=944352 (18.2/row) bedmode=constraint, factorising ...
  [00:23] splu 0.7s
  [00:23] static projection test: div 1.29e-14 OK   bed 2.55e-14 OK
  [00:23] dt=9.35 s  (2400 steps, 120/period)  T=1122.0 s
  [00:23] sponge: Lsl=1200 m (0.20 Lx)  taus=37.4 s  taus/T=0.0333  dt/taus=0.25 OK
    [00:23 elapsed] time loop: 2400 steps
    [00:31] consistency: div 1.50e-16  bed 1.46e-15   BOTH OK
    [00:31] t/T=  4.0  max|u|=6.507e-03  max|w|=2.603e-03
    [00:38] consistency: div 1.51e-16  bed 1.72e-15   BOTH OK
    [00:38] t/T=  8.0  max|u|=6.385e-03  max|w|=2.872e-03
    [00:46] consistency: div 1.50e-16  bed 1.65e-15   BOTH OK
    [00:46] t/T= 12.0  max|u|=6.299e-03  max|w|=2.862e-03
    [00:54] consistency: div 1.50e-16  bed 1.59e-15   BOTH OK
    [00:54] t/T= 16.0  max|u|=6.473e-03  max|w|=2.950e-03
    [01:02] consistency: div 1.51e-16  bed 1.69e-15   BOTH OK
    [01:02] t/T= 20.0  max|u|=6.122e-03  max|w|=2.798e-03

  fit over |x| in [112,525] m, 44 points, rms residual 2.7 m
  field: max/mean 11.5  (>>5 means a coherent beam; ~5 means reflections dominate)
  BEAM ANGLE  measured 53.70   nonhydrostatic 53.13   hydrostatic 38.66   error +0.57 deg (+1.1%)

  total wall time 01:02

