
=== iwbcurv  omega/N=0.4  256x201  20 periods  Lx=6.0 km  D0=1000 m  k=2  FULLY CURVILINEAR ===
  theory: nonhydrostatic 23.58 deg (Eq.30)   hydrostatic 21.80 deg (Eq.31)
  window: auto [344, 1604] m (bounce = 2291 m; keeps the fit inside the first bounce)
  [00:00] generating grid (TFI, position-dependent beta) ...
  [00:20] jacobian  : ALL +   |J| 87.96 .. 202.5
  [00:20] grid angle: 61.7 - 118.3 deg  (90 = orthogonal)
  [00:20] xi-line wander top-to-bottom: 147.7 m  -> FULLY CURVILINEAR
  [00:20] r_x       : max 1.422  median 0.000  *** VIOLATED (>1) ***
  [00:20] resolution: dx=23.5 m  dz=5.0 m  aspect 0.212
  [00:20] lepticity : h_e=551 m  lambda=dx/h_e=0.0427  Gamma~0.0018  OK (<<1)
  [00:20] beam      : slope 0.4364, bounce 2.29 km, 2.6 bounces across the domain
  [00:20] --forcegrid: grid check FAILED, running anyway
  [00:20] MOLE jacobian2D on the transposed grid: ALL +
  [00:23] bottom/top BC: w = (z_xi/x_xi) u   |slope| max 0.3176
  [00:23] C: 510 bed rows, 1530 nnz; agrees with bc_residual loop to 2.22e-16
  [00:23] D*G on the bed ghost rows: max|entry| 0.00e+00 (empty, as expected)
  [00:23] constraint row equilibration: x1.37e-01 .. 1.45e-01 (cancels out of the solution; check with --bedeq unit)
  [00:23] L: n=51914 nnz=944352 (18.2/row) bedmode=constraint, factorising ...
  [00:24] splu 0.7s
  [00:24] static projection test: div 1.29e-14 OK   bed 2.55e-14 OK
  [00:24] dt=18.70 s  (2400 steps, 120/period)  T=2244.0 s
  [00:24] sponge: Lsl=1200 m (0.20 Lx)  taus=74.8 s  taus/T=0.0333  dt/taus=0.25 OK
    [00:24 elapsed] time loop: 2400 steps
    [00:32] consistency: div 1.50e-16  bed 7.15e-16   BOTH OK
    [00:32] t/T=  4.0  max|u|=1.470e-02  max|w|=4.973e-03
    [00:40] consistency: div 1.49e-16  bed 8.97e-16   BOTH OK
    [00:40] t/T=  8.0  max|u|=1.374e-02  max|w|=4.330e-03
    [00:48] consistency: div 1.48e-16  bed 1.05e-15   BOTH OK
    [00:48] t/T= 12.0  max|u|=1.207e-02  max|w|=4.476e-03
    [00:56] consistency: div 1.48e-16  bed 8.20e-16   BOTH OK
    [00:56] t/T= 16.0  max|u|=1.376e-02  max|w|=4.651e-03
    [01:04] consistency: div 1.48e-16  bed 7.87e-16   BOTH OK
    [01:04] t/T= 20.0  max|u|=1.291e-02  max|w|=4.452e-03

  fit over |x| in [344,1604] m, 122 points, rms residual 1.8 m
  field: max/mean 20.0  (>>5 means a coherent beam; ~5 means reflections dominate)
  BEAM ANGLE  measured 24.08   nonhydrostatic 23.58   hydrostatic 21.80   error +0.50 deg (+2.1%)

  total wall time 01:04

