
=== iwbcurv  omega/N=0.6  256x101  20 periods  Lx=6.0 km  D0=1000 m  k=2  FULLY CURVILINEAR ===
  theory: nonhydrostatic 36.87 deg (Eq.30)   hydrostatic 30.96 deg (Eq.31)
  window: auto [200, 933] m (bounce = 1333 m; keeps the fit inside the first bounce)
  [00:00] generating grid (TFI, position-dependent beta) ...
  [00:11] jacobian  : ALL +   |J| 175.9 .. 405
  [00:11] grid angle: 61.7 - 118.3 deg  (90 = orthogonal)
  [00:11] xi-line wander top-to-bottom: 147.7 m  -> FULLY CURVILINEAR
  [00:11] r_x       : max 0.709  median 0.000  OK (<1)
  [00:11] resolution: dx=23.5 m  dz=10.0 m  aspect 0.425
  [00:11] lepticity : h_e=551 m  lambda=dx/h_e=0.0427  Gamma~0.0018  OK (<<1)
  [00:11] beam      : slope 0.7500, bounce 1.33 km, 4.5 bounces across the domain
  [00:12] MOLE jacobian2D on the transposed grid: ALL +
  [00:14] bottom/top BC: w = (z_xi/x_xi) u   |slope| max 0.3176
  [00:14] C: 510 bed rows, 1530 nnz; agrees with bc_residual loop to 2.22e-16
  [00:14] D*G on the bed ghost rows: max|entry| 0.00e+00 (empty, as expected)
  [00:14] constraint row equilibration: x7.97e-02 .. 8.68e-02 (cancels out of the solution; check with --bedeq unit)
  [00:14] L: n=26214 nnz=474062 (18.1/row) bedmode=constraint, factorising ...
  [00:14] splu 0.3s
  [00:14] static projection test: div 2.51e-14 OK   bed 4.04e-14 OK
  [00:14] dt=12.47 s  (2400 steps, 120/period)  T=1496.0 s
  [00:14] sponge: Lsl=1200 m (0.20 Lx)  taus=49.9 s  taus/T=0.0334  dt/taus=0.25 OK
    [00:14 elapsed] time loop: 2400 steps
    [00:18] consistency: div 4.11e-17  bed 8.35e-16   BOTH OK
    [00:18] t/T=  4.0  max|u|=7.974e-03  max|w|=3.546e-03
    [00:21] consistency: div 4.10e-17  bed 5.89e-16   BOTH OK
    [00:21] t/T=  8.0  max|u|=8.202e-03  max|w|=3.296e-03
    [00:24] consistency: div 4.10e-17  bed 6.89e-16   BOTH OK
    [00:24] t/T= 12.0  max|u|=7.885e-03  max|w|=3.287e-03
    [00:28] consistency: div 4.09e-17  bed 9.46e-16   BOTH OK
    [00:28] t/T= 16.0  max|u|=7.675e-03  max|w|=3.267e-03
    [00:31] consistency: div 4.07e-17  bed 9.22e-16   BOTH OK
    [00:31] t/T= 20.0  max|u|=7.687e-03  max|w|=3.270e-03

  fit over |x| in [200,933] m, 76 points, rms residual 3.5 m
  field: max/mean 12.3  (>>5 means a coherent beam; ~5 means reflections dominate)
  BEAM ANGLE  measured 38.71   nonhydrostatic 36.87   hydrostatic 30.96   error +1.84 deg (+5.0%)

  total wall time 00:31

