
=== iwbcurv  omega/N=0.6  256x101  40 periods  Lx=6.0 km  D0=1000 m  k=2  FULLY CURVILINEAR ===
  theory: nonhydrostatic 36.87 deg (Eq.30)   hydrostatic 30.96 deg (Eq.31)
  window: auto [200, 933] m (bounce = 1333 m; keeps the fit inside the first bounce)
  [00:00] generating grid (TFI, position-dependent beta) ...
  [00:14] jacobian  : ALL +   |J| 175.9 .. 405
  [00:14] grid angle: 61.7 - 118.3 deg  (90 = orthogonal)
  [00:14] xi-line wander top-to-bottom: 147.7 m  -> FULLY CURVILINEAR
  [00:14] r_x       : max 0.709  median 0.000  OK (<1)
  [00:14] resolution: dx=23.5 m  dz=10.0 m  aspect 0.425
  [00:14] lepticity : h_e=551 m  lambda=dx/h_e=0.0427  Gamma~0.0018  OK (<<1)
  [00:14] beam      : slope 0.7500, bounce 1.33 km, 4.5 bounces across the domain
  [00:15] MOLE jacobian2D on the transposed grid: ALL +
  [00:18] bottom/top BC: w = (z_xi/x_xi) u   |slope| max 0.3176
  [00:18] C: 510 bed rows, 1530 nnz; agrees with bc_residual loop to 2.22e-16
  [00:18] L: n=26214 nnz=470797 (18.0/row) bedmode=projection, factorising ...
  [00:18] splu 0.4s
  [00:18] static projection test: div 3.52e-14 OK   bed 7.91e-01 (not enforced in this mode)
  [00:18] dt=24.93 s  (2400 steps, 60/period)  T=1496.0 s
  [00:18] sponge: Lsl=600 m (0.10 Lx)  taus=100.0 s  taus/T=0.0668  dt/taus=0.25 OK
    [00:18 elapsed] time loop: 2400 steps
    [00:23] consistency: div 7.84e-15  bed 1.31e+00   bed approx (penalty)
    [00:23] t/T=  8.0  max|u|=1.486e-01  max|w|=1.949e-01

  *** DIVERGED at t/T=9.00: max|u|=5.220e-01, 52.2x the forcing amplitude u0=0.01 ***
  (no beam angle reported -- the field is not physical)

