
=== iwbcurv  omega/N=0.6  256x101  20 periods  Lx=6.0 km  D0=1000 m  k=2  FULLY CURVILINEAR ===
  theory: nonhydrostatic 36.87 deg (Eq.30)   hydrostatic 30.96 deg (Eq.31)
  window: auto [200, 933] m (bounce = 1333 m; keeps the fit inside the first bounce)
  [00:00] generating grid (TFI, position-dependent beta) ...
  [00:11] jacobian  : ALL +   |J| 179 .. 405
  [00:11] grid angle: 61.7 - 118.3 deg  (90 = orthogonal)
  [00:11] xi-line wander top-to-bottom: 147.7 m  -> FULLY CURVILINEAR
  [00:11] r_x       : max 0.070  median 0.000  OK (<1)
  [00:11] resolution: dx=23.5 m  dz=10.0 m  aspect 0.425
  [00:11] lepticity : h_e=551 m  lambda=dx/h_e=0.0427  Gamma~0.0018  OK (<<1)
  [00:11] beam      : slope 0.7500, bounce 1.33 km, 4.5 bounces across the domain
  [00:12] MOLE jacobian2D on the transposed grid: ALL +
  [00:14] bottom/top BC: w = (z_xi/x_xi) u   |slope| max 0.0318
  [00:14] C: 510 bed rows, 1530 nnz; agrees with bc_residual loop to 0.00e+00
  [00:14] D*G on the bed ghost rows: max|entry| 0.00e+00 (empty, as expected)
  [00:14] constraint row equilibration: x8.18e-02 .. 8.68e-02 (cancels out of the solution; check with --bedeq unit)
  [00:14] L: n=26214 nnz=473476 (18.1/row) bedmode=constraint, factorising ...
  [00:14] splu 0.3s
  [00:14] static projection test: div 2.21e-14 OK   bed 3.16e-14 OK
  [00:14] dt=12.47 s  (2400 steps, 120/period)  T=1496.0 s
  [00:14] sponge: Lsl=1200 m (0.20 Lx)  taus=49.9 s  taus/T=0.0334  dt/taus=0.25 OK
    [00:14 elapsed] time loop: 2400 steps
    [00:18] consistency: div 4.16e-17  bed 1.42e-15   BOTH OK
    [00:18] t/T=  4.0  max|u|=3.166e-03  max|w|=4.442e-04
    [00:21] consistency: div 4.15e-17  bed 2.24e-15   BOTH OK
    [00:21] t/T=  8.0  max|u|=3.148e-03  max|w|=4.398e-04
    [00:24] consistency: div 4.17e-17  bed 2.25e-15   BOTH OK
    [00:24] t/T= 12.0  max|u|=3.156e-03  max|w|=4.405e-04
    [00:28] consistency: div 4.15e-17  bed 1.63e-15   BOTH OK
    [00:28] t/T= 16.0  max|u|=3.150e-03  max|w|=4.401e-04
    [00:31] consistency: div 4.15e-17  bed 1.95e-15   BOTH OK
    [00:31] t/T= 20.0  max|u|=3.142e-03  max|w|=4.402e-04

  fit over |x| in [200,933] m, 76 points, rms residual 3.1 m
  field: max/mean 7.4  (>>5 means a coherent beam; ~5 means reflections dominate)
  BEAM ANGLE  measured 38.79   nonhydrostatic 36.87   hydrostatic 30.96   error +1.92 deg (+5.2%)

  total wall time 00:31

