
=== iwbcurv  omega/N=0.2  256x101  40 periods  Lx=6.0 km  D0=1000 m  k=2  FULLY CURVILINEAR ===
  theory: nonhydrostatic 11.54 deg (Eq.30)   hydrostatic 11.31 deg (Eq.31)
  window: auto [735, 2700] m (bounce = 4899 m; keeps the fit inside the first bounce)
  [00:00] generating grid (TFI, position-dependent beta) ...
  [00:15] jacobian  : ALL +   |J| 175.9 .. 405
  [00:15] grid angle: 61.7 - 118.3 deg  (90 = orthogonal)
  [00:15] xi-line wander top-to-bottom: 147.7 m  -> FULLY CURVILINEAR
  [00:15] r_x       : max 0.709  median 0.000  OK (<1)
  [00:15] resolution: dx=23.5 m  dz=10.0 m  aspect 0.425
  [00:15] lepticity : h_e=551 m  lambda=dx/h_e=0.0427  Gamma~0.0018  OK (<<1)
  [00:15] beam      : slope 0.2041, bounce 4.90 km, 1.2 bounces across the domain
  [00:15] MOLE jacobian2D on the transposed grid: ALL +
  [00:18] bottom/top BC: w = (z_xi/x_xi) u   |slope| max 0.3176
  [00:18] C: 510 bed rows, 1530 nnz; agrees with bc_residual loop to 2.22e-16
  [00:18] D*G on the bed ghost rows: max|entry| 0.00e+00 (empty, as expected)
  [00:18] constraint row equilibration: x7.97e-02 .. 8.68e-02 (cancels out of the solution; check with --bedeq unit)
  [00:18] L: n=26214 nnz=474062 (18.1/row) bedmode=constraint, factorising ...
  [00:19] splu 0.4s
  [00:19] static projection test: div 2.51e-14 OK   bed 4.04e-14 OK
  [00:19] dt=74.80 s  (2400 steps, 60/period)  T=4488.0 s
  [00:19] sponge: Lsl=600 m (0.10 Lx)  taus=100.0 s  taus/T=0.0223  dt/taus=0.75 MARGINAL
    [00:19 elapsed] time loop: 2400 steps
    [00:25] consistency: div 1.89e-16  bed 1.75e-15   BOTH OK
    [00:25] t/T=  8.0  max|u|=1.429e-02  max|w|=4.926e-03
    [00:28] consistency: div 1.82e-16  bed 1.80e-15   BOTH OK
    [00:28] t/T= 16.0  max|u|=1.403e-02  max|w|=4.756e-03
    [00:32] consistency: div 1.75e-16  bed 1.97e-15   BOTH OK
    [00:32] t/T= 24.0  max|u|=1.445e-02  max|w|=4.787e-03
    [00:35] consistency: div 1.73e-16  bed 1.54e-15   BOTH OK
    [00:35] t/T= 32.0  max|u|=1.425e-02  max|w|=4.745e-03
    [00:38] consistency: div 1.72e-16  bed 1.36e-15   BOTH OK
    [00:38] t/T= 40.0  max|u|=1.437e-02  max|w|=4.747e-03

  fit over |x| in [735,2700] m, 164 points, rms residual 101.2 m
  field: max/mean 8.2  (>>5 means a coherent beam; ~5 means reflections dominate)
  BEAM ANGLE  measured 12.78   nonhydrostatic 11.54   hydrostatic 11.31   error +1.24 deg (+10.8%)

  total wall time 00:38

