
=== iwbcurv  omega/N=0.6  256x101  2 periods  Lx=6.0 km  D0=1000 m  k=2  FULLY CURVILINEAR ===
  theory: nonhydrostatic 36.87 deg (Eq.30)   hydrostatic 30.96 deg (Eq.31)
  window: auto [200, 933] m (bounce = 1333 m; keeps the fit inside the first bounce)
  [00:00] generating grid (TFI, position-dependent beta) ...
  [00:11] jacobian  : ALL +   |J| 175.9 .. 405
  [00:11] grid angle: 61.7 - 118.3 deg  (90 = orthogonal)
  [00:11] xi-line wander top-to-bottom: 147.7 m  -> FULLY CURVILINEAR
  [00:11] r_x       : max 0.709  median 0.000  OK (<1)
  [00:11] resolution: dx=23.5 m  dz=10.0 m  aspect 0.425
  [00:11] lepticity : h_e=551 m  lambda=dx/h_e=0.0427  Gamma~0.0018  OK (<<1)
  [00:11] beam      : slope 0.7500, bounce 1.33 km, 4.5 bounces across the domain
  [00:12] MOLE jacobian2D on the transposed grid: ALL +
  [00:14] bottom/top BC: w = (z_xi/x_xi) u   |slope| max 0.3176
  [00:14] C: 510 bed rows, 1530 nnz; agrees with bc_residual loop to 2.22e-16
  [00:14] D*G on the bed ghost rows: max|entry| 0.00e+00 (empty, as expected)
  [00:14] constraint row equilibration: x7.97e-02 .. 8.68e-02 (cancels out of the solution; check with --bedeq unit)
  [00:14] L: n=26214 nnz=474062 (18.1/row) bedmode=constraint, factorising ...
  [00:14] splu 0.3s
  [00:14] static projection test: div 2.51e-14 OK   bed 4.04e-14 OK
  [00:14] dt=24.93 s  (120 steps, 60/period)  T=1496.0 s
  [00:14] sponge: Lsl=1200 m (0.20 Lx)  taus=5.0 s  taus/T=0.0033  dt/taus=4.99 *** UNSTABLE ***

  *** dt/taus = 4.99 > 1: the sponge relaxation is explicit and will drive a blow-up.
      Raise --taus above 24.9 s or raise --spp above 300.

