
=== iwbcurv  omega/N=0.6  256x101  20 periods  Lx=6.0 km  D0=1000 m  k=6  FULLY CURVILINEAR ===
  theory: nonhydrostatic 36.87 deg (Eq.30)   hydrostatic 30.96 deg (Eq.31)
  window: auto [200, 933] m (bounce = 1333 m; keeps the fit inside the first bounce)
  [00:00] generating grid (TFI, position-dependent beta) ...
  [00:17] jacobian  : ALL +   |J| 175.9 .. 405
  [00:17] grid angle: 61.7 - 118.3 deg  (90 = orthogonal)
  [00:17] xi-line wander top-to-bottom: 147.7 m  -> FULLY CURVILINEAR
  [00:17] r_x       : max 0.709  median 0.000  OK (<1)
  [00:17] resolution: dx=23.5 m  dz=10.0 m  aspect 0.425
  [00:17] lepticity : h_e=551 m  lambda=dx/h_e=0.0427  Gamma~0.0018  OK (<<1)
  [00:17] beam      : slope 0.7500, bounce 1.33 km, 4.5 bounces across the domain
  [00:17] MOLE jacobian2D on the transposed grid: ALL +
  [00:21] bottom/top BC: w = (z_xi/x_xi) u   |slope| max 0.3176
  [00:21] C: 510 bed rows, 1530 nnz; agrees with bc_residual loop to 2.22e-16
  [00:21] D*G on the bed ghost rows: max|entry| 0.00e+00 (empty, as expected)
  [00:21] constraint row equilibration: x6.04e-02 .. 6.67e-02 (cancels out of the solution; check with --bedeq unit)
  [00:21] L: n=26214 nnz=1670228 (63.7/row) bedmode=constraint, factorising ...
  [00:29] splu 8.2s
  [00:29] static projection test: div 1.38e-13 OK   bed 1.23e-12 OK
  [00:29] dt=24.93 s  (1200 steps, 60/period)  T=1496.0 s
  [00:29] sponge: Lsl=600 m (0.10 Lx)  taus=100.0 s  taus/T=0.0668  dt/taus=0.25 OK
    [00:29 elapsed] time loop: 1200 steps
    [00:39] consistency: div 7.08e-16  bed 8.67e-15   BOTH OK
    [00:39] t/T=  4.0  max|u|=1.126e-02  max|w|=2.960e-03
    [00:49] consistency: div 6.98e-16  bed 8.59e-15   BOTH OK
    [00:49] t/T=  8.0  max|u|=1.219e-02  max|w|=3.093e-03
    [01:00] consistency: div 7.02e-16  bed 8.36e-15   BOTH OK
    [01:00] t/T= 12.0  max|u|=1.503e-02  max|w|=3.506e-03
    [01:11] consistency: div 7.02e-16  bed 9.52e-15   BOTH OK
    [01:11] t/T= 16.0  max|u|=1.332e-02  max|w|=3.435e-03
    [01:22] consistency: div 7.03e-16  bed 1.02e-14   BOTH OK
    [01:22] t/T= 20.0  max|u|=1.294e-02  max|w|=3.261e-03

  fit over |x| in [200,933] m, 76 points, rms residual 5.0 m
  field: max/mean 4.0  (>>5 means a coherent beam; ~5 means reflections dominate)
  BEAM ANGLE  measured 38.46   nonhydrostatic 36.87   hydrostatic 30.96   error +1.59 deg (+4.3%)

  total wall time 01:22

