
=== iwbcurv  omega/N=0.6  512x201  20 periods  Lx=6.0 km  D0=1000 m  k=2  FULLY CURVILINEAR ===
  theory: nonhydrostatic 36.87 deg (Eq.30)   hydrostatic 30.96 deg (Eq.31)
  window: auto [200, 933] m (bounce = 1333 m; keeps the fit inside the first bounce)
  [00:00] generating grid (TFI, position-dependent beta) ...
  [00:37] jacobian  : ALL +   |J| 44.3 .. 101.5
  [00:37] grid angle: 61.7 - 118.3 deg  (90 = orthogonal)
  [00:37] xi-line wander top-to-bottom: 147.7 m  -> FULLY CURVILINEAR
  [00:37] r_x       : max 0.386  median 0.000  OK (<1)
  [00:37] resolution: dx=11.7 m  dz=5.0 m  aspect 0.426
  [00:37] lepticity : h_e=551 m  lambda=dx/h_e=0.0213  Gamma~0.0005  OK (<<1)
  [00:37] beam      : slope 0.7500, bounce 1.33 km, 4.5 bounces across the domain
  [00:37] MOLE jacobian2D on the transposed grid: ALL +
  [00:40] bottom/top BC: w = (z_xi/x_xi) u   |slope| max 0.1898
  [00:40] C: 1022 bed rows, 3066 nnz; agrees with bc_residual loop to 0.00e+00
  [00:40] D*G on the bed ghost rows: max|entry| 0.00e+00 (empty, as expected)
  [00:40] constraint row equilibration: x1.61e-01 .. 1.73e-01 (cancels out of the solution; check with --bedeq unit)
  [00:40] L: n=103626 nnz=1900727 (18.3/row) bedmode=constraint, factorising ...
  [00:42] splu 2.0s
  [00:42] static projection test: div 6.10e-14 OK   bed 9.15e-14 OK
  [00:42] dt=24.93 s  (1200 steps, 60/period)  T=1496.0 s
  [00:42] sponge: Lsl=1200 m (0.20 Lx)  taus=49.9 s  taus/T=0.0334  dt/taus=0.50 OK
    [00:42 elapsed] time loop: 1200 steps
    [00:51] consistency: div 8.46e-16  bed 1.18e-14   BOTH OK
    [00:51] t/T=  4.0  max|u|=5.739e-03  max|w|=1.654e-03
    [01:01] consistency: div 8.43e-16  bed 8.50e-15   BOTH OK
    [01:01] t/T=  8.0  max|u|=5.867e-03  max|w|=1.721e-03
    [01:10] consistency: div 8.45e-16  bed 8.87e-15   BOTH OK
    [01:10] t/T= 12.0  max|u|=5.815e-03  max|w|=1.651e-03
    [01:19] consistency: div 8.43e-16  bed 9.09e-15   BOTH OK
    [01:19] t/T= 16.0  max|u|=5.586e-03  max|w|=1.618e-03
    [01:29] consistency: div 8.44e-16  bed 8.85e-15   BOTH OK
    [01:29] t/T= 20.0  max|u|=5.435e-03  max|w|=1.609e-03

  fit over |x| in [200,933] m, 154 points, rms residual 2.7 m
  field: max/mean 14.3  (>>5 means a coherent beam; ~5 means reflections dominate)
  BEAM ANGLE  measured 37.24   nonhydrostatic 36.87   hydrostatic 30.96   error +0.37 deg (+1.0%)

  total wall time 01:29

