
=== iwbcurv  omega/N=0.4  256x101  40 periods  Lx=6.0 km  D0=1000 m  k=2  FULLY CURVILINEAR ===
  theory: nonhydrostatic 23.58 deg (Eq.30)   hydrostatic 21.80 deg (Eq.31)
  window: auto [344, 1604] m (bounce = 2291 m; keeps the fit inside the first bounce)
  [00:00] generating grid (TFI, position-dependent beta) ...
  [00:11] jacobian  : ALL +   |J| 175.9 .. 405
  [00:11] grid angle: 61.7 - 118.3 deg  (90 = orthogonal)
  [00:11] xi-line wander top-to-bottom: 147.7 m  -> FULLY CURVILINEAR
  [00:11] r_x       : max 0.709  median 0.000  OK (<1)
  [00:11] resolution: dx=23.5 m  dz=10.0 m  aspect 0.425
  [00:11] lepticity : h_e=551 m  lambda=dx/h_e=0.0427  Gamma~0.0018  OK (<<1)
  [00:11] beam      : slope 0.4364, bounce 2.29 km, 2.6 bounces across the domain
  [00:12] MOLE jacobian2D on the transposed grid: ALL +
  [00:14] bottom/top BC: w = (z_xi/x_xi) u   |slope| max 0.3176
  [00:14] C: 510 bed rows, 1530 nnz; agrees with bc_residual loop to 2.22e-16
  [00:14] D*G on the bed ghost rows: max|entry| 0.00e+00 (empty, as expected)
  [00:14] constraint row equilibration: x7.97e-02 .. 8.68e-02 (cancels out of the solution; check with --bedeq unit)
  [00:14] L: n=26214 nnz=474062 (18.1/row) bedmode=constraint, factorising ...
  [00:14] splu 0.3s
  [00:14] static projection test: div 2.51e-14 OK   bed 4.04e-14 OK
  [00:14] dt=37.40 s  (2400 steps, 60/period)  T=2244.0 s
  [00:14] sponge: Lsl=600 m (0.10 Lx)  taus=100.0 s  taus/T=0.0446  dt/taus=0.37 OK
    [00:14 elapsed] time loop: 2400 steps
    [00:17] consistency: div 1.46e-16  bed 2.37e-15   BOTH OK
    [00:17] t/T=  8.0  max|u|=2.071e-02  max|w|=4.915e-03
    [00:21] consistency: div 1.37e-16  bed 1.96e-15   BOTH OK
    [00:21] t/T= 16.0  max|u|=2.240e-02  max|w|=5.242e-03
    [00:24] consistency: div 1.36e-16  bed 1.72e-15   BOTH OK
    [00:24] t/T= 24.0  max|u|=2.248e-02  max|w|=5.288e-03
    [00:27] consistency: div 1.34e-16  bed 2.05e-15   BOTH OK
    [00:27] t/T= 32.0  max|u|=2.251e-02  max|w|=5.250e-03
    [00:30] consistency: div 1.34e-16  bed 1.95e-15   BOTH OK
    [00:30] t/T= 40.0  max|u|=2.265e-02  max|w|=5.214e-03

  fit over |x| in [344,1604] m, 122 points, rms residual 124.4 m
  field: max/mean 3.7  (>>5 means a coherent beam; ~5 means reflections dominate)
  BEAM ANGLE  measured 27.16   nonhydrostatic 23.58   hydrostatic 21.80   error +3.58 deg (+15.2%)

  total wall time 00:30

