
=== iwbcurv  omega/N=0.2  512x101  20 periods  Lx=12.0 km  D0=1000 m  k=2  FULLY CURVILINEAR ===
  theory: nonhydrostatic 11.54 deg (Eq.30)   hydrostatic 11.31 deg (Eq.31)
  window: auto [735, 3429] m (bounce = 4899 m; keeps the fit inside the first bounce)
  [00:00] generating grid (TFI, position-dependent beta) ...
  [00:20] jacobian  : ALL +   |J| 181.3 .. 405.9
  [00:20] grid angle: 56.0 - 124.0 deg  (90 = orthogonal)
  [00:20] xi-line wander top-to-bottom: 295.4 m  -> FULLY CURVILINEAR
  [00:20] r_x       : max 0.709  median 0.000  OK (<1)
  [00:20] resolution: dx=23.5 m  dz=10.0 m  aspect 0.426
  [00:20] lepticity : h_e=551 m  lambda=dx/h_e=0.0426  Gamma~0.0018  OK (<<1)
  [00:20] beam      : slope 0.2041, bounce 4.90 km, 2.4 bounces across the domain
  [00:20] MOLE jacobian2D on the transposed grid: ALL +
  [00:23] bottom/top BC: w = (z_xi/x_xi) u   |slope| max 0.3180
  [00:23] C: 1022 bed rows, 3066 nnz; agrees with bc_residual loop to 1.11e-16
  [00:23] D*G on the bed ghost rows: max|entry| 0.00e+00 (empty, as expected)
  [00:23] constraint row equilibration: x7.92e-02 .. 8.63e-02 (cancels out of the solution; check with --bedeq unit)
  [00:23] L: n=52326 nnz=945217 (18.1/row) bedmode=constraint, factorising ...
  [00:23] splu 0.6s
  [00:23] static projection test: div 7.26e-14 OK   bed 1.40e-13 OK
  [00:23] dt=74.80 s  (1200 steps, 60/period)  T=4488.0 s
  [00:23] sponge: Lsl=2400 m (0.20 Lx)  taus=149.6 s  taus/T=0.0333  dt/taus=0.50 OK
    [00:23 elapsed] time loop: 1200 steps
    [00:27] consistency: div 4.10e-16  bed 4.37e-15   BOTH OK
    [00:27] t/T=  4.0  max|u|=1.430e-02  max|w|=5.169e-03
    [00:30] consistency: div 4.06e-16  bed 4.00e-15   BOTH OK
    [00:30] t/T=  8.0  max|u|=1.281e-02  max|w|=5.117e-03
    [00:33] consistency: div 3.99e-16  bed 3.20e-15   BOTH OK
    [00:33] t/T= 12.0  max|u|=1.326e-02  max|w|=5.134e-03
    [00:37] consistency: div 3.93e-16  bed 4.09e-15   BOTH OK
    [00:37] t/T= 16.0  max|u|=1.320e-02  max|w|=5.129e-03
    [00:40] consistency: div 3.89e-16  bed 4.15e-15   BOTH OK
    [00:40] t/T= 20.0  max|u|=1.317e-02  max|w|=5.132e-03

  fit over |x| in [735,3429] m, 254 points, rms residual 4.8 m
  field: max/mean 18.7  (>>5 means a coherent beam; ~5 means reflections dominate)
  BEAM ANGLE  measured 12.12   nonhydrostatic 11.54   hydrostatic 11.31   error +0.58 deg (+5.1%)

  total wall time 00:40

