
=== iwbcurv  omega/N=0.6  256x101  20 periods  Lx=6.0 km  D0=1000 m  k=2  FULLY CURVILINEAR ===
  theory: nonhydrostatic 36.87 deg (Eq.30)   hydrostatic 30.96 deg (Eq.31)
  window: auto [200, 933] m (bounce = 1333 m; keeps the fit inside the first bounce)
  [00:00] generating grid (TFI, position-dependent beta) ...
  [00:11] jacobian  : ALL +   |J| 177.6 .. 405
  [00:11] grid angle: 61.7 - 118.3 deg  (90 = orthogonal)
  [00:11] xi-line wander top-to-bottom: 147.7 m  -> FULLY CURVILINEAR
  [00:11] r_x       : max 0.353  median 0.000  OK (<1)
  [00:11] resolution: dx=23.5 m  dz=10.0 m  aspect 0.425
  [00:11] lepticity : h_e=551 m  lambda=dx/h_e=0.0427  Gamma~0.0018  OK (<<1)
  [00:11] beam      : slope 0.7500, bounce 1.33 km, 4.5 bounces across the domain
  [00:12] MOLE jacobian2D on the transposed grid: ALL +
  [00:14] bottom/top BC: w = (z_xi/x_xi) u   |slope| max 0.1588
  [00:14] C: 510 bed rows, 1530 nnz; agrees with bc_residual loop to 2.22e-16
  [00:14] D*G on the bed ghost rows: max|entry| 0.00e+00 (empty, as expected)
  [00:14] constraint row equilibration: x8.10e-02 .. 8.68e-02 (cancels out of the solution; check with --bedeq unit)
  [00:14] L: n=26214 nnz=473843 (18.1/row) bedmode=constraint, factorising ...
  [00:14] splu 0.3s
  [00:14] static projection test: div 2.37e-14 OK   bed 4.02e-14 OK
  [00:14] dt=24.93 s  (1200 steps, 60/period)  T=1496.0 s
  [00:14] sponge: Lsl=1200 m (0.20 Lx)  taus=49.9 s  taus/T=0.0334  dt/taus=0.50 OK
    [00:14 elapsed] time loop: 1200 steps
    [00:16] consistency: div 1.98e-16  bed 5.23e-15   BOTH OK
    [00:16] t/T=  4.0  max|u|=4.993e-03  max|w|=1.377e-03
    [00:18] consistency: div 1.98e-16  bed 5.25e-15   BOTH OK
    [00:18] t/T=  8.0  max|u|=4.573e-03  max|w|=1.338e-03
    [00:19] consistency: div 1.98e-16  bed 5.49e-15   BOTH OK
    [00:19] t/T= 12.0  max|u|=4.644e-03  max|w|=1.320e-03
    [00:21] consistency: div 1.98e-16  bed 5.62e-15   BOTH OK
    [00:21] t/T= 16.0  max|u|=4.654e-03  max|w|=1.322e-03
    [00:23] consistency: div 1.99e-16  bed 4.59e-15   BOTH OK
    [00:23] t/T= 20.0  max|u|=4.648e-03  max|w|=1.324e-03

  fit over |x| in [200,933] m, 76 points, rms residual 3.4 m
  field: max/mean 10.6  (>>5 means a coherent beam; ~5 means reflections dominate)
  BEAM ANGLE  measured 38.86   nonhydrostatic 36.87   hydrostatic 30.96   error +1.99 deg (+5.4%)

  total wall time 00:23

