
=== iwbcurv  omega/N=0.6  256x151  20 periods  Lx=6.0 km  D0=1000 m  k=2  FULLY CURVILINEAR ===
  theory: nonhydrostatic 36.87 deg (Eq.30)   hydrostatic 30.96 deg (Eq.31)
  window: auto [200, 933] m (bounce = 1333 m; keeps the fit inside the first bounce)
  [00:00] generating grid (TFI, position-dependent beta) ...
  [00:16] jacobian  : ALL +   |J| 117.3 .. 270
  [00:16] grid angle: 61.7 - 118.3 deg  (90 = orthogonal)
  [00:16] xi-line wander top-to-bottom: 147.7 m  -> FULLY CURVILINEAR
  [00:16] r_x       : max 1.065  median 0.000  *** VIOLATED (>1) ***
  [00:16] resolution: dx=23.5 m  dz=6.7 m  aspect 0.283
  [00:16] lepticity : h_e=551 m  lambda=dx/h_e=0.0427  Gamma~0.0018  OK (<<1)
  [00:16] beam      : slope 0.7500, bounce 1.33 km, 4.5 bounces across the domain
  [00:16] --forcegrid: grid check FAILED, running anyway
  [00:16] MOLE jacobian2D on the transposed grid: ALL +
  [00:19] bottom/top BC: w = (z_xi/x_xi) u   |slope| max 0.3176
  [00:19] C: 510 bed rows, 1530 nnz; agrees with bc_residual loop to 0.00e+00
  [00:19] D*G on the bed ghost rows: max|entry| 0.00e+00 (empty, as expected)
  [00:19] constraint row equilibration: x1.07e-01 .. 1.14e-01 (cancels out of the solution; check with --bedeq unit)
  [00:19] L: n=39064 nnz=726331 (18.6/row) bedmode=constraint, factorising ...
  [00:19] splu 0.5s
  [00:19] static projection test: div 2.46e-14 OK   bed 5.94e-14 OK
  [00:19] dt=12.47 s  (2400 steps, 120/period)  T=1496.0 s
  [00:19] sponge: Lsl=1200 m (0.20 Lx)  taus=49.9 s  taus/T=0.0334  dt/taus=0.25 OK
    [00:19 elapsed] time loop: 2400 steps
    [00:25] consistency: div 8.32e-17  bed 8.83e-16   BOTH OK
    [00:25] t/T=  4.0  max|u|=9.316e-03  max|w|=3.239e-03
    [00:31] consistency: div 8.31e-17  bed 1.18e-15   BOTH OK
    [00:31] t/T=  8.0  max|u|=8.410e-03  max|w|=3.570e-03
    [00:37] consistency: div 8.28e-17  bed 1.12e-15   BOTH OK
    [00:37] t/T= 12.0  max|u|=7.575e-03  max|w|=3.421e-03
    [00:43] consistency: div 8.26e-17  bed 1.22e-15   BOTH OK
    [00:43] t/T= 16.0  max|u|=7.967e-03  max|w|=3.294e-03
    [00:49] consistency: div 8.27e-17  bed 9.60e-16   BOTH OK
    [00:49] t/T= 20.0  max|u|=8.032e-03  max|w|=3.356e-03

  fit over |x| in [200,933] m, 76 points, rms residual 1.9 m
  field: max/mean 14.0  (>>5 means a coherent beam; ~5 means reflections dominate)
  BEAM ANGLE  measured 38.06   nonhydrostatic 36.87   hydrostatic 30.96   error +1.19 deg (+3.2%)

  total wall time 00:49

