
=== iwbcurv  omega/N=0.8  256x101  20 periods  Lx=6.0 km  D0=1000 m  k=2  FULLY CURVILINEAR ===
  theory: nonhydrostatic 53.13 deg (Eq.30)   hydrostatic 38.66 deg (Eq.31)
  window: auto [112, 525] m (bounce = 750 m; keeps the fit inside the first bounce)
  [00:00] generating grid (TFI, position-dependent beta) ...
  [00:12] jacobian  : ALL +   |J| 175.9 .. 405
  [00:12] grid angle: 61.7 - 118.3 deg  (90 = orthogonal)
  [00:12] xi-line wander top-to-bottom: 147.7 m  -> FULLY CURVILINEAR
  [00:12] r_x       : max 0.709  median 0.000  OK (<1)
  [00:12] resolution: dx=23.5 m  dz=10.0 m  aspect 0.425
  [00:12] lepticity : h_e=551 m  lambda=dx/h_e=0.0427  Gamma~0.0018  OK (<<1)
  [00:12] beam      : slope 1.3333, bounce 0.75 km, 8.0 bounces across the domain
  [00:12] MOLE jacobian2D on the transposed grid: ALL +
  [00:14] bottom/top BC: w = (z_xi/x_xi) u   |slope| max 0.3176
  [00:14] C: 510 bed rows, 1530 nnz; agrees with bc_residual loop to 2.22e-16
  [00:14] D*G on the bed ghost rows: max|entry| 0.00e+00 (empty, as expected)
  [00:14] constraint row equilibration: x7.97e-02 .. 8.68e-02 (cancels out of the solution; check with --bedeq unit)
  [00:14] L: n=26214 nnz=474062 (18.1/row) bedmode=constraint, factorising ...
  [00:14] splu 0.3s
  [00:14] static projection test: div 2.51e-14 OK   bed 4.04e-14 OK
  [00:14] dt=18.70 s  (1200 steps, 60/period)  T=1122.0 s
  [00:14] sponge: Lsl=1200 m (0.20 Lx)  taus=100.0 s  taus/T=0.0891  dt/taus=0.19 OK
    [00:14 elapsed] time loop: 1200 steps
    [00:16] consistency: div 1.56e-16  bed 4.38e-15   BOTH OK
    [00:16] t/T=  4.0  max|u|=7.751e-03  max|w|=2.475e-03
    [00:18] consistency: div 1.57e-16  bed 6.33e-15   BOTH OK
    [00:18] t/T=  8.0  max|u|=7.217e-03  max|w|=2.110e-03
    [00:19] consistency: div 1.56e-16  bed 5.67e-15   BOTH OK
    [00:19] t/T= 12.0  max|u|=6.968e-03  max|w|=2.003e-03
    [00:21] consistency: div 1.56e-16  bed 5.52e-15   BOTH OK
    [00:21] t/T= 16.0  max|u|=6.938e-03  max|w|=1.947e-03
    [00:22] consistency: div 1.56e-16  bed 6.16e-15   BOTH OK
    [00:22] t/T= 20.0  max|u|=6.878e-03  max|w|=1.929e-03

  fit over |x| in [112,525] m, 44 points, rms residual 26.5 m
  field: max/mean 8.3  (>>5 means a coherent beam; ~5 means reflections dominate)
  BEAM ANGLE  measured 55.73   nonhydrostatic 53.13   hydrostatic 38.66   error +2.60 deg (+4.9%)

  total wall time 00:22

