
=== iwbcurv  omega/N=0.6  384x151  20 periods  Lx=6.0 km  D0=1000 m  k=2  FULLY CURVILINEAR ===
  theory: nonhydrostatic 36.87 deg (Eq.30)   hydrostatic 30.96 deg (Eq.31)
  window: auto [200, 933] m (bounce = 1333 m; keeps the fit inside the first bounce)
  [00:00] generating grid (TFI, position-dependent beta) ...
  [00:22] jacobian  : ALL +   |J| 78.82 .. 180.3
  [00:22] grid angle: 61.7 - 118.3 deg  (90 = orthogonal)
  [00:22] xi-line wander top-to-bottom: 147.7 m  -> FULLY CURVILINEAR
  [00:22] r_x       : max 0.375  median 0.000  OK (<1)
  [00:22] resolution: dx=15.7 m  dz=6.7 m  aspect 0.426
  [00:22] lepticity : h_e=551 m  lambda=dx/h_e=0.0284  Gamma~0.0008  OK (<<1)
  [00:22] beam      : slope 0.7500, bounce 1.33 km, 4.5 bounces across the domain
  [00:22] MOLE jacobian2D on the transposed grid: ALL +
  [00:25] bottom/top BC: w = (z_xi/x_xi) u   |slope| max 0.1755
  [00:25] C: 766 bed rows, 2298 nnz; agrees with bc_residual loop to 5.55e-17
  [00:25] D*G on the bed ghost rows: max|entry| 0.00e+00 (empty, as expected)
  [00:25] constraint row equilibration: x1.21e-01 .. 1.30e-01 (cancels out of the solution; check with --bedeq unit)
  [00:25] L: n=58520 nnz=1087370 (18.6/row) bedmode=constraint, factorising ...
  [00:26] splu 0.9s
  [00:26] static projection test: div 1.96e-14 OK   bed 5.61e-14 OK
  [00:26] dt=24.93 s  (1200 steps, 60/period)  T=1496.0 s
  [00:26] sponge: Lsl=1200 m (0.20 Lx)  taus=49.9 s  taus/T=0.0334  dt/taus=0.50 OK
    [00:26 elapsed] time loop: 1200 steps
    [00:30] consistency: div 4.31e-16  bed 6.82e-15   BOTH OK
    [00:30] t/T=  4.0  max|u|=5.459e-03  max|w|=1.666e-03
    [00:35] consistency: div 4.32e-16  bed 6.69e-15   BOTH OK
    [00:35] t/T=  8.0  max|u|=5.351e-03  max|w|=1.591e-03
    [00:39] consistency: div 4.30e-16  bed 8.83e-15   BOTH OK
    [00:40] t/T= 12.0  max|u|=5.339e-03  max|w|=1.549e-03
    [00:44] consistency: div 4.31e-16  bed 5.89e-15   BOTH OK
    [00:44] t/T= 16.0  max|u|=5.305e-03  max|w|=1.545e-03
    [00:49] consistency: div 4.30e-16  bed 6.88e-15   BOTH OK
    [00:49] t/T= 20.0  max|u|=5.259e-03  max|w|=1.546e-03

  fit over |x| in [200,933] m, 114 points, rms residual 2.3 m
  field: max/mean 13.0  (>>5 means a coherent beam; ~5 means reflections dominate)
  BEAM ANGLE  measured 37.93   nonhydrostatic 36.87   hydrostatic 30.96   error +1.06 deg (+2.9%)

  total wall time 00:49

