
=== iwbcurv  omega/N=0.6  384x76  18 periods  Lx=3.0 km  D0=1000 m  k=2  alpha=1e-06  ramp=3T  FULLY CURVILINEAR ===
  theory: nonhydrostatic 0.38 deg (Eq.30)   hydrostatic 0.38 deg (Eq.31)
  N(z) from mry_N.txt: 1.00e-04 .. 2.50e-02 1/s over the water column
  beam slope varies 0.0057 .. 0.0703 (5-95%); the angle above is the mid-depth value only
  *** N < omega over 5% of the column: evanescent there, no propagating beam ***
  window: auto [22793, 1350] m (bounce = 151954 m; keeps the fit inside the first bounce)
  [00:00] grid from cache (grid_26138a68e48d9aad.npz)
  [00:00] jacobian  : ALL +   |J| 6.146 .. 15.14
  [00:00] grid angle: 9.3 - 170.3 deg  (90 = orthogonal)
  [00:00] xi-line wander top-to-bottom: 73.8 m  -> FULLY CURVILINEAR
  [00:00] r_x       : max 0.080  median 0.006  OK (<1)
  [00:00] resolution: dx=7.8 m  dz=13.3 m  aspect 1.702
  [00:00] lepticity : h_e=551 m  lambda=dx/h_e=0.0142  Gamma~0.0002  OK (<<1)
  [00:00] beam      : slope 0.0066, bounce 151.95 km, 0.0 bounces across the domain
  [00:00] operators from cache (ops_4be3a1894f1e1916.npz)
  [00:00] MOLE jacobian2D on the transposed grid: ALL +
  [00:00] N(z) mapped to 29645 centres: N 1.00e-04 .. 1.53e-02 1/s
  [00:00] buoyancy coupling: energy-adjoint Ic_z; row sums 1.000000..1.000000; max change vs MOLE 1.000e+00; adjointness error 7.7e-15
  [00:00] bottom/top BC: w = (z_xi/x_xi) u   |slope| max 0.0062
  [00:00] C: 766 bed rows, 2298 nnz; agrees with bc_residual loop to 1.08e-19
  [00:00] D*G on the bed ghost rows: max|entry| 0.00e+00 (empty, as expected)
  [00:00] constraint row equilibration: x5.91e-01 .. 7.27e-01 (cancels out of the solution; check with --bedeq unit)
  [00:00] L: n=29645 nnz=608511 (20.5/row) bedmode=constraint, factorising ...
python.exe : C:\Users\dap21\anaconda3\envs\mole\Lib\site-packages\cupy\_environment.py:286: UserWarning: CUDA path 
could not be detected. Set CUDA_PATH environment variable if CuPy fails to load.
At C:\Users\dap21\gccom-mole-experiments-2026\mry_forced.ps1:50 char:12
+     $out = & python iwbcurv.py --mole $env:MOLE_SRC @common @a 2>&1
+            ~~~~~~~~~~~~~~~~~~~~~~~~~~~~~~~~~~~~~~~~~~~~~~~~~~~~~~~~
    + CategoryInfo          : NotSpecified: (C:\Users\dap21\... fails to load.:String) [], RemoteException
    + FullyQualifiedErrorId : NativeCommandError
 
  warnings.warn(
No multithreading interface library was specified using the DirectSolverOptions. The performance of CPU operations 
like planning will be significantly lower than if you provide a multithreading library.
  [00:01] cudss factorise 0.9s  (GPU, FP64)
  [00:01] static projection test: div 3.40e-11 OK   bed 3.89e-11 OK
  [00:01] dt=74.53 s  (10800 steps, 600/period)  T=44720.2 s
  [00:01] sponge: Lsl=450 m (0.15 Lx)  taus=1490.0 s  taus/T=0.0333  dt/taus=0.05 OK
  [00:01] barotropic forcing: uniform transport, u_bc/u0 spans 10.00 .. 10.00 (depth 77.9 .. 85.3 m, clip 10)
  [00:01] probe box |x-0|<20000 m, within 500 m of the local bed: 29108 w-faces
  [00:01] time loop on the GPU: fields and operators resident; 1288/8188 MiB in use
  [00:01] stiffness : N_max*dt = 1.14 (N_max 1.53e-02, dt 74.5 s)  MARGINAL
    [00:01 elapsed] time loop: 10800 steps
    probe t/T=   1.0  ||u||=1.3253e+00  ||w||=7.2446e-03  ridge ||w||=7.2446e-03  max|w|=2.947e-04
    probe t/T=   2.0  ||u||=5.1408e+00  ||w||=4.1859e-02  ridge ||w||=4.1859e-02  max|w|=1.107e-03
    probe t/T=   3.0  ||u||=9.0367e+00  ||w||=9.7437e-02  ridge ||w||=9.7437e-02  max|w|=1.860e-03
    [00:04] consistency: div 1.38e-14  bed 2.82e-14   BOTH OK
    [00:04] t/T=  3.6  max|u|=5.040e-02 at (x=     419, z=  -28.9)  max|w|=1.443e-03
    probe t/T=   4.0  ||u||=1.2087e+01  ||w||=1.5059e-01  ridge ||w||=1.5059e-01  max|w|=2.791e-03
    probe t/T=   5.0  ||u||=1.5027e+01  ||w||=1.9790e-01  ridge ||w||=1.9790e-01  max|w|=3.845e-03
    probe t/T=   6.0  ||u||=1.7518e+01  ||w||=2.3781e-01  ridge ||w||=2.3781e-01  max|w|=4.799e-03
    probe t/T=   7.0  ||u||=1.9414e+01  ||w||=2.7004e-01  ridge ||w||=2.7004e-01  max|w|=5.618e-03
    [00:07] consistency: div 5.61e-15  bed 1.03e-14   BOTH OK
    [00:07] t/T=  7.2  max|u|=3.398e-01 at (x=    -668, z=  -83.4)  max|w|=3.390e-03
    probe t/T=   8.0  ||u||=2.0661e+01  ||w||=2.9464e-01  ridge ||w||=2.9464e-01  max|w|=6.308e-03
    probe t/T=   9.0  ||u||=2.1255e+01  ||w||=3.1089e-01  ridge ||w||=3.1089e-01  max|w|=6.844e-03
    probe t/T=  10.0  ||u||=2.1215e+01  ||w||=3.1887e-01  ridge ||w||=3.1887e-01  max|w|=7.186e-03
    [00:10] consistency: div 4.92e-15  bed 1.09e-14   BOTH OK
    [00:10] t/T= 10.8  max|u|=8.157e-01 at (x=    -505, z=  -83.0)  max|w|=1.152e-02
    probe t/T=  11.0  ||u||=2.0589e+01  ||w||=3.1961e-01  ridge ||w||=3.1961e-01  max|w|=7.360e-03
    probe t/T=  12.0  ||u||=1.9465e+01  ||w||=3.1396e-01  ridge ||w||=3.1396e-01  max|w|=7.350e-03
    probe t/T=  13.0  ||u||=1.7972e+01  ||w||=3.0267e-01  ridge ||w||=3.0267e-01  max|w|=7.148e-03
    probe t/T=  14.0  ||u||=1.6282e+01  ||w||=2.8739e-01  ridge ||w||=2.8739e-01  max|w|=6.766e-03
    [00:14] consistency: div 3.60e-15  bed 5.15e-15   BOTH OK
    [00:14] t/T= 14.4  max|u|=8.061e-01 at (x=    -505, z=  -83.0)  max|w|=1.333e-02
    probe t/T=  15.0  ||u||=1.4637e+01  ||w||=2.7072e-01  ridge ||w||=2.7072e-01  max|w|=6.231e-03
    probe t/T=  16.0  ||u||=1.3377e+01  ||w||=2.5541e-01  ridge ||w||=2.5541e-01  max|w|=5.548e-03
    probe t/T=  17.0  ||u||=1.2890e+01  ||w||=2.4438e-01  ridge ||w||=2.4438e-01  max|w|=4.738e-03
    probe t/T=  18.0  ||u||=1.3437e+01  ||w||=2.4065e-01  ridge ||w||=2.4065e-01  max|w|=3.826e-03
    [00:17] consistency: div 6.66e-15  bed 1.58e-14   BOTH OK
    [00:17] t/T= 18.0  max|u|=2.267e-01 at (x=    -750, z=  -27.5)  max|w|=3.826e-03
  [00:17] time loop: 10800 steps in 16.2 s = 1.5 ms/step  (solver cudss: solve 0.6, everything else 0.9 ms/step)
  GROWTH  ridge ||w||   periods 10-18: rate -0.0409 per period  decay time 24.4 periods  -> stable
  GROWTH  domain ||w||  periods 10-18: rate -0.0409 per period  decay time 24.4 periods  -> stable
  too few points for a beam fit
