
=== iwbcurv  omega/N=0.6  384x76  18 periods  Lx=3.0 km  D0=1000 m  k=2  alpha=1e-06  ramp=3T  FULLY CURVILINEAR ===
  theory: nonhydrostatic 0.38 deg (Eq.30)   hydrostatic 0.38 deg (Eq.31)
  N(z) from mry_N.txt: 1.00e-04 .. 2.50e-02 1/s over the water column
  beam slope varies 0.0057 .. 0.0703 (5-95%); the angle above is the mid-depth value only
  *** N < omega over 5% of the column: evanescent there, no propagating beam ***
  window: auto [22793, 1350] m (bounce = 151954 m; keeps the fit inside the first bounce)
  [00:00] grid from cache (grid_26138a68e48d9aad.npz)
  [00:00] jacobian  : ALL +   |J| 6.146 .. 15.14
  [00:00] grid angle: 9.3 - 170.3 deg  (90 = orthogonal)
  [00:00] xi-line wander top-to-bottom: 73.8 m  -> FULLY CURVILINEAR
  [00:00] r_x       : max 0.080  median 0.006  OK (<1)
  [00:00] resolution: dx=7.8 m  dz=13.3 m  aspect 1.702
  [00:00] lepticity : h_e=551 m  lambda=dx/h_e=0.0142  Gamma~0.0002  OK (<<1)
  [00:00] beam      : slope 0.0066, bounce 151.95 km, 0.0 bounces across the domain
  [00:00] operators from cache (ops_4be3a1894f1e1916.npz)
  [00:00] MOLE jacobian2D on the transposed grid: ALL +
  [00:00] N(z) mapped to 29645 centres: N 1.00e-04 .. 1.53e-02 1/s
  [00:00] buoyancy coupling: energy-adjoint Ic_z; row sums 1.000000..1.000000; max change vs MOLE 1.000e+00; adjointness error 7.7e-15
  [00:00] bottom/top BC: w = (z_xi/x_xi) u   |slope| max 0.0062
  [00:00] C: 766 bed rows, 2298 nnz; agrees with bc_residual loop to 1.08e-19
  [00:00] D*G on the bed ghost rows: max|entry| 0.00e+00 (empty, as expected)
  [00:00] constraint row equilibration: x5.91e-01 .. 7.27e-01 (cancels out of the solution; check with --bedeq unit)
  [00:00] L: n=29645 nnz=608511 (20.5/row) bedmode=constraint, factorising ...
python.exe : C:\Users\dap21\anaconda3\envs\mole\Lib\site-packages\cupy\_environment.py:286: UserWarning: CUDA path 
could not be detected. Set CUDA_PATH environment variable if CuPy fails to load.
At C:\Users\dap21\gccom-mole-experiments-2026\mry_forced.ps1:50 char:12
+     $out = & python iwbcurv.py --mole $env:MOLE_SRC @common @a 2>&1
+            ~~~~~~~~~~~~~~~~~~~~~~~~~~~~~~~~~~~~~~~~~~~~~~~~~~~~~~~~
    + CategoryInfo          : NotSpecified: (C:\Users\dap21\... fails to load.:String) [], RemoteException
    + FullyQualifiedErrorId : NativeCommandError
 
  warnings.warn(
No multithreading interface library was specified using the DirectSolverOptions. The performance of CPU operations 
like planning will be significantly lower than if you provide a multithreading library.
  [00:01] cudss factorise 0.8s  (GPU, FP64)
  [00:01] static projection test: div 3.40e-11 OK   bed 6.62e-11 OK
  [00:01] dt=74.53 s  (10800 steps, 600/period)  T=44720.2 s
  [00:01] sponge: Lsl=900 m (0.30 Lx)  taus=450.0 s  taus/T=0.0101  dt/taus=0.17 OK
  [00:01] barotropic forcing: uniform transport, u_bc/u0 spans 10.00 .. 10.00 (depth 77.9 .. 85.3 m, clip 10)
  [00:01] probe box |x-0|<20000 m, within 500 m of the local bed: 29108 w-faces
  [00:01] time loop on the GPU: fields and operators resident; 1288/8188 MiB in use
  [00:01] stiffness : N_max*dt = 1.14 (N_max 1.53e-02, dt 74.5 s)  MARGINAL
    [00:01 elapsed] time loop: 10800 steps
    probe t/T=   1.0  ||u||=3.6012e-01  ||w||=1.6782e-03  ridge ||w||=1.6782e-03  max|w|=7.201e-05
    probe t/T=   2.0  ||u||=1.1324e+00  ||w||=4.9168e-03  ridge ||w||=4.9168e-03  max|w|=2.200e-04
    probe t/T=   3.0  ||u||=1.5784e+00  ||w||=7.1958e-03  ridge ||w||=7.1958e-03  max|w|=2.956e-04
    [00:04] consistency: div 4.69e-14  bed 1.96e-13   BOTH OK
    [00:04] t/T=  3.6  max|u|=6.581e-02 at (x=     693, z=  -79.7)  max|w|=4.475e-04
    probe t/T=   4.0  ||u||=1.6241e+00  ||w||=8.1472e-03  ridge ||w||=8.1472e-03  max|w|=2.953e-04
    probe t/T=   5.0  ||u||=1.6426e+00  ||w||=8.5590e-03  ridge ||w||=8.5590e-03  max|w|=2.955e-04
    probe t/T=   6.0  ||u||=1.6495e+00  ||w||=8.7254e-03  ridge ||w||=8.7254e-03  max|w|=2.955e-04
    probe t/T=   7.0  ||u||=1.6520e+00  ||w||=8.7811e-03  ridge ||w||=8.7811e-03  max|w|=2.954e-04
    [00:08] consistency: div 1.17e-14  bed 4.89e-14   BOTH OK
    [00:08] t/T=  7.2  max|u|=1.055e-01 at (x=      67, z=  -80.9)  max|w|=6.375e-04
    probe t/T=   8.0  ||u||=1.6528e+00  ||w||=8.7999e-03  ridge ||w||=8.7999e-03  max|w|=2.954e-04
    probe t/T=   9.0  ||u||=1.6531e+00  ||w||=8.8063e-03  ridge ||w||=8.8063e-03  max|w|=2.954e-04
    probe t/T=  10.0  ||u||=1.6531e+00  ||w||=8.8087e-03  ridge ||w||=8.8087e-03  max|w|=2.954e-04
    [00:11] consistency: div 6.47e-15  bed 2.99e-14   BOTH OK
    [00:11] t/T= 10.8  max|u|=1.041e-01 at (x=    -444, z=  -81.8)  max|w|=6.171e-04
    probe t/T=  11.0  ||u||=1.6532e+00  ||w||=8.8095e-03  ridge ||w||=8.8095e-03  max|w|=2.954e-04
    probe t/T=  12.0  ||u||=1.6532e+00  ||w||=8.8098e-03  ridge ||w||=8.8098e-03  max|w|=2.954e-04
    probe t/T=  13.0  ||u||=1.6531e+00  ||w||=8.8099e-03  ridge ||w||=8.8099e-03  max|w|=2.954e-04
    probe t/T=  14.0  ||u||=1.6531e+00  ||w||=8.8099e-03  ridge ||w||=8.8099e-03  max|w|=2.954e-04
    [00:15] consistency: div 3.14e-14  bed 1.96e-13   BOTH OK
    [00:15] t/T= 14.4  max|u|=7.076e-02 at (x=    1351, z=  -36.9)  max|w|=3.932e-04
    probe t/T=  15.0  ||u||=1.6531e+00  ||w||=8.8100e-03  ridge ||w||=8.8100e-03  max|w|=2.954e-04
    probe t/T=  16.0  ||u||=1.6531e+00  ||w||=8.8099e-03  ridge ||w||=8.8099e-03  max|w|=2.954e-04
    probe t/T=  17.0  ||u||=1.6531e+00  ||w||=8.8099e-03  ridge ||w||=8.8099e-03  max|w|=2.954e-04
    probe t/T=  18.0  ||u||=1.6531e+00  ||w||=8.8099e-03  ridge ||w||=8.8099e-03  max|w|=2.954e-04
    [00:18] consistency: div 2.85e-13  bed 8.97e-13   BOTH OK
    [00:18] t/T= 18.0  max|u|=1.486e-02 at (x=      25, z=  -36.9)  max|w|=2.954e-04
  [00:18] time loop: 10800 steps in 17.1 s = 1.6 ms/step  (solver cudss: solve 0.7, everything else 0.9 ms/step)
  GROWTH  ridge ||w||   periods 10-18: rate +0.0000 per period  flat (neutral)
  GROWTH  domain ||w||  periods 10-18: rate +0.0000 per period  flat (neutral)
  too few points for a beam fit
