
=== iwbcurv  omega/N=0.6  384x76  18 periods  Lx=3.0 km  D0=1000 m  k=2  alpha=1e-06  ramp=3T  FULLY CURVILINEAR ===
  theory: nonhydrostatic 0.38 deg (Eq.30)   hydrostatic 0.38 deg (Eq.31)
  N(z) from mry_N.txt: 1.00e-04 .. 2.50e-02 1/s over the water column
  beam slope varies 0.0057 .. 0.0703 (5-95%); the angle above is the mid-depth value only
  *** N < omega over 5% of the column: evanescent there, no propagating beam ***
  window: auto [22793, 1350] m (bounce = 151954 m; keeps the fit inside the first bounce)
  [00:00] grid from cache (grid_26138a68e48d9aad.npz)
  [00:00] jacobian  : ALL +   |J| 6.146 .. 15.14
  [00:00] grid angle: 9.3 - 170.3 deg  (90 = orthogonal)
  [00:00] xi-line wander top-to-bottom: 73.8 m  -> FULLY CURVILINEAR
  [00:00] r_x       : max 0.080  median 0.006  OK (<1)
  [00:00] resolution: dx=7.8 m  dz=13.3 m  aspect 1.702
  [00:00] lepticity : h_e=551 m  lambda=dx/h_e=0.0142  Gamma~0.0002  OK (<<1)
  [00:00] beam      : slope 0.0066, bounce 151.95 km, 0.0 bounces across the domain
  [00:00] operators from cache (ops_4be3a1894f1e1916.npz)
  [00:00] MOLE jacobian2D on the transposed grid: ALL +
  [00:00] N(z) mapped to 29645 centres: N 1.00e-04 .. 1.53e-02 1/s
  [00:00] buoyancy coupling: energy-adjoint Ic_z; row sums 1.000000..1.000000; max change vs MOLE 1.000e+00; adjointness error 7.7e-15
  [00:00] bottom/top BC: w = (z_xi/x_xi) u   |slope| max 0.0062
  [00:00] C: 766 bed rows, 2298 nnz; agrees with bc_residual loop to 1.08e-19
  [00:00] D*G on the bed ghost rows: max|entry| 0.00e+00 (empty, as expected)
  [00:00] constraint row equilibration: x5.91e-01 .. 7.27e-01 (cancels out of the solution; check with --bedeq unit)
  [00:00] L: n=29645 nnz=608511 (20.5/row) bedmode=constraint, factorising ...
python.exe : C:\Users\dap21\anaconda3\envs\mole\Lib\site-packages\cupy\_environment.py:286: UserWarning: CUDA path 
could not be detected. Set CUDA_PATH environment variable if CuPy fails to load.
At C:\Users\dap21\gccom-mole-experiments-2026\mry_forced.ps1:50 char:12
+     $out = & python iwbcurv.py --mole $env:MOLE_SRC @common @a 2>&1
+            ~~~~~~~~~~~~~~~~~~~~~~~~~~~~~~~~~~~~~~~~~~~~~~~~~~~~~~~~
    + CategoryInfo          : NotSpecified: (C:\Users\dap21\... fails to load.:String) [], RemoteException
    + FullyQualifiedErrorId : NativeCommandError
 
  warnings.warn(
No multithreading interface library was specified using the DirectSolverOptions. The performance of CPU operations 
like planning will be significantly lower than if you provide a multithreading library.
  [00:01] cudss factorise 0.8s  (GPU, FP64)
  [00:01] static projection test: div 3.43e-11 OK   bed 6.52e-11 OK
  [00:01] dt=74.53 s  (10800 steps, 600/period)  T=44720.2 s
  [00:01] sponge: Lsl=450 m (0.15 Lx)  taus=450.0 s  taus/T=0.0101  dt/taus=0.17 OK
  [00:01] barotropic forcing: uniform transport, u_bc/u0 spans 10.00 .. 10.00 (depth 77.9 .. 85.3 m, clip 10)
  [00:01] probe box |x-0|<20000 m, within 500 m of the local bed: 29108 w-faces
  [00:01] time loop on the GPU: fields and operators resident; 1288/8188 MiB in use
  [00:01] stiffness : N_max*dt = 1.14 (N_max 1.53e-02, dt 74.5 s)  MARGINAL
    [00:01 elapsed] time loop: 10800 steps
    probe t/T=   1.0  ||u||=5.7979e-01  ||w||=3.3079e-03  ridge ||w||=3.3079e-03  max|w|=1.616e-04
    probe t/T=   2.0  ||u||=1.8426e+00  ||w||=9.9325e-03  ridge ||w||=9.9325e-03  max|w|=4.836e-04
    probe t/T=   3.0  ||u||=2.5463e+00  ||w||=1.3831e-02  ridge ||w||=1.3831e-02  max|w|=6.481e-04
    [00:04] consistency: div 2.97e-14  bed 1.01e-13   BOTH OK
    [00:04] t/T=  3.6  max|u|=8.450e-02 at (x=    -150, z=  -82.4)  max|w|=5.097e-04
    probe t/T=   4.0  ||u||=2.5795e+00  ||w||=1.3843e-02  ridge ||w||=1.3843e-02  max|w|=6.769e-04
    probe t/T=   5.0  ||u||=2.6202e+00  ||w||=1.3814e-02  ridge ||w||=1.3814e-02  max|w|=7.126e-04
    probe t/T=   6.0  ||u||=2.6911e+00  ||w||=1.5184e-02  ridge ||w||=1.5184e-02  max|w|=7.427e-04
    probe t/T=   7.0  ||u||=2.8003e+00  ||w||=1.8340e-02  ridge ||w||=1.8340e-02  max|w|=7.717e-04
    [00:07] consistency: div 7.58e-15  bed 1.99e-14   BOTH OK
    [00:07] t/T=  7.2  max|u|=2.270e-01 at (x=    -259, z=  -82.6)  max|w|=2.220e-03
    probe t/T=   8.0  ||u||=2.9397e+00  ||w||=2.2364e-02  ridge ||w||=2.2364e-02  max|w|=7.926e-04
    probe t/T=   9.0  ||u||=3.0947e+00  ||w||=2.6559e-02  ridge ||w||=2.6559e-02  max|w|=8.074e-04
    probe t/T=  10.0  ||u||=3.2535e+00  ||w||=3.0640e-02  ridge ||w||=3.0640e-02  max|w|=8.192e-04
    [00:10] consistency: div 3.85e-16  bed 1.10e-15   BOTH OK
    [00:10] t/T= 10.8  max|u|=2.606e-01 at (x=      -3, z=  -82.1)  max|w|=2.835e-03
    probe t/T=  11.0  ||u||=3.4093e+00  ||w||=3.4410e-02  ridge ||w||=3.4410e-02  max|w|=8.282e-04
    probe t/T=  12.0  ||u||=3.5559e+00  ||w||=3.7764e-02  ridge ||w||=3.7764e-02  max|w|=8.345e-04
    probe t/T=  13.0  ||u||=3.6898e+00  ||w||=4.0694e-02  ridge ||w||=4.0694e-02  max|w|=8.388e-04
    probe t/T=  14.0  ||u||=3.8095e+00  ||w||=4.3229e-02  ridge ||w||=4.3229e-02  max|w|=8.414e-04
    [00:14] consistency: div 1.14e-14  bed 4.49e-14   BOTH OK
    [00:14] t/T= 14.4  max|u|=1.667e-01 at (x=      99, z=  -81.9)  max|w|=1.845e-03
    probe t/T=  15.0  ||u||=3.9146e+00  ||w||=4.5397e-02  ridge ||w||=4.5397e-02  max|w|=8.431e-04
    probe t/T=  16.0  ||u||=4.0055e+00  ||w||=4.7217e-02  ridge ||w||=4.7217e-02  max|w|=8.438e-04
    probe t/T=  17.0  ||u||=4.0838e+00  ||w||=4.8744e-02  ridge ||w||=4.8744e-02  max|w|=8.500e-04
    probe t/T=  18.0  ||u||=4.1504e+00  ||w||=5.0020e-02  ridge ||w||=5.0020e-02  max|w|=8.784e-04
    [00:17] consistency: div 6.27e-14  bed 1.75e-13   BOTH OK
    [00:17] t/T= 18.0  max|u|=6.163e-02 at (x=    -710, z=  -83.5)  max|w|=8.784e-04
  [00:17] time loop: 10800 steps in 16.3 s = 1.5 ms/step  (solver cudss: solve 0.6, everything else 0.9 ms/step)
  GROWTH  ridge ||w||   periods 10-18: rate +0.0594 per period  e-folding 16.8 periods  -> UNSTABLE
  GROWTH  domain ||w||  periods 10-18: rate +0.0594 per period  e-folding 16.8 periods  -> UNSTABLE
  too few points for a beam fit
