
=== iwbcurv  omega/N=0.6  384x76  18 periods  Lx=3.0 km  D0=1000 m  k=2  alpha=1e-06  ramp=3T  FULLY CURVILINEAR ===
  theory: nonhydrostatic 0.38 deg (Eq.30)   hydrostatic 0.38 deg (Eq.31)
  N(z) from mry_N.txt: 1.00e-04 .. 2.50e-02 1/s over the water column
  beam slope varies 0.0057 .. 0.0703 (5-95%); the angle above is the mid-depth value only
  *** N < omega over 5% of the column: evanescent there, no propagating beam ***
  window: auto [22793, 1350] m (bounce = 151954 m; keeps the fit inside the first bounce)
  [00:00] grid from cache (grid_26138a68e48d9aad.npz)
  [00:00] jacobian  : ALL +   |J| 6.146 .. 15.14
  [00:00] grid angle: 9.3 - 170.3 deg  (90 = orthogonal)
  [00:00] xi-line wander top-to-bottom: 73.8 m  -> FULLY CURVILINEAR
  [00:00] r_x       : max 0.080  median 0.006  OK (<1)
  [00:00] resolution: dx=7.8 m  dz=13.3 m  aspect 1.702
  [00:00] lepticity : h_e=551 m  lambda=dx/h_e=0.0142  Gamma~0.0002  OK (<<1)
  [00:00] beam      : slope 0.0066, bounce 151.95 km, 0.0 bounces across the domain
  [00:00] operators from cache (ops_4be3a1894f1e1916.npz)
  [00:00] MOLE jacobian2D on the transposed grid: ALL +
  [00:00] N(z) mapped to 29645 centres: N 1.00e-04 .. 1.53e-02 1/s
  [00:00] buoyancy coupling: energy-adjoint Ic_z; row sums 1.000000..1.000000; max change vs MOLE 1.000e+00; adjointness error 7.7e-15
  [00:00] bottom/top BC: w = (z_xi/x_xi) u   |slope| max 0.0062
  [00:00] C: 766 bed rows, 2298 nnz; agrees with bc_residual loop to 1.08e-19
  [00:00] D*G on the bed ghost rows: max|entry| 0.00e+00 (empty, as expected)
  [00:00] constraint row equilibration: x5.91e-01 .. 7.27e-01 (cancels out of the solution; check with --bedeq unit)
  [00:00] L: n=29645 nnz=608511 (20.5/row) bedmode=constraint, factorising ...
python.exe : C:\Users\dap21\anaconda3\envs\mole\Lib\site-packages\cupy\_environment.py:286: UserWarning: CUDA path 
could not be detected. Set CUDA_PATH environment variable if CuPy fails to load.
At C:\Users\dap21\gccom-mole-experiments-2026\mry_forced.ps1:50 char:12
+     $out = & python iwbcurv.py --mole $env:MOLE_SRC @common @a 2>&1
+            ~~~~~~~~~~~~~~~~~~~~~~~~~~~~~~~~~~~~~~~~~~~~~~~~~~~~~~~~
    + CategoryInfo          : NotSpecified: (C:\Users\dap21\... fails to load.:String) [], RemoteException
    + FullyQualifiedErrorId : NativeCommandError
 
  warnings.warn(
No multithreading interface library was specified using the DirectSolverOptions. The performance of CPU operations 
like planning will be significantly lower than if you provide a multithreading library.
  [00:01] cudss factorise 0.8s  (GPU, FP64)
  [00:01] static projection test: div 3.42e-11 OK   bed 6.91e-11 OK
  [00:01] dt=74.53 s  (10800 steps, 600/period)  T=44720.2 s
  [00:01] sponge: Lsl=900 m (0.30 Lx)  taus=1490.0 s  taus/T=0.0333  dt/taus=0.05 OK
  [00:01] barotropic forcing: uniform transport, u_bc/u0 spans 10.00 .. 10.00 (depth 77.9 .. 85.3 m, clip 10)
  [00:01] probe box |x-0|<20000 m, within 500 m of the local bed: 29108 w-faces
  [00:01] time loop on the GPU: fields and operators resident; 1288/8188 MiB in use
  [00:01] stiffness : N_max*dt = 1.14 (N_max 1.53e-02, dt 74.5 s)  MARGINAL
    [00:01 elapsed] time loop: 10800 steps
    probe t/T=   1.0  ||u||=1.0082e+00  ||w||=3.4203e-03  ridge ||w||=3.4203e-03  max|w|=1.343e-04
    probe t/T=   2.0  ||u||=3.4199e+00  ||w||=1.3221e-02  ridge ||w||=1.3221e-02  max|w|=4.541e-04
    probe t/T=   3.0  ||u||=4.8779e+00  ||w||=2.2513e-02  ridge ||w||=2.2513e-02  max|w|=6.819e-04
    [00:04] consistency: div 2.29e-14  bed 1.08e-13   BOTH OK
    [00:04] t/T=  3.6  max|u|=5.566e-02 at (x=     867, z=  -80.4)  max|w|=4.146e-04
    probe t/T=   4.0  ||u||=4.9656e+00  ||w||=2.6863e-02  ridge ||w||=2.6863e-02  max|w|=7.508e-04
    probe t/T=   5.0  ||u||=5.0182e+00  ||w||=2.9456e-02  ridge ||w||=2.9456e-02  max|w|=7.967e-04
    probe t/T=   6.0  ||u||=5.0524e+00  ||w||=3.0940e-02  ridge ||w||=3.0940e-02  max|w|=8.289e-04
    probe t/T=   7.0  ||u||=5.0726e+00  ||w||=3.1796e-02  ridge ||w||=3.1796e-02  max|w|=8.513e-04
    [00:07] consistency: div 5.35e-15  bed 1.96e-14   BOTH OK
    [00:07] t/T=  7.2  max|u|=1.574e-01 at (x=    -144, z=  -82.4)  max|w|=1.162e-03
    probe t/T=   8.0  ||u||=5.0834e+00  ||w||=3.2273e-02  ridge ||w||=3.2273e-02  max|w|=8.655e-04
    probe t/T=   9.0  ||u||=5.0886e+00  ||w||=3.2517e-02  ridge ||w||=3.2517e-02  max|w|=8.748e-04
    probe t/T=  10.0  ||u||=5.0905e+00  ||w||=3.2621e-02  ridge ||w||=3.2621e-02  max|w|=8.810e-04
    [00:10] consistency: div 6.13e-16  bed 1.77e-15   BOTH OK
    [00:10] t/T= 10.8  max|u|=1.953e-01 at (x=      -3, z=  -82.1)  max|w|=1.738e-03
    probe t/T=  11.0  ||u||=5.0905e+00  ||w||=3.2654e-02  ridge ||w||=3.2654e-02  max|w|=8.848e-04
    probe t/T=  12.0  ||u||=5.0897e+00  ||w||=3.2649e-02  ridge ||w||=3.2649e-02  max|w|=8.872e-04
    probe t/T=  13.0  ||u||=5.0886e+00  ||w||=3.2628e-02  ridge ||w||=3.2628e-02  max|w|=8.888e-04
    probe t/T=  14.0  ||u||=5.0875e+00  ||w||=3.2599e-02  ridge ||w||=3.2599e-02  max|w|=8.898e-04
    [00:13] consistency: div 4.61e-15  bed 1.54e-14   BOTH OK
    [00:13] t/T= 14.4  max|u|=1.508e-01 at (x=    -394, z=  -82.8)  max|w|=1.537e-03
    probe t/T=  15.0  ||u||=5.0864e+00  ||w||=3.2572e-02  ridge ||w||=3.2572e-02  max|w|=8.903e-04
    probe t/T=  16.0  ||u||=5.0855e+00  ||w||=3.2547e-02  ridge ||w||=3.2547e-02  max|w|=8.907e-04
    probe t/T=  17.0  ||u||=5.0848e+00  ||w||=3.2526e-02  ridge ||w||=3.2526e-02  max|w|=8.909e-04
    probe t/T=  18.0  ||u||=5.0842e+00  ||w||=3.2509e-02  ridge ||w||=3.2509e-02  max|w|=8.911e-04
    [00:16] consistency: div 2.35e-14  bed 7.59e-14   BOTH OK
    [00:16] t/T= 18.0  max|u|=4.752e-02 at (x=    -485, z=  -83.0)  max|w|=8.911e-04
  [00:16] time loop: 10800 steps in 15.7 s = 1.5 ms/step  (solver cudss: solve 0.6, everything else 0.9 ms/step)
  GROWTH  ridge ||w||   periods 10-18: rate -0.0006 per period  decay time 1788.0 periods  -> stable
  GROWTH  domain ||w||  periods 10-18: rate -0.0006 per period  decay time 1788.0 periods  -> stable
  too few points for a beam fit
