
=== iwbcurv  omega/N=0.8  512x201  25 periods  Lx=6.0 km  D0=1000 m  k=2  alpha=1e-06  ramp=3T  FULLY CURVILINEAR ===
  theory: nonhydrostatic 53.13 deg (Eq.30)   hydrostatic 38.66 deg (Eq.31)
  window: [75, 562] m  (bounce = 750 m)
  [00:00] grid from cache (grid_ec13dfcb5a1b8253.npz)
  [00:00] jacobian  : ALL +   |J| 43.86 .. 101.5
  [00:00] grid angle: 61.7 - 118.3 deg  (90 = orthogonal)
  [00:00] xi-line wander top-to-bottom: 147.7 m  -> FULLY CURVILINEAR
  [00:00] r_x       : max 0.776  median 0.000  OK (<1)
  [00:00] resolution: dx=11.74 m  dz=5 m  aspect 0.426
  [00:00] lepticity : h_e=551 m  lambda=dx/h_e=0.0213  Gamma~0.0005  OK (<<1)
  [00:00] beam      : slope 1.3333, bounce 0.75 km, 8.0 bounces across the domain
  [00:00] operators from cache (ops_9134956350fd64e1.npz)
  [00:00] MOLE jacobian2D on the transposed grid: ALL +
  [00:00] buoyancy coupling: energy-adjoint Ic_z; row sums 1.000000..1.000000; max change vs MOLE 1.000e+00; adjointness error 3.1e-16
  [00:00] bottom/top BC: w = (z_xi/x_xi) u   |slope| max 0.3795
  [00:00] C: 1022 bed rows, 3066 nnz; agrees with bc_residual loop to 2.22e-16
  [00:00] D*G on the bed ghost rows: max|entry| 0.00e+00 (empty, as expected)
  [00:00] constraint row equilibration: x1.57e-01 .. 1.73e-01 (cancels out of the solution; check with --bedeq unit)
  [00:00] L: n=103626 nnz=1901276 (18.3/row) bedmode=constraint, factorising ...
python.exe : C:\Users\dap21\anaconda3\envs\mole\Lib\site-packages\cupy\_environment.py:286: UserWarning: CUDA path 
could not be detected. Set CUDA_PATH environment variable if CuPy fails to load.
At C:\Users\dap21\gccom-mole-experiments-2026\beam_nonlinear.ps1:53 char:12
+     $out = & python iwbcurv.py --mole $env:MOLE_SRC @common @a --out  ...
+            ~~~~~~~~~~~~~~~~~~~~~~~~~~~~~~~~~~~~~~~~~~~~~~~~~~~~~~~~~~
    + CategoryInfo          : NotSpecified: (C:\Users\dap21\... fails to load.:String) [], RemoteException
    + FullyQualifiedErrorId : NativeCommandError
 
  warnings.warn(
No multithreading interface library was specified using the DirectSolverOptions. The performance of CPU operations 
like planning will be significantly lower than if you provide a multithreading library.
  [00:01] cudss factorise 1.2s  (GPU, FP64)
  [00:01] static projection test: div 4.00e-12 OK   bed 5.08e-12 OK
  [00:01] dt=9.35 s  (3000 steps, 120/period)  T=1122.0 s
  [00:01] sponge: Lsl=1200 m (0.20 Lx)  taus=37.4 s  taus/T=0.0333  dt/taus=0.25 OK
  [00:01] time loop on the GPU: fields and operators resident; 1588/8188 MiB in use
  [00:01] stiffness : N_max*dt = 0.07 (N_max 7.00e-03, dt 9.3 s)  OK (<1)
    [00:01 elapsed] time loop: 3000 steps
    [00:04] consistency: div 2.51e-16  bed 2.92e-15   BOTH OK
    [00:04] t/T=  5.0  max|u|=6.051e-03 at (x=      -5, z= -968.0)  max|w|=2.952e-03
    [00:06] consistency: div 2.55e-16  bed 2.36e-15   BOTH OK
    [00:06] t/T= 10.0  max|u|=6.044e-03 at (x=      -5, z= -972.9)  max|w|=2.930e-03
    [00:09] consistency: div 2.53e-16  bed 2.28e-15   BOTH OK
    [00:09] t/T= 15.0  max|u|=6.085e-03 at (x=      -5, z= -972.9)  max|w|=2.933e-03
    [00:11] consistency: div 2.53e-16  bed 2.41e-15   BOTH OK
    [00:11] t/T= 20.0  max|u|=6.079e-03 at (x=      -5, z= -972.9)  max|w|=2.934e-03
    [00:14] consistency: div 2.52e-16  bed 2.59e-15   BOTH OK
    [00:14] t/T= 25.0  max|u|=6.040e-03 at (x=      -5, z= -972.9)  max|w|=2.933e-03
  [00:14] time loop: 3000 steps in 12.4 s = 4.1 ms/step  (solver cudss: solve 1.5, everything else 2.6 ms/step)

  fit over |x| in [75,562] m, 106 points, rms residual 1.5 m
  field: max/mean 16.9  (>>5 means a coherent beam; ~5 means reflections dominate)
  BEAM ANGLE  measured 53.21   nonhydrostatic 53.13   hydrostatic 38.66   error +0.08 deg (+0.2%)
  saved beam-nl-npz\f0.8_upwind1.npz

  total wall time 00:14

