
=== iwbcurv  omega/N=0.6  768x151  20 periods  Lx=10.1 km  D0=88 m  k=2  alpha=1e-06  ramp=0T  FULLY CURVILINEAR ===
  theory: nonhydrostatic 2.19 deg (Eq.30)   hydrostatic 2.19 deg (Eq.31)
  N(z) from mry_N.txt: 1.00e-04 .. 1.53e-02 1/s over the water column
  beam slope varies 0.0097 .. 0.0734 (5-95%); the angle above is the mid-depth value only
  *** N < omega over 6% of the column: evanescent there, no propagating beam ***
  window: auto [345, 1609] m (bounce = 2299 m; keeps the fit inside the first bounce)
  [00:00] grid from cache (grid_d05052358dd99186.npz)
  [00:00] jacobian  : ALL +   |J| 0.88 .. 13.35
  [00:00] grid angle: 5.9 - 166.6 deg  (90 = orthogonal)
  [00:00] xi-line wander top-to-bottom: 248.8 m  -> FULLY CURVILINEAR
  [00:00] r_x       : max 13.746  median 0.024  *** VIOLATED (>1) ***
  [00:00] resolution: dx=13.2 m  dz=0.6 m  aspect 0.044
  [00:00] lepticity : h_e=48 m  lambda=dx/h_e=0.2723  Gamma~0.0741  OK (<<1)
  [00:00] beam      : slope 0.0382, bounce 2.30 km, 4.4 bounces across the domain
  [00:00] --forcegrid: grid check FAILED, running anyway
  [00:00] operators from cache (ops_9edbfbb8aad97aad.npz)
  [00:00] MOLE jacobian2D on the transposed grid: ALL +
  [00:00] N(z) mapped to 116888 centres: N 1.00e-04 .. 1.53e-02 1/s
  [00:00] buoyancy coupling: energy-adjoint Ic_z; row sums 1.000000..1.000000; max change vs MOLE 1.000e+00; adjointness error 2.3e-15
  [00:00] bottom/top BC: w = (z_xi/x_xi) u   |slope| max 0.0570
  [00:00] C: 1534 bed rows, 4602 nnz; agrees with bc_residual loop to 5.55e-17
  [00:00] D*G on the bed ghost rows: max|entry| 0.00e+00 (empty, as expected)
  [00:00] constraint row equilibration: x1.29e-01 .. 1.30e+00 (cancels out of the solution; check with --bedeq unit)
  [00:00] L: n=116888 nnz=2426364 (20.8/row) bedmode=constraint, factorising ...
python.exe : C:\Users\dap21\anaconda3\envs\mole\Lib\site-packages\cupy\_environment.py:286: UserWarning: CUDA path 
could not be detected. Set CUDA_PATH environment variable if CuPy fails to load.
At C:\Users\dap21\gccom-mole-experiments-2026\mry_sponge.ps1:44 char:12
+     $out = & python iwbcurv.py --mole $env:MOLE_SRC @common @a 2>&1
+            ~~~~~~~~~~~~~~~~~~~~~~~~~~~~~~~~~~~~~~~~~~~~~~~~~~~~~~~~
    + CategoryInfo          : NotSpecified: (C:\Users\dap21\... fails to load.:String) [], RemoteException
    + FullyQualifiedErrorId : NativeCommandError
 
  warnings.warn(
No multithreading interface library was specified using the DirectSolverOptions. The performance of CPU operations 
like planning will be significantly lower than if you provide a multithreading library.
  [00:01] cudss factorise 1.4s  (GPU, FP64)
  [00:01] static projection test: div 3.24e-10 OK   bed 3.93e-10 OK
  [00:01] dt=74.53 s  (12000 steps, 600/period)  T=44720.2 s
  [00:01] sponge: Lsl=3033 m (0.30 Lx)  taus=450.0 s  taus/T=0.0101  dt/taus=0.17 OK
  [00:01] random initial field, amplitude 0.001, projected: ||u|| 3.344e-01  ||w|| 5.130e-02
  [00:01] blow-up threshold 2.09e+01 = 50x the initial max|u| 4.18e-03
  [00:01] probe box |x-0|<20000 m, within 500 m of the local bed: 115817 w-faces
  [00:01] time loop on the GPU: fields and operators resident; 1638/8188 MiB in use
  [00:01] stiffness : N_max*dt = 1.14 (N_max 1.53e-02, dt 74.5 s)  MARGINAL
    [00:01 elapsed] time loop: 12000 steps
    probe t/T=   1.0  ||u||=1.2432e-01  ||w||=2.2522e-02  ridge ||w||=2.2522e-02  max|w|=5.083e-04
    probe t/T=   2.0  ||u||=9.9266e-02  ||w||=1.7386e-02  ridge ||w||=1.7386e-02  max|w|=4.185e-04
    probe t/T=   3.0  ||u||=8.2828e-02  ||w||=1.3787e-02  ridge ||w||=1.3787e-02  max|w|=3.256e-04
    probe t/T=   4.0  ||u||=7.1448e-02  ||w||=1.1663e-02  ridge ||w||=1.1663e-02  max|w|=3.380e-04
    [00:09] consistency: div 2.37e-13  bed 3.64e-14   BOTH OK
    [00:09] t/T=  4.0  max|u|=1.966e-03 at (x=      48, z=  -54.7)  max|w|=3.380e-04
    probe t/T=   5.0  ||u||=6.1498e-02  ||w||=9.5690e-03  ridge ||w||=9.5690e-03  max|w|=2.274e-04
    probe t/T=   6.0  ||u||=5.4030e-02  ||w||=7.8807e-03  ridge ||w||=7.8807e-03  max|w|=2.013e-04
    probe t/T=   7.0  ||u||=4.7345e-02  ||w||=6.9620e-03  ridge ||w||=6.9620e-03  max|w|=1.600e-04
    probe t/T=   8.0  ||u||=4.1898e-02  ||w||=5.9106e-03  ridge ||w||=5.9106e-03  max|w|=1.858e-04
    [00:16] consistency: div 2.16e-14  bed 3.19e-15   BOTH OK
    [00:16] t/T=  8.0  max|u|=1.238e-03 at (x=     -37, z=  -36.6)  max|w|=1.858e-04
    probe t/T=   9.0  ||u||=3.7292e-02  ||w||=4.9971e-03  ridge ||w||=4.9971e-03  max|w|=1.412e-04
    probe t/T=  10.0  ||u||=3.3373e-02  ||w||=4.3791e-03  ridge ||w||=4.3791e-03  max|w|=1.711e-04
    probe t/T=  11.0  ||u||=2.9788e-02  ||w||=3.8674e-03  ridge ||w||=3.8674e-03  max|w|=1.209e-04
    probe t/T=  12.0  ||u||=2.7001e-02  ||w||=3.3045e-03  ridge ||w||=3.3045e-03  max|w|=1.137e-04
    [00:22] consistency: div 1.54e-14  bed 1.39e-15   BOTH OK
    [00:22] t/T= 12.0  max|u|=8.659e-04 at (x=     -59, z=  -38.9)  max|w|=1.137e-04
    probe t/T=  13.0  ||u||=2.4243e-02  ||w||=2.8443e-03  ridge ||w||=2.8443e-03  max|w|=1.029e-04
    probe t/T=  14.0  ||u||=2.1778e-02  ||w||=2.6648e-03  ridge ||w||=2.6648e-03  max|w|=9.157e-05
    probe t/T=  15.0  ||u||=1.9298e-02  ||w||=2.3548e-03  ridge ||w||=2.3548e-03  max|w|=8.030e-05
    probe t/T=  16.0  ||u||=1.7669e-02  ||w||=1.9164e-03  ridge ||w||=1.9164e-03  max|w|=6.370e-05
    [00:30] consistency: div 2.24e-14  bed 1.95e-15   BOTH OK
    [00:30] t/T= 16.0  max|u|=6.607e-04 at (x=     -58, z=   -5.8)  max|w|=6.370e-05
    probe t/T=  17.0  ||u||=1.6064e-02  ||w||=1.7617e-03  ridge ||w||=1.7617e-03  max|w|=6.565e-05
    probe t/T=  18.0  ||u||=1.4530e-02  ||w||=1.6808e-03  ridge ||w||=1.6808e-03  max|w|=6.089e-05
    probe t/T=  19.0  ||u||=1.3196e-02  ||w||=1.4575e-03  ridge ||w||=1.4575e-03  max|w|=4.779e-05
    probe t/T=  20.0  ||u||=1.2014e-02  ||w||=1.2414e-03  ridge ||w||=1.2414e-03  max|w|=6.022e-05
    [00:37] consistency: div 2.11e-15  bed 1.74e-16   BOTH OK
    [00:37] t/T= 20.0  max|u|=4.689e-04 at (x=     -27, z=   -1.9)  max|w|=6.022e-05
  [00:37] time loop: 12000 steps in 35.3 s = 2.9 ms/step  (solver cudss: solve 1.9, everything else 1.0 ms/step)
  GROWTH  ridge ||w||   periods 11-20: rate -0.1214 per period  decay time 8.2 periods  -> stable
  GROWTH  domain ||w||  periods 11-20: rate -0.1214 per period  decay time 8.2 periods  -> stable

  (free run: no forcing, no beam angle)

