CMD iwbcurv.py --mole C:\Users\dap21\gccom-mole-experiments-2026\mole\src\octave --beat 9999 --ab 0 --bulge 0 --Lx 6000 --nx 192 --nz 76 --seiche 4 2 --nper 6 --spp 400 --alpha 1.5e-4

=== iwbcurv  omega/N=0.6  192x76  6 periods  Lx=6.0 km  D0=1000 m  k=2  FULLY CURVILINEAR ===
  theory: nonhydrostatic 36.87 deg (Eq.30)   hydrostatic 30.96 deg (Eq.31)
  window: auto [200, 933] m (bounce = 1333 m; keeps the fit inside the first bounce)
  [00:00] generating grid (TFI, position-dependent beta) ...
  [00:09] jacobian  : ALL +   |J| 337.8 .. 718.9
  [00:09] grid angle: 81.6 - 98.4 deg  (90 = orthogonal)
  [00:09] xi-line wander top-to-bottom: 147.7 m  -> FULLY CURVILINEAR
  [00:09] r_x       : max 0.000  median 0.000  OK (<1)
  [00:09] resolution: dx=31.4 m  dz=13.3 m  aspect 0.424
  [00:09] lepticity : h_e=551 m  lambda=dx/h_e=0.0570  Gamma~0.0032  OK (<<1)
  [00:09] beam      : slope 0.7500, bounce 1.33 km, 4.5 bounces across the domain
  [00:10] MOLE jacobian2D on the transposed grid: ALL +
  [00:13] bottom/top BC: w = (z_xi/x_xi) u   |slope| max 0.0000
  [00:13] C: 382 bed rows, 1146 nnz; agrees with bc_residual loop to 0.00e+00
  [00:13] D*G on the bed ghost rows: max|entry| 0.00e+00 (empty, as expected)
  [00:13] constraint row equilibration: x6.07e-02 .. 6.08e-02 (cancels out of the solution; check with --bedeq unit)
  [00:13] L: n=14861 nnz=268164 (18.0/row) bedmode=constraint, factorising ...
  [00:13] splu 0.2s
  [00:13] static projection test: div 1.51e-14 OK   bed 2.65e-14 OK
  [00:13] seiche mode (4,2): exact omega = 2.213594e-03 1/s  T = 2838.45 s   dt = 7.096 s   2400 steps
  [00:13] initial field projected: div 4.14e-17  bed 1.15e-17
  [00:26] crossings 12  half-period 1410.3220 +/- 1.5367 s

  SEICHE  omega_num = 2.227571e-03   exact = 2.213594e-03   relative error = +6.3141e-03
  grid 192x76  dx=31.41 m  dz=13.33 m  spp=400

