CMD iwbcurv.py --mole C:\Users\dap21\gccom-mole-experiments-2026\mole\src\octave --beat 9999 --ab 0 --bulge 0 --Lx 6000 --nx 256 --nz 101 --seiche 4 2 --nper 6 --spp 400 --order 6

=== iwbcurv  omega/N=0.6  256x101  6 periods  Lx=6.0 km  D0=1000 m  k=6  FULLY CURVILINEAR ===
  theory: nonhydrostatic 36.87 deg (Eq.30)   hydrostatic 30.96 deg (Eq.31)
  window: auto [200, 933] m (bounce = 1333 m; keeps the fit inside the first bounce)
  [00:00] generating grid (TFI, position-dependent beta) ...
  [00:11] jacobian  : ALL +   |J| 189.8 .. 405
  [00:11] grid angle: 81.6 - 98.4 deg  (90 = orthogonal)
  [00:11] xi-line wander top-to-bottom: 147.7 m  -> FULLY CURVILINEAR
  [00:11] r_x       : max 0.000  median 0.000  OK (<1)
  [00:11] resolution: dx=23.5 m  dz=10.0 m  aspect 0.425
  [00:11] lepticity : h_e=551 m  lambda=dx/h_e=0.0427  Gamma~0.0018  OK (<<1)
  [00:11] beam      : slope 0.7500, bounce 1.33 km, 4.5 bounces across the domain
  [00:11] MOLE jacobian2D on the transposed grid: ALL +
  [00:14] bottom/top BC: w = (z_xi/x_xi) u   |slope| max 0.0000
  [00:14] C: 510 bed rows, 1530 nnz; agrees with bc_residual loop to 0.00e+00
  [00:14] D*G on the bed ghost rows: max|entry| 0.00e+00 (empty, as expected)
  [00:14] constraint row equilibration: x6.15e-02 .. 6.16e-02 (cancels out of the solution; check with --bedeq unit)
  [00:14] L: n=26214 nnz=1670100 (63.7/row) bedmode=constraint, factorising ...
  [00:18] splu 3.9s
  [00:18] static projection test: div 7.08e-14 OK   bed 1.46e-12 OK
  [00:18] seiche mode (4,2): exact omega = 2.213594e-03 1/s  T = 2838.45 s   dt = 7.096 s   2400 steps
  [00:18] initial field projected: div 8.51e-17  bed 1.78e-16
  [01:11] crossings 12  half-period 1413.1703 +/- 0.9982 s

  SEICHE  omega_num = 2.223081e-03   exact = 2.213594e-03   relative error = +4.2858e-03
  grid 256x101  dx=23.53 m  dz=10.00 m  spp=400

