CMD iwbcurv.py --mole C:\Users\dap21\gccom-mole-experiments-2026\mole\src\octave --beat 9999 --ab 0 --bulge 0 --Lx 6000 --nx 256 --nz 51 --seiche 4 2 --nper 6 --spp 400

=== iwbcurv  omega/N=0.6  256x51  6 periods  Lx=6.0 km  D0=1000 m  k=2  FULLY CURVILINEAR ===
  theory: nonhydrostatic 36.87 deg (Eq.30)   hydrostatic 30.96 deg (Eq.31)
  window: auto [200, 933] m (bounce = 1333 m; keeps the fit inside the first bounce)
  [00:00] generating grid (TFI, position-dependent beta) ...
  [00:07] jacobian  : ALL +   |J| 379.6 .. 810
  [00:07] grid angle: 81.6 - 98.4 deg  (90 = orthogonal)
  [00:07] xi-line wander top-to-bottom: 147.7 m  -> FULLY CURVILINEAR
  [00:07] r_x       : max 0.000  median 0.000  OK (<1)
  [00:07] resolution: dx=23.5 m  dz=20.0 m  aspect 0.850
  [00:07] lepticity : h_e=551 m  lambda=dx/h_e=0.0427  Gamma~0.0018  OK (<<1)
  [00:07] beam      : slope 0.7500, bounce 1.33 km, 4.5 bounces across the domain
  [00:07] MOLE jacobian2D on the transposed grid: ALL +
  [00:09] bottom/top BC: w = (z_xi/x_xi) u   |slope| max 0.0000
  [00:09] C: 510 bed rows, 1530 nnz; agrees with bc_residual loop to 0.00e+00
  [00:09] D*G on the bed ghost rows: max|entry| 0.00e+00 (empty, as expected)
  [00:09] constraint row equilibration: x6.23e-02 .. 6.24e-02 (cancels out of the solution; check with --bedeq unit)
  [00:09] L: n=13364 nnz=232974 (17.4/row) bedmode=constraint, factorising ...
  [00:09] splu 0.1s
  [00:09] static projection test: div 3.77e-14 OK   bed 2.63e-14 OK
  [00:09] seiche mode (4,2): exact omega = 2.213594e-03 1/s  T = 2838.45 s   dt = 7.096 s   2400 steps
  [00:09] initial field projected: div 5.26e-17  bed 7.60e-18
  [00:14] crossings 12  half-period 1414.5934 +/- 0.9937 s

  SEICHE  omega_num = 2.220845e-03   exact = 2.213594e-03   relative error = +3.2755e-03
  grid 256x51  dx=23.53 m  dz=20.00 m  spp=400

