CMD iwbcurv.py --mole C:\Users\dap21\gccom-mole-experiments-2026\mole\src\octave --beat 9999 --ab 0 --bulge 0 --Lx 6000 --nx 128 --nz 101 --seiche 4 2 --nper 6 --spp 400

=== iwbcurv  omega/N=0.6  128x101  6 periods  Lx=6.0 km  D0=1000 m  k=2  FULLY CURVILINEAR ===
  theory: nonhydrostatic 36.87 deg (Eq.30)   hydrostatic 30.96 deg (Eq.31)
  window: auto [200, 933] m (bounce = 1333 m; keeps the fit inside the first bounce)
  [00:00] generating grid (TFI, position-dependent beta) ...
  [00:07] jacobian  : ALL +   |J| 381.1 .. 806.4
  [00:07] grid angle: 81.6 - 98.4 deg  (90 = orthogonal)
  [00:07] xi-line wander top-to-bottom: 147.7 m  -> FULLY CURVILINEAR
  [00:07] r_x       : max 0.000  median 0.000  OK (<1)
  [00:07] resolution: dx=47.2 m  dz=10.0 m  aspect 0.212
  [00:07] lepticity : h_e=551 m  lambda=dx/h_e=0.0857  Gamma~0.0073  OK (<<1)
  [00:07] beam      : slope 0.7500, bounce 1.33 km, 4.5 bounces across the domain
  [00:07] MOLE jacobian2D on the transposed grid: ALL +
  [00:09] bottom/top BC: w = (z_xi/x_xi) u   |slope| max 0.0000
  [00:09] C: 254 bed rows, 762 nnz; agrees with bc_residual loop to 0.00e+00
  [00:09] D*G on the bed ghost rows: max|entry| 0.00e+00 (empty, as expected)
  [00:09] constraint row equilibration: x7.02e-02 .. 7.03e-02 (cancels out of the solution; check with --bedeq unit)
  [00:09] L: n=13158 nnz=230206 (17.5/row) bedmode=constraint, factorising ...
  [00:09] splu 0.1s
  [00:09] static projection test: div 5.71e-15 OK   bed 8.13e-15 OK
  [00:09] seiche mode (4,2): exact omega = 2.213594e-03 1/s  T = 2838.45 s   dt = 7.096 s   2400 steps
  [00:09] initial field projected: div 4.69e-17  bed 5.75e-17
  [00:15] crossings 12  half-period 1413.6377 +/- 0.9775 s

  SEICHE  omega_num = 2.222346e-03   exact = 2.213594e-03   relative error = +3.9538e-03
  grid 128x101  dx=47.24 m  dz=10.00 m  spp=400

