CMD iwbcurv.py --mole C:\Users\dap21\gccom-mole-experiments-2026\mole\src\octave --beat 9999 --ab 0 --bulge 0 --Lx 6000 --nx 192 --nz 51 --seiche 4 2 --nper 6 --spp 400

=== iwbcurv  omega/N=0.6  192x51  6 periods  Lx=6.0 km  D0=1000 m  k=2  FULLY CURVILINEAR ===
  theory: nonhydrostatic 36.87 deg (Eq.30)   hydrostatic 30.96 deg (Eq.31)
  window: auto [200, 933] m (bounce = 1333 m; keeps the fit inside the first bounce)
  [00:00] generating grid (TFI, position-dependent beta) ...
  [00:06] jacobian  : ALL +   |J| 506.8 .. 1078
  [00:06] grid angle: 81.6 - 98.4 deg  (90 = orthogonal)
  [00:06] xi-line wander top-to-bottom: 147.7 m  -> FULLY CURVILINEAR
  [00:06] r_x       : max 0.000  median 0.000  OK (<1)
  [00:06] resolution: dx=31.4 m  dz=20.0 m  aspect 0.637
  [00:06] lepticity : h_e=551 m  lambda=dx/h_e=0.0570  Gamma~0.0032  OK (<<1)
  [00:06] beam      : slope 0.7500, bounce 1.33 km, 4.5 bounces across the domain
  [00:06] MOLE jacobian2D on the transposed grid: ALL +
  [00:08] bottom/top BC: w = (z_xi/x_xi) u   |slope| max 0.0000
  [00:08] C: 382 bed rows, 1146 nnz; agrees with bc_residual loop to 0.00e+00
  [00:08] D*G on the bed ghost rows: max|entry| 0.00e+00 (empty, as expected)
  [00:08] constraint row equilibration: x4.96e-02 .. 4.97e-02 (cancels out of the solution; check with --bedeq unit)
  [00:08] L: n=10036 nnz=176049 (17.5/row) bedmode=constraint, factorising ...
  [00:08] splu 0.1s
  [00:08] static projection test: div 2.68e-14 OK   bed 4.45e-14 OK
  [00:08] seiche mode (4,2): exact omega = 2.213594e-03 1/s  T = 2838.45 s   dt = 7.096 s   2400 steps
  [00:08] initial field projected: div 3.38e-17  bed 3.02e-17
  [00:12] crossings 12  half-period 1414.7268 +/- 0.9896 s

  SEICHE  omega_num = 2.220636e-03   exact = 2.213594e-03   relative error = +3.1809e-03
  grid 192x51  dx=31.41 m  dz=20.00 m  spp=400

