CMD iwbcurv.py --mole C:\Users\dap21\gccom-mole-experiments-2026\mole\src\octave --beat 9999 --ab 0 --bulge 0 --Lx 6000 --nx 256 --nz 101 --seiche 4 2 --nper 6 --spp 400 --bedmode post

=== iwbcurv  omega/N=0.6  256x101  6 periods  Lx=6.0 km  D0=1000 m  k=2  FULLY CURVILINEAR ===
  theory: nonhydrostatic 36.87 deg (Eq.30)   hydrostatic 30.96 deg (Eq.31)
  window: auto [200, 933] m (bounce = 1333 m; keeps the fit inside the first bounce)
  [00:00] generating grid (TFI, position-dependent beta) ...
  [00:11] jacobian  : ALL +   |J| 189.8 .. 405
  [00:11] grid angle: 81.6 - 98.4 deg  (90 = orthogonal)
  [00:11] xi-line wander top-to-bottom: 147.7 m  -> FULLY CURVILINEAR
  [00:11] r_x       : max 0.000  median 0.000  OK (<1)
  [00:11] resolution: dx=23.5 m  dz=10.0 m  aspect 0.425
  [00:11] lepticity : h_e=551 m  lambda=dx/h_e=0.0427  Gamma~0.0018  OK (<<1)
  [00:11] beam      : slope 0.7500, bounce 1.33 km, 4.5 bounces across the domain
  [00:11] MOLE jacobian2D on the transposed grid: ALL +
  [00:13] bottom/top BC: w = (z_xi/x_xi) u   |slope| max 0.0000
  [00:13] C: 510 bed rows, 1530 nnz; agrees with bc_residual loop to 0.00e+00
  [00:13] L: n=26214 nnz=459509 (17.5/row) bedmode=post, factorising ...
  [00:14] splu 0.2s
  [00:14] static projection test: div 3.36e-14 OK   bed 8.22e-01 (not enforced in this mode)
  [00:14] seiche mode (4,2): exact omega = 2.213594e-03 1/s  T = 2838.45 s   dt = 7.096 s   2400 steps
  [00:14] initial field projected: div 6.21e-17  bed 5.44e-06

  *** seiche DIVERGED at step 17 ***

